#
# There is insufficient memory for the Java Runtime Environment to continue.
# Native memory allocation (malloc) failed to allocate 2251232 bytes. Error detail: Chunk::new
# Possible reasons:
#   The system is out of physical RAM or swap space
#   This process is running with CompressedOops enabled, and the Java Heap may be blocking the growth of the native heap
# Possible solutions:
#   Reduce memory load on the system
#   Increase physical memory or swap space
#   Check if swap backing store is full
#   Decrease Java heap size (-Xmx/-Xms)
#   Decrease number of Java threads
#   Decrease Java thread stack sizes (-Xss)
#   Set larger code cache with -XX:ReservedCodeCacheSize=
#   JVM is running with Unscaled Compressed Oops mode in which the Java heap is
#     placed in the first 4GB address space. The Java Heap base address is the
#     maximum limit for the native heap growth. Please use -XX:HeapBaseMinAddress
#     to set the Java Heap base and to place the Java Heap above 4GB virtual address.
# This output file may be truncated or incomplete.
#
#  Out of Memory Error (arena.cpp:168), pid=12472, tid=10684
#
# JRE version: OpenJDK Runtime Environment Temurin-21.0.10+7 (21.0.10+7) (build 21.0.10+7-LTS)
# Java VM: OpenJDK 64-Bit Server VM Temurin-21.0.10+7 (21.0.10+7-LTS, mixed mode, sharing, tiered, compressed oops, compressed class ptrs, parallel gc, windows-amd64)
# No core dump will be written. Minidumps are not enabled by default on client versions of Windows
#

---------------  S U M M A R Y ------------

Command Line: --add-modules=ALL-SYSTEM --add-opens=java.base/java.util=ALL-UNNAMED --add-opens=java.base/java.lang=ALL-UNNAMED --add-opens=java.base/sun.nio.fs=ALL-UNNAMED -Declipse.application=org.eclipse.jdt.ls.core.id1 -Dosgi.bundles.defaultStartLevel=4 -Declipse.product=org.eclipse.jdt.ls.core.product -Djava.import.generatesMetadataFilesAtProjectRoot=false -DDetectVMInstallationsJob.disabled=true -Dfile.encoding=utf8 -XX:+UseParallelGC -XX:GCTimeRatio=4 -XX:AdaptiveSizePolicyWeight=90 -Dsun.zip.disableMemoryMapping=true -Xmx2G -Xms100m -Xlog:disable -javaagent:c:\Users\Admin\.kiro\extensions\redhat.java-1.54.0-win32-x64\lombok\lombok-1.18.39-4050.jar -XX:+HeapDumpOnOutOfMemoryError -XX:HeapDumpPath=c:\Users\Admin\AppData\Roaming\Kiro\User\workspaceStorage\e83c676382f64ffc09d522b9f8caf3cf\redhat.java -Daether.dependencyCollector.impl=bf c:\Users\Admin\.kiro\extensions\redhat.java-1.54.0-win32-x64\server\plugins\org.eclipse.equinox.launcher_1.7.100.v20251111-0406.jar -configuration c:\Users\Admin\AppData\Roaming\Kiro\User\globalStorage\redhat.java\1.54.0\config_win -data c:\Users\Admin\AppData\Roaming\Kiro\User\workspaceStorage\e83c676382f64ffc09d522b9f8caf3cf\redhat.java\jdt_ws --pipe=\\.\pipe\lsp-b973b5292b98d8f14968a41caf4b7653-sock

Host: 11th Gen Intel(R) Core(TM) i7-11800H @ 2.30GHz, 16 cores, 15G,  Windows 11 , 64 bit Build 26100 (10.0.26100.7705)
Time: Sat May 30 21:47:33 2026 SE Asia Standard Time elapsed time: 9.561713 seconds (0d 0h 0m 9s)

---------------  T H R E A D  ---------------

Current thread (0x00000171c74be390):  JavaThread "C2 CompilerThread1" daemon [_thread_in_native, id=10684, stack(0x0000001f78f00000,0x0000001f79000000) (1024K)]


Current CompileTask:
C2:9561 9291       4       org.eclipse.jdt.internal.compiler.lookup.BinaryTypeBinding::createMethod (1666 bytes)

Stack: [0x0000001f78f00000,0x0000001f79000000]
Native frames: (J=compiled Java code, j=interpreted, Vv=VM code, C=native code)
V  [jvm.dll+0x6d7a39]
V  [jvm.dll+0x8b4b26]
V  [jvm.dll+0x8b70de]
V  [jvm.dll+0x8b77c3]
V  [jvm.dll+0x284346]
V  [jvm.dll+0xc66ed]
V  [jvm.dll+0xc6c31]
V  [jvm.dll+0x3bec3b]
V  [jvm.dll+0x38b162]
V  [jvm.dll+0x38a5aa]
V  [jvm.dll+0x24c560]
V  [jvm.dll+0x24bb40]
V  [jvm.dll+0x1cb34e]
V  [jvm.dll+0x25b85d]
V  [jvm.dll+0x259dea]
V  [jvm.dll+0x3f857e]
V  [jvm.dll+0x85f59d]
V  [jvm.dll+0x6d626d]
C  [ucrtbase.dll+0x37b0]
C  [KERNEL32.DLL+0x2e8d7]
C  [ntdll.dll+0x8c40c]


---------------  P R O C E S S  ---------------

Threads class SMR info:
_java_thread_list=0x00000171c8be9a70, length=103, elements={
0x00000171e748eff0, 0x00000171e743e040, 0x00000171e7530e50, 0x00000171e7537920,
0x00000171e7537f90, 0x00000171e753be40, 0x00000171e75402f0, 0x00000171e754c990,
0x00000171e754e2e0, 0x00000171ff2d3970, 0x00000171ff4542a0, 0x00000171ff4da290,
0x00000171ff578270, 0x00000171c67db830, 0x00000171c67bf3e0, 0x00000171c6a37bb0,
0x00000171c6e666f0, 0x00000171c71b7db0, 0x00000171c703b260, 0x00000171c74be390,
0x00000171c74c1a10, 0x00000171c752e830, 0x00000171c74c05a0, 0x00000171c706c640,
0x00000171c7069850, 0x00000171c70691c0, 0x00000171c706b290, 0x00000171c706b920,
0x00000171c706bfb0, 0x00000171c9563020, 0x00000171c9562300, 0x00000171c9562990,
0x00000171c95636b0, 0x00000171c95615e0, 0x00000171c95608c0, 0x00000171c9560f50,
0x00000171c95650f0, 0x00000171c9563d40, 0x00000171c95643d0, 0x00000171c9564a60,
0x00000171c9561c70, 0x00000171c95671c0, 0x00000171c9565780, 0x00000171c95664a0,
0x00000171c9566b30, 0x00000171c9567850, 0x00000171c9565e10, 0x00000171c9567ee0,
0x00000171c8fd9490, 0x00000171c8fd80e0, 0x00000171c8fd73c0, 0x00000171c8fd7a50,
0x00000171c8fd66a0, 0x00000171c8fd8770, 0x00000171c8fd8e00, 0x00000171c8fd6010,
0x00000171c8fd9b20, 0x00000171c8fda1b0, 0x00000171c8fd6d30, 0x00000171c8fdaed0,
0x00000171c8fda840, 0x00000171c8fdd630, 0x00000171c8fdb560, 0x00000171c8fdbbf0,
0x00000171c8fdc280, 0x00000171c9b88180, 0x00000171c9b8a250, 0x00000171c9b88810,
0x00000171c9b8a8e0, 0x00000171c9b89530, 0x00000171c9b89bc0, 0x00000171c9b88ea0,
0x00000171c9b8af70, 0x00000171c9b8b600, 0x00000171c994e2a0, 0x00000171c994e930,
0x00000171c9951720, 0x00000171c9950a00, 0x00000171c9951090, 0x00000171c9951db0,
0x00000171c9952440, 0x00000171c994efc0, 0x00000171c9950370, 0x00000171c9952ad0,
0x00000171c994f650, 0x00000171c9953160, 0x00000171c994fce0, 0x00000171c9953e80,
0x00000171c9954510, 0x00000171c99537f0, 0x00000171c9954ba0, 0x00000171c9955230,
0x00000171c99558c0, 0x00000171c9508940, 0x00000171c9509660, 0x00000171c74bea60,
0x00000171c9507590, 0x00000171c950a380, 0x00000171c950b0a0, 0x00000171c9507c20,
0x00000171c950b730, 0x00000171c95082b0, 0x00000171c950bdc0
}

Java Threads: ( => current thread )
  0x00000171e748eff0 JavaThread "main"                              [_thread_blocked, id=23772, stack(0x0000001f77f00000,0x0000001f78000000) (1024K)]
  0x00000171e743e040 JavaThread "Reference Handler"          daemon [_thread_blocked, id=7320, stack(0x0000001f78300000,0x0000001f78400000) (1024K)]
  0x00000171e7530e50 JavaThread "Finalizer"                  daemon [_thread_blocked, id=7348, stack(0x0000001f78400000,0x0000001f78500000) (1024K)]
  0x00000171e7537920 JavaThread "Signal Dispatcher"          daemon [_thread_blocked, id=7360, stack(0x0000001f78500000,0x0000001f78600000) (1024K)]
  0x00000171e7537f90 JavaThread "Attach Listener"            daemon [_thread_blocked, id=7364, stack(0x0000001f78600000,0x0000001f78700000) (1024K)]
  0x00000171e753be40 JavaThread "Service Thread"             daemon [_thread_blocked, id=5408, stack(0x0000001f78700000,0x0000001f78800000) (1024K)]
  0x00000171e75402f0 JavaThread "Monitor Deflation Thread"   daemon [_thread_blocked, id=4576, stack(0x0000001f78800000,0x0000001f78900000) (1024K)]
  0x00000171e754c990 JavaThread "C2 CompilerThread0"         daemon [_thread_in_native, id=6160, stack(0x0000001f78900000,0x0000001f78a00000) (1024K)]
  0x00000171e754e2e0 JavaThread "C1 CompilerThread0"         daemon [_thread_blocked, id=6548, stack(0x0000001f78a00000,0x0000001f78b00000) (1024K)]
  0x00000171ff2d3970 JavaThread "C1 CompilerThread1"         daemon [_thread_in_native, id=7152, stack(0x0000001f78b00000,0x0000001f78c00000) (1024K)]
  0x00000171ff4542a0 JavaThread "Common-Cleaner"             daemon [_thread_blocked, id=7228, stack(0x0000001f78d00000,0x0000001f78e00000) (1024K)]
  0x00000171ff4da290 JavaThread "C1 CompilerThread2"         daemon [_thread_in_vm, id=7224, stack(0x0000001f78e00000,0x0000001f78f00000) (1024K)]
  0x00000171ff578270 JavaThread "Notification Thread"        daemon [_thread_blocked, id=7252, stack(0x0000001f79000000,0x0000001f79100000) (1024K)]
  0x00000171c67db830 JavaThread "Active Thread: Equinox Container: bd3c4b8d-f77d-4097-a694-232e9003a4f2"        [_thread_blocked, id=7352, stack(0x0000001f79a00000,0x0000001f79b00000) (1024K)]
  0x00000171c67bf3e0 JavaThread "Refresh Thread: Equinox Container: bd3c4b8d-f77d-4097-a694-232e9003a4f2" daemon [_thread_blocked, id=26296, stack(0x0000001f79c00000,0x0000001f79d00000) (1024K)]
  0x00000171c6a37bb0 JavaThread "Framework Event Dispatcher: Equinox Container: bd3c4b8d-f77d-4097-a694-232e9003a4f2" daemon [_thread_blocked, id=17676, stack(0x0000001f79d00000,0x0000001f79e00000) (1024K)]
  0x00000171c6e666f0 JavaThread "Start Level: Equinox Container: bd3c4b8d-f77d-4097-a694-232e9003a4f2" daemon [_thread_blocked, id=24484, stack(0x0000001f79e00000,0x0000001f79f00000) (1024K)]
  0x00000171c71b7db0 JavaThread "Bundle File Closer"         daemon [_thread_blocked, id=17832, stack(0x0000001f7a200000,0x0000001f7a300000) (1024K)]
  0x00000171c703b260 JavaThread "SCR Component Actor"        daemon [_thread_blocked, id=25520, stack(0x0000001f78c00000,0x0000001f78d00000) (1024K)]
=>0x00000171c74be390 JavaThread "C2 CompilerThread1"         daemon [_thread_in_native, id=10684, stack(0x0000001f78f00000,0x0000001f79000000) (1024K)]
  0x00000171c74c1a10 JavaThread "C2 CompilerThread2"         daemon [_thread_in_native, id=11956, stack(0x0000001f79100000,0x0000001f79200000) (1024K)]
  0x00000171c752e830 JavaThread "Worker-JM"                         [_thread_blocked, id=18004, stack(0x0000001f79900000,0x0000001f79a00000) (1024K)]
  0x00000171c74c05a0 JavaThread "C1 CompilerThread3"         daemon [_thread_blocked, id=2096, stack(0x0000001f7a500000,0x0000001f7a600000) (1024K)]
  0x00000171c706c640 JavaThread "JNA Cleaner"                daemon [_thread_blocked, id=25432, stack(0x0000001f7a600000,0x0000001f7a700000) (1024K)]
  0x00000171c7069850 JavaThread "Worker-0"                          [_thread_blocked, id=27956, stack(0x0000001f79200000,0x0000001f79300000) (1024K)]
  0x00000171c70691c0 JavaThread "Worker-1"                          [_thread_blocked, id=25348, stack(0x0000001f7a700000,0x0000001f7a800000) (1024K)]
  0x00000171c706b290 JavaThread "Worker-2: Building"                [_thread_blocked, id=26068, stack(0x0000001f7a800000,0x0000001f7a900000) (1024K)]
  0x00000171c706b920 JavaThread "Java indexing"              daemon [_thread_blocked, id=20836, stack(0x0000001f7aa00000,0x0000001f7ab00000) (1024K)]
  0x00000171c706bfb0 JavaThread "Worker-3"                          [_thread_blocked, id=22876, stack(0x0000001f7ab00000,0x0000001f7ac00000) (1024K)]
  0x00000171c9563020 JavaThread "Thread-1"                   daemon [_thread_in_native, id=19472, stack(0x0000001f7ae00000,0x0000001f7af00000) (1024K)]
  0x00000171c9562300 JavaThread "Thread-2"                   daemon [_thread_in_native, id=23044, stack(0x0000001f7af00000,0x0000001f7b000000) (1024K)]
  0x00000171c9562990 JavaThread "Thread-3"                   daemon [_thread_in_native, id=28236, stack(0x0000001f7b000000,0x0000001f7b100000) (1024K)]
  0x00000171c95636b0 JavaThread "Thread-4"                   daemon [_thread_in_native, id=16912, stack(0x0000001f7b100000,0x0000001f7b200000) (1024K)]
  0x00000171c95615e0 JavaThread "Thread-5"                   daemon [_thread_in_native, id=16408, stack(0x0000001f7b200000,0x0000001f7b300000) (1024K)]
  0x00000171c95608c0 JavaThread "Thread-6"                   daemon [_thread_in_native, id=13092, stack(0x0000001f7b300000,0x0000001f7b400000) (1024K)]
  0x00000171c9560f50 JavaThread "Thread-7"                   daemon [_thread_in_native, id=28224, stack(0x0000001f7b400000,0x0000001f7b500000) (1024K)]
  0x00000171c95650f0 JavaThread "Thread-8"                   daemon [_thread_in_native, id=20756, stack(0x0000001f7b500000,0x0000001f7b600000) (1024K)]
  0x00000171c9563d40 JavaThread "Thread-9"                   daemon [_thread_in_native, id=5092, stack(0x0000001f7b600000,0x0000001f7b700000) (1024K)]
  0x00000171c95643d0 JavaThread "Thread-10"                  daemon [_thread_in_native, id=14044, stack(0x0000001f7b700000,0x0000001f7b800000) (1024K)]
  0x00000171c9564a60 JavaThread "Thread-11"                  daemon [_thread_in_native, id=2592, stack(0x0000001f7b800000,0x0000001f7b900000) (1024K)]
  0x00000171c9561c70 JavaThread "Thread-12"                  daemon [_thread_in_native, id=27036, stack(0x0000001f7b900000,0x0000001f7ba00000) (1024K)]
  0x00000171c95671c0 JavaThread "Thread-13"                  daemon [_thread_in_native, id=26272, stack(0x0000001f7ba00000,0x0000001f7bb00000) (1024K)]
  0x00000171c9565780 JavaThread "Thread-14"                  daemon [_thread_in_native, id=3732, stack(0x0000001f7bb00000,0x0000001f7bc00000) (1024K)]
  0x00000171c95664a0 JavaThread "Thread-15"                  daemon [_thread_in_native, id=22284, stack(0x0000001f7bc00000,0x0000001f7bd00000) (1024K)]
  0x00000171c9566b30 JavaThread "Thread-16"                  daemon [_thread_in_native, id=27324, stack(0x0000001f7bd00000,0x0000001f7be00000) (1024K)]
  0x00000171c9567850 JavaThread "Thread-17"                  daemon [_thread_in_native, id=28176, stack(0x0000001f7be00000,0x0000001f7bf00000) (1024K)]
  0x00000171c9565e10 JavaThread "Worker-4"                          [_thread_blocked, id=18868, stack(0x0000001f7bf00000,0x0000001f7c000000) (1024K)]
  0x00000171c9567ee0 JavaThread "pool-2-thread-1"                   [_thread_blocked, id=24752, stack(0x0000001f7c000000,0x0000001f7c100000) (1024K)]
  0x00000171c8fd9490 JavaThread "WorkspaceEventsHandler"            [_thread_blocked, id=23840, stack(0x0000001f7c100000,0x0000001f7c200000) (1024K)]
  0x00000171c8fd80e0 JavaThread "pool-1-thread-1"                   [_thread_blocked, id=27396, stack(0x0000001f7c200000,0x0000001f7c300000) (1024K)]
  0x00000171c8fd73c0 JavaThread "ForkJoinPool.commonPool-worker-1" daemon [_thread_blocked, id=9884, stack(0x0000001f7c300000,0x0000001f7c400000) (1024K)]
  0x00000171c8fd7a50 JavaThread "ForkJoinPool.commonPool-worker-2" daemon [_thread_blocked, id=24992, stack(0x0000001f7c400000,0x0000001f7c500000) (1024K)]
  0x00000171c8fd66a0 JavaThread "ForkJoinPool.commonPool-worker-3" daemon [_thread_blocked, id=9740, stack(0x0000001f7c500000,0x0000001f7c600000) (1024K)]
  0x00000171c8fd8770 JavaThread "ForkJoinPool.commonPool-worker-4" daemon [_thread_blocked, id=8500, stack(0x0000001f7c600000,0x0000001f7c700000) (1024K)]
  0x00000171c8fd8e00 JavaThread "ForkJoinPool.commonPool-worker-5" daemon [_thread_blocked, id=15284, stack(0x0000001f7c700000,0x0000001f7c800000) (1024K)]
  0x00000171c8fd6010 JavaThread "ForkJoinPool.commonPool-worker-6" daemon [_thread_blocked, id=27972, stack(0x0000001f7c800000,0x0000001f7c900000) (1024K)]
  0x00000171c8fd9b20 JavaThread "ForkJoinPool.commonPool-worker-7" daemon [_thread_blocked, id=25364, stack(0x0000001f7c900000,0x0000001f7ca00000) (1024K)]
  0x00000171c8fda1b0 JavaThread "ForkJoinPool.commonPool-worker-8" daemon [_thread_blocked, id=16276, stack(0x0000001f7ca00000,0x0000001f7cb00000) (1024K)]
  0x00000171c8fd6d30 JavaThread "ForkJoinPool.commonPool-worker-9" daemon [_thread_blocked, id=6016, stack(0x0000001f7cb00000,0x0000001f7cc00000) (1024K)]
  0x00000171c8fdaed0 JavaThread "ForkJoinPool.commonPool-worker-11" daemon [_thread_blocked, id=27408, stack(0x0000001f7cc00000,0x0000001f7cd00000) (1024K)]
  0x00000171c8fda840 JavaThread "ForkJoinPool.commonPool-worker-10" daemon [_thread_blocked, id=27872, stack(0x0000001f7cd00000,0x0000001f7ce00000) (1024K)]
  0x00000171c8fdd630 JavaThread "ForkJoinPool.commonPool-worker-12" daemon [_thread_blocked, id=3692, stack(0x0000001f7ce00000,0x0000001f7cf00000) (1024K)]
  0x00000171c8fdb560 JavaThread "ForkJoinPool.commonPool-worker-13" daemon [_thread_blocked, id=14532, stack(0x0000001f7cf00000,0x0000001f7d000000) (1024K)]
  0x00000171c8fdbbf0 JavaThread "ForkJoinPool.commonPool-worker-14" daemon [_thread_blocked, id=17668, stack(0x0000001f7d000000,0x0000001f7d100000) (1024K)]
  0x00000171c8fdc280 JavaThread "ForkJoinPool.commonPool-worker-15" daemon [_thread_blocked, id=14760, stack(0x0000001f7d100000,0x0000001f7d200000) (1024K)]
  0x00000171c9b88180 JavaThread "LocalFile Deleter"          daemon [_thread_blocked, id=11752, stack(0x0000001f7d200000,0x0000001f7d300000) (1024K)]
  0x00000171c9b8a250 JavaThread "LocalFile Deleter"          daemon [_thread_blocked, id=7040, stack(0x0000001f7d300000,0x0000001f7d400000) (1024K)]
  0x00000171c9b88810 JavaThread "LocalFile Deleter"          daemon [_thread_blocked, id=3436, stack(0x0000001f7d400000,0x0000001f7d500000) (1024K)]
  0x00000171c9b8a8e0 JavaThread "LocalFile Deleter"          daemon [_thread_blocked, id=25272, stack(0x0000001f7d500000,0x0000001f7d600000) (1024K)]
  0x00000171c9b89530 JavaThread "LocalFile Deleter"          daemon [_thread_blocked, id=7480, stack(0x0000001f7d600000,0x0000001f7d700000) (1024K)]
  0x00000171c9b89bc0 JavaThread "LocalFile Deleter"          daemon [_thread_blocked, id=5000, stack(0x0000001f7d700000,0x0000001f7d800000) (1024K)]
  0x00000171c9b88ea0 JavaThread "LocalFile Deleter"          daemon [_thread_blocked, id=15700, stack(0x0000001f7d800000,0x0000001f7d900000) (1024K)]
  0x00000171c9b8af70 JavaThread "LocalFile Deleter"          daemon [_thread_blocked, id=7560, stack(0x0000001f7d900000,0x0000001f7da00000) (1024K)]
  0x00000171c9b8b600 JavaThread "LocalFile Deleter"          daemon [_thread_blocked, id=2980, stack(0x0000001f7da00000,0x0000001f7db00000) (1024K)]
  0x00000171c994e2a0 JavaThread "LocalFile Deleter"          daemon [_thread_blocked, id=27604, stack(0x0000001f7db00000,0x0000001f7dc00000) (1024K)]
  0x00000171c994e930 JavaThread "LocalFile Deleter"          daemon [_thread_blocked, id=26160, stack(0x0000001f7dc00000,0x0000001f7dd00000) (1024K)]
  0x00000171c9951720 JavaThread "LocalFile Deleter"          daemon [_thread_blocked, id=15764, stack(0x0000001f7dd00000,0x0000001f7de00000) (1024K)]
  0x00000171c9950a00 JavaThread "LocalFile Deleter"          daemon [_thread_blocked, id=6936, stack(0x0000001f7de00000,0x0000001f7df00000) (1024K)]
  0x00000171c9951090 JavaThread "LocalFile Deleter"          daemon [_thread_blocked, id=12432, stack(0x0000001f7df00000,0x0000001f7e000000) (1024K)]
  0x00000171c9951db0 JavaThread "LocalFile Deleter"          daemon [_thread_blocked, id=15328, stack(0x0000001f7e000000,0x0000001f7e100000) (1024K)]
  0x00000171c9952440 JavaThread "LocalFile Deleter"          daemon [_thread_blocked, id=25860, stack(0x0000001f7e100000,0x0000001f7e200000) (1024K)]
  0x00000171c994efc0 JavaThread "Compiler Source File Reader" daemon [_thread_blocked, id=24804, stack(0x0000001f7e200000,0x0000001f7e300000) (1024K)]
  0x00000171c9950370 JavaThread "Compiler Source File Reader" daemon [_thread_blocked, id=27092, stack(0x0000001f7e300000,0x0000001f7e400000) (1024K)]
  0x00000171c9952ad0 JavaThread "Compiler Source File Reader" daemon [_thread_blocked, id=5848, stack(0x0000001f7e400000,0x0000001f7e500000) (1024K)]
  0x00000171c994f650 JavaThread "Compiler Source File Reader" daemon [_thread_blocked, id=18464, stack(0x0000001f7e500000,0x0000001f7e600000) (1024K)]
  0x00000171c9953160 JavaThread "Compiler Source File Reader" daemon [_thread_blocked, id=11788, stack(0x0000001f7e600000,0x0000001f7e700000) (1024K)]
  0x00000171c994fce0 JavaThread "Compiler Source File Reader" daemon [_thread_blocked, id=10872, stack(0x0000001f7e700000,0x0000001f7e800000) (1024K)]
  0x00000171c9953e80 JavaThread "Compiler Source File Reader" daemon [_thread_blocked, id=20820, stack(0x0000001f7e800000,0x0000001f7e900000) (1024K)]
  0x00000171c9954510 JavaThread "Compiler Source File Reader" daemon [_thread_blocked, id=6152, stack(0x0000001f7e900000,0x0000001f7ea00000) (1024K)]
  0x00000171c99537f0 JavaThread "Compiler Source File Reader" daemon [_thread_blocked, id=25388, stack(0x0000001f7ea00000,0x0000001f7eb00000) (1024K)]
  0x00000171c9954ba0 JavaThread "Compiler Source File Reader" daemon [_thread_blocked, id=27400, stack(0x0000001f7eb00000,0x0000001f7ec00000) (1024K)]
  0x00000171c9955230 JavaThread "Compiler Source File Reader" daemon [_thread_blocked, id=15020, stack(0x0000001f7ec00000,0x0000001f7ed00000) (1024K)]
  0x00000171c99558c0 JavaThread "Compiler Source File Reader" daemon [_thread_blocked, id=12336, stack(0x0000001f7ed00000,0x0000001f7ee00000) (1024K)]
  0x00000171c9508940 JavaThread "Compiler Source File Reader" daemon [_thread_blocked, id=9156, stack(0x0000001f7ee00000,0x0000001f7ef00000) (1024K)]
  0x00000171c9509660 JavaThread "Compiler Source File Reader" daemon [_thread_blocked, id=26756, stack(0x0000001f7ef00000,0x0000001f7f000000) (1024K)]
  0x00000171c74bea60 JavaThread "C2 CompilerThread3"         daemon [_thread_in_native, id=6496, stack(0x0000001f7a900000,0x0000001f7aa00000) (1024K)]
  0x00000171c9507590 JavaThread "Compiler Processing Task"   daemon [_thread_in_vm, id=4608, stack(0x0000001f7f000000,0x0000001f7f100000) (1024K)]
  0x00000171c950a380 JavaThread "Compiler Class File Writer" daemon [_thread_blocked, id=18708, stack(0x0000001f7f100000,0x0000001f7f200000) (1024K)]
  0x00000171c950b0a0 JavaThread "Compiler Class File Writer" daemon [_thread_blocked, id=4692, stack(0x0000001f7f200000,0x0000001f7f300000) (1024K)]
  0x00000171c9507c20 JavaThread "Compiler Class File Writer" daemon [_thread_blocked, id=6780, stack(0x0000001f7f300000,0x0000001f7f400000) (1024K)]
  0x00000171c950b730 JavaThread "Compiler Class File Writer" daemon [_thread_blocked, id=27368, stack(0x0000001f7f400000,0x0000001f7f500000) (1024K)]
  0x00000171c95082b0 JavaThread "Compiler Class File Writer" daemon [_thread_blocked, id=13844, stack(0x0000001f7f500000,0x0000001f7f600000) (1024K)]
  0x00000171c950bdc0 JavaThread "Compiler Class File Writer" daemon [_thread_blocked, id=17596, stack(0x0000001f7f600000,0x0000001f7f700000) (1024K)]
Total: 103

Other Threads:
  0x00000171e7424900 VMThread "VM Thread"                           [id=3264, stack(0x0000001f78200000,0x0000001f78300000) (1024K)]
  0x00000171e74fc020 WatcherThread "VM Periodic Task Thread"        [id=8404, stack(0x0000001f78100000,0x0000001f78200000) (1024K)]
  0x00000171e74ada70 WorkerThread "GC Thread#0"                     [id=4068, stack(0x0000001f78000000,0x0000001f78100000) (1024K)]
  0x00000171c68f5fa0 WorkerThread "GC Thread#1"                     [id=7272, stack(0x0000001f79300000,0x0000001f79400000) (1024K)]
  0x00000171c6689a30 WorkerThread "GC Thread#2"                     [id=7276, stack(0x0000001f79400000,0x0000001f79500000) (1024K)]
  0x00000171c6689de0 WorkerThread "GC Thread#3"                     [id=7280, stack(0x0000001f79500000,0x0000001f79600000) (1024K)]
  0x00000171c668a190 WorkerThread "GC Thread#4"                     [id=7288, stack(0x0000001f79600000,0x0000001f79700000) (1024K)]
  0x00000171c683c4e0 WorkerThread "GC Thread#5"                     [id=7284, stack(0x0000001f79700000,0x0000001f79800000) (1024K)]
  0x00000171c683c890 WorkerThread "GC Thread#6"                     [id=7292, stack(0x0000001f79800000,0x0000001f79900000) (1024K)]
  0x00000171c6db1160 WorkerThread "GC Thread#7"                     [id=7380, stack(0x0000001f79b00000,0x0000001f79c00000) (1024K)]
  0x00000171c6db18c0 WorkerThread "GC Thread#8"                     [id=23808, stack(0x0000001f79f00000,0x0000001f7a000000) (1024K)]
  0x00000171c6db2780 WorkerThread "GC Thread#9"                     [id=9804, stack(0x0000001f7a000000,0x0000001f7a100000) (1024K)]
  0x00000171c6db1510 WorkerThread "GC Thread#10"                    [id=19732, stack(0x0000001f7a100000,0x0000001f7a200000) (1024K)]
  0x00000171c6db2020 WorkerThread "GC Thread#11"                    [id=17696, stack(0x0000001f7a300000,0x0000001f7a400000) (1024K)]
  0x00000171c6db0db0 WorkerThread "GC Thread#12"                    [id=6828, stack(0x0000001f7a400000,0x0000001f7a500000) (1024K)]
Total: 15

Threads with active compile tasks:
C2 CompilerThread0  9586 9694       4       lombok.eclipse.EclipseNode::traverse (800 bytes)
C2 CompilerThread1  9586 9291       4       org.eclipse.jdt.internal.compiler.lookup.BinaryTypeBinding::createMethod (1666 bytes)
C2 CompilerThread2  9586 8663   !   4       lombok.core.FieldAugment$ReflectionFieldAugment::getAndSet (80 bytes)
C2 CompilerThread3  9587 8664       4       lombok.eclipse.handlers.EclipseHandlerUtil::setGeneratedBy (10 bytes)
Total: 4

VM state: not at safepoint (normal execution)

VM Mutex/Monitor currently owned by a thread: None

Heap address: 0x0000000080000000, size: 2048 MB, Compressed Oops mode: 32-bit

CDS archive(s) mapped at: [0x0000017180000000-0x0000017180ba0000-0x0000017180ba0000), size 12189696, SharedBaseAddress: 0x0000017180000000, ArchiveRelocationMode: 1.
Compressed class space mapped at: 0x0000017181000000-0x00000171c1000000, reserved size: 1073741824
Narrow klass base: 0x0000017180000000, Narrow klass shift: 0, Narrow klass range: 0x100000000

GC Precious Log:
 CardTable entry size: 512
 CPUs: 16 total, 16 available
 Memory: 16085M
 Large Page Support: Disabled
 NUMA Support: Disabled
 Compressed Oops: Enabled (32-bit)
 Alignments: Space 512K, Generation 512K, Heap 2M
 Heap Min Capacity: 100M
 Heap Initial Capacity: 100M
 Heap Max Capacity: 2G
 Pre-touch: Disabled
 Parallel Workers: 13

Heap:
 PSYoungGen      total 24576K, used 7333K [0x00000000d5580000, 0x00000000d7100000, 0x0000000100000000)
  eden space 22016K, 23% used [0x00000000d5580000,0x00000000d5a98f98,0x00000000d6b00000)
  from space 2560K, 82% used [0x00000000d6e80000,0x00000000d70905a8,0x00000000d7100000)
  to   space 2560K, 0% used [0x00000000d6c00000,0x00000000d6c00000,0x00000000d6e80000)
 ParOldGen       total 68608K, used 59838K [0x0000000080000000, 0x0000000084300000, 0x00000000d5580000)
  object space 68608K, 87% used [0x0000000080000000,0x0000000083a6f808,0x0000000084300000)
 Metaspace       used 58376K, committed 59776K, reserved 1114112K
  class space    used 6183K, committed 6848K, reserved 1048576K

Card table byte_map: [0x00000171e6e30000,0x00000171e7240000] _byte_map_base: 0x00000171e6a30000

Marking Bits: (ParMarkBitMap*) 0x00007ffd22823450
 Begin Bits: [0x00000171f9940000, 0x00000171fb940000)
 End Bits:   [0x00000171fb940000, 0x00000171fd940000)

Polling page: 0x00000171e5260000

Metaspace:

Usage:
  Non-class:     50.97 MB used.
      Class:      6.04 MB used.
       Both:     57.01 MB used.

Virtual space:
  Non-class space:       64.00 MB reserved,      51.69 MB ( 81%) committed,  1 nodes.
      Class space:        1.00 GB reserved,       6.69 MB ( <1%) committed,  1 nodes.
             Both:        1.06 GB reserved,      58.38 MB (  5%) committed. 

Chunk freelists:
   Non-Class:  12.02 MB
       Class:  9.30 MB
        Both:  21.31 MB

MaxMetaspaceSize: unlimited
CompressedClassSpaceSize: 1.00 GB
Initial GC threshold: 21.00 MB
Current GC threshold: 58.38 MB
CDS: on
 - commit_granule_bytes: 65536.
 - commit_granule_words: 8192.
 - virtual_space_node_default_size: 8388608.
 - enlarge_chunks_in_place: 1.
 - use_allocation_guard: 0.


Internal statistics:

num_allocs_failed_limit: 8.
num_arena_births: 1138.
num_arena_deaths: 14.
num_vsnodes_births: 2.
num_vsnodes_deaths: 0.
num_space_committed: 934.
num_space_uncommitted: 0.
num_chunks_returned_to_freelist: 22.
num_chunks_taken_from_freelist: 3824.
num_chunk_merges: 14.
num_chunk_splits: 2375.
num_chunks_enlarged: 1390.
num_inconsistent_stats: 0.

CodeHeap 'non-profiled nmethods': size=119168Kb used=5262Kb max_used=5262Kb free=113906Kb
 bounds [0x00000171f2230000, 0x00000171f2760000, 0x00000171f9690000]
CodeHeap 'profiled nmethods': size=119104Kb used=21491Kb max_used=21491Kb free=97612Kb
 bounds [0x00000171ea690000, 0x00000171ebb90000, 0x00000171f1ae0000]
CodeHeap 'non-nmethods': size=7488Kb used=3104Kb max_used=3177Kb free=4384Kb
 bounds [0x00000171f1ae0000, 0x00000171f1e00000, 0x00000171f2230000]
CodeCache: size=245760Kb, used=29857Kb, max_used=29930Kb, free=215902Kb
 total_blobs=9838, nmethods=9126, adapters=615, full_count=0
Compilation: enabled, stopped_count=0, restarted_count=0

Compilation events (20 events):
Event: 9.523 Thread 0x00000171ff2d3970 9663       3       java.lang.StringBuilder::getChars (10 bytes)
Event: 9.523 Thread 0x00000171e754e2e0 9664       3       java.lang.AbstractStringBuilder::getChars (69 bytes)
Event: 9.523 Thread 0x00000171c74c05a0 9665       3       org.eclipse.jdt.internal.compiler.util.Util::getLineNumber (89 bytes)
Event: 9.523 Thread 0x00000171ff2d3970 nmethod 9663 0x00000171ebb56090 code [0x00000171ebb56240, 0x00000171ebb56380]
Event: 9.523 Thread 0x00000171c74c05a0 nmethod 9665 0x00000171ebb56410 code [0x00000171ebb56600, 0x00000171ebb56a00]
Event: 9.523 Thread 0x00000171e754e2e0 nmethod 9664 0x00000171ebb56b90 code [0x00000171ebb56da0, 0x00000171ebb572e0]
Event: 9.524 Thread 0x00000171c74c05a0 9667       3       org.eclipse.jdt.internal.compiler.codegen.CodeStream::recordPositionsFrom (813 bytes)
Event: 9.524 Thread 0x00000171e754e2e0 9666       3       org.eclipse.jdt.internal.compiler.codegen.CodeStream::recordPositionsFrom (8 bytes)
Event: 9.525 Thread 0x00000171ff2d3970 9668       1       org.eclipse.jdt.internal.compiler.ast.ASTNode::isSuper (2 bytes)
Event: 9.525 Thread 0x00000171ff4da290 9669       3       org.eclipse.jdt.internal.compiler.codegen.CodeStream::isDefinitelyAssigned (123 bytes)
Event: 9.525 Thread 0x00000171ff2d3970 nmethod 9668 0x00000171f274dc10 code [0x00000171f274dda0, 0x00000171f274de68]
Event: 9.525 Thread 0x00000171e754e2e0 nmethod 9666 0x00000171ebb57510 code [0x00000171ebb576c0, 0x00000171ebb57888]
Event: 9.525 Thread 0x00000171e754e2e0 9670       3       java.util.Vector::elementData (7 bytes)
Event: 9.525 Thread 0x00000171ff2d3970 9671  s    3       java.util.Stack::peek (25 bytes)
Event: 9.525 Thread 0x00000171e754e2e0 nmethod 9670 0x00000171ebb57990 code [0x00000171ebb57b40, 0x00000171ebb57c78]
Event: 9.525 Thread 0x00000171e754e2e0 9672  s    3       java.util.Vector::elementAt (48 bytes)
Event: 9.525 Thread 0x00000171ff2d3970 nmethod 9671 0x00000171ebb57d90 code [0x00000171ebb57f60, 0x00000171ebb58420]
Event: 9.525 Thread 0x00000171ff4da290 nmethod 9669 0x00000171ebb58590 code [0x00000171ebb587c0, 0x00000171ebb58fc8]
Event: 9.526 Thread 0x00000171e754e2e0 nmethod 9672 0x00000171ebb59290 code [0x00000171ebb594e0, 0x00000171ebb59d70]
Event: 9.526 Thread 0x00000171c74c05a0 nmethod 9667 0x00000171ebb5a110 code [0x00000171ebb5a400, 0x00000171ebb5b738]

GC Heap History (20 events):
Event: 7.603 GC heap before
{Heap before GC invocations=27 (full 2):
 PSYoungGen      total 22528K, used 22528K [0x00000000d5580000, 0x00000000d7400000, 0x0000000100000000)
  eden space 22016K, 100% used [0x00000000d5580000,0x00000000d6b00000,0x00000000d6b00000)
  from space 512K, 100% used [0x00000000d7200000,0x00000000d7280000,0x00000000d7280000)
  to   space 4608K, 0% used [0x00000000d6b00000,0x00000000d6b00000,0x00000000d6f80000)
 ParOldGen       total 68608K, used 44563K [0x0000000080000000, 0x0000000084300000, 0x00000000d5580000)
  object space 68608K, 64% used [0x0000000080000000,0x0000000082b84e90,0x0000000084300000)
 Metaspace       used 48674K, committed 49984K, reserved 1114112K
  class space    used 5267K, committed 5824K, reserved 1048576K
}
Event: 7.605 GC heap after
{Heap after GC invocations=27 (full 2):
 PSYoungGen      total 26624K, used 2240K [0x00000000d5580000, 0x00000000d7280000, 0x0000000100000000)
  eden space 22016K, 0% used [0x00000000d5580000,0x00000000d5580000,0x00000000d6b00000)
  from space 4608K, 48% used [0x00000000d6b00000,0x00000000d6d30010,0x00000000d6f80000)
  to   space 3072K, 0% used [0x00000000d6f80000,0x00000000d6f80000,0x00000000d7280000)
 ParOldGen       total 68608K, used 45131K [0x0000000080000000, 0x0000000084300000, 0x00000000d5580000)
  object space 68608K, 65% used [0x0000000080000000,0x0000000082c12e90,0x0000000084300000)
 Metaspace       used 48674K, committed 49984K, reserved 1114112K
  class space    used 5267K, committed 5824K, reserved 1048576K
}
Event: 7.686 GC heap before
{Heap before GC invocations=28 (full 2):
 PSYoungGen      total 26624K, used 24256K [0x00000000d5580000, 0x00000000d7280000, 0x0000000100000000)
  eden space 22016K, 100% used [0x00000000d5580000,0x00000000d6b00000,0x00000000d6b00000)
  from space 4608K, 48% used [0x00000000d6b00000,0x00000000d6d30010,0x00000000d6f80000)
  to   space 3072K, 0% used [0x00000000d6f80000,0x00000000d6f80000,0x00000000d7280000)
 ParOldGen       total 68608K, used 45131K [0x0000000080000000, 0x0000000084300000, 0x00000000d5580000)
  object space 68608K, 65% used [0x0000000080000000,0x0000000082c12e90,0x0000000084300000)
 Metaspace       used 48943K, committed 50176K, reserved 1114112K
  class space    used 5290K, committed 5824K, reserved 1048576K
}
Event: 7.688 GC heap after
{Heap after GC invocations=28 (full 2):
 PSYoungGen      total 24576K, used 2421K [0x00000000d5580000, 0x00000000d7200000, 0x0000000100000000)
  eden space 22016K, 0% used [0x00000000d5580000,0x00000000d5580000,0x00000000d6b00000)
  from space 2560K, 94% used [0x00000000d6f80000,0x00000000d71dd478,0x00000000d7200000)
  to   space 2560K, 0% used [0x00000000d6d00000,0x00000000d6d00000,0x00000000d6f80000)
 ParOldGen       total 68608K, used 47163K [0x0000000080000000, 0x0000000084300000, 0x00000000d5580000)
  object space 68608K, 68% used [0x0000000080000000,0x0000000082e0eea0,0x0000000084300000)
 Metaspace       used 48943K, committed 50176K, reserved 1114112K
  class space    used 5290K, committed 5824K, reserved 1048576K
}
Event: 8.013 GC heap before
{Heap before GC invocations=29 (full 2):
 PSYoungGen      total 24576K, used 24437K [0x00000000d5580000, 0x00000000d7200000, 0x0000000100000000)
  eden space 22016K, 100% used [0x00000000d5580000,0x00000000d6b00000,0x00000000d6b00000)
  from space 2560K, 94% used [0x00000000d6f80000,0x00000000d71dd478,0x00000000d7200000)
  to   space 2560K, 0% used [0x00000000d6d00000,0x00000000d6d00000,0x00000000d6f80000)
 ParOldGen       total 68608K, used 47163K [0x0000000080000000, 0x0000000084300000, 0x00000000d5580000)
  object space 68608K, 68% used [0x0000000080000000,0x0000000082e0eea0,0x0000000084300000)
 Metaspace       used 51409K, committed 52672K, reserved 1114112K
  class space    used 5572K, committed 6080K, reserved 1048576K
}
Event: 8.015 GC heap after
{Heap after GC invocations=29 (full 2):
 PSYoungGen      total 23552K, used 1208K [0x00000000d5580000, 0x00000000d7000000, 0x0000000100000000)
  eden space 22016K, 0% used [0x00000000d5580000,0x00000000d5580000,0x00000000d6b00000)
  from space 1536K, 78% used [0x00000000d6d00000,0x00000000d6e2e308,0x00000000d6e80000)
  to   space 1536K, 0% used [0x00000000d6e80000,0x00000000d6e80000,0x00000000d7000000)
 ParOldGen       total 68608K, used 49008K [0x0000000080000000, 0x0000000084300000, 0x00000000d5580000)
  object space 68608K, 71% used [0x0000000080000000,0x0000000082fdc3f8,0x0000000084300000)
 Metaspace       used 51409K, committed 52672K, reserved 1114112K
  class space    used 5572K, committed 6080K, reserved 1048576K
}
Event: 8.326 GC heap before
{Heap before GC invocations=30 (full 2):
 PSYoungGen      total 23552K, used 23224K [0x00000000d5580000, 0x00000000d7000000, 0x0000000100000000)
  eden space 22016K, 100% used [0x00000000d5580000,0x00000000d6b00000,0x00000000d6b00000)
  from space 1536K, 78% used [0x00000000d6d00000,0x00000000d6e2e308,0x00000000d6e80000)
  to   space 1536K, 0% used [0x00000000d6e80000,0x00000000d6e80000,0x00000000d7000000)
 ParOldGen       total 68608K, used 49008K [0x0000000080000000, 0x0000000084300000, 0x00000000d5580000)
  object space 68608K, 71% used [0x0000000080000000,0x0000000082fdc3f8,0x0000000084300000)
 Metaspace       used 52423K, committed 53632K, reserved 1114112K
  class space    used 5695K, committed 6208K, reserved 1048576K
}
Event: 8.328 GC heap after
{Heap after GC invocations=30 (full 2):
 PSYoungGen      total 22528K, used 480K [0x00000000d5580000, 0x00000000d6f00000, 0x0000000100000000)
  eden space 22016K, 0% used [0x00000000d5580000,0x00000000d5580000,0x00000000d6b00000)
  from space 512K, 93% used [0x00000000d6e80000,0x00000000d6ef8000,0x00000000d6f00000)
  to   space 1024K, 0% used [0x00000000d6d00000,0x00000000d6d00000,0x00000000d6e00000)
 ParOldGen       total 68608K, used 50080K [0x0000000080000000, 0x0000000084300000, 0x00000000d5580000)
  object space 68608K, 72% used [0x0000000080000000,0x00000000830e8068,0x0000000084300000)
 Metaspace       used 52423K, committed 53632K, reserved 1114112K
  class space    used 5695K, committed 6208K, reserved 1048576K
}
Event: 8.515 GC heap before
{Heap before GC invocations=31 (full 2):
 PSYoungGen      total 22528K, used 22496K [0x00000000d5580000, 0x00000000d6f00000, 0x0000000100000000)
  eden space 22016K, 100% used [0x00000000d5580000,0x00000000d6b00000,0x00000000d6b00000)
  from space 512K, 93% used [0x00000000d6e80000,0x00000000d6ef8000,0x00000000d6f00000)
  to   space 1024K, 0% used [0x00000000d6d00000,0x00000000d6d00000,0x00000000d6e00000)
 ParOldGen       total 68608K, used 50080K [0x0000000080000000, 0x0000000084300000, 0x00000000d5580000)
  object space 68608K, 72% used [0x0000000080000000,0x00000000830e8068,0x0000000084300000)
 Metaspace       used 53186K, committed 54400K, reserved 1114112K
  class space    used 5757K, committed 6272K, reserved 1048576K
}
Event: 8.516 GC heap after
{Heap after GC invocations=31 (full 2):
 PSYoungGen      total 23040K, used 1020K [0x00000000d5580000, 0x00000000d7600000, 0x0000000100000000)
  eden space 22016K, 0% used [0x00000000d5580000,0x00000000d5580000,0x00000000d6b00000)
  from space 1024K, 99% used [0x00000000d6d00000,0x00000000d6dff1b8,0x00000000d6e00000)
  to   space 5632K, 0% used [0x00000000d7080000,0x00000000d7080000,0x00000000d7600000)
 ParOldGen       total 68608K, used 53564K [0x0000000080000000, 0x0000000084300000, 0x00000000d5580000)
  object space 68608K, 78% used [0x0000000080000000,0x000000008344f3e8,0x0000000084300000)
 Metaspace       used 53186K, committed 54400K, reserved 1114112K
  class space    used 5757K, committed 6272K, reserved 1048576K
}
Event: 8.718 GC heap before
{Heap before GC invocations=32 (full 2):
 PSYoungGen      total 23040K, used 23036K [0x00000000d5580000, 0x00000000d7600000, 0x0000000100000000)
  eden space 22016K, 100% used [0x00000000d5580000,0x00000000d6b00000,0x00000000d6b00000)
  from space 1024K, 99% used [0x00000000d6d00000,0x00000000d6dff1b8,0x00000000d6e00000)
  to   space 5632K, 0% used [0x00000000d7080000,0x00000000d7080000,0x00000000d7600000)
 ParOldGen       total 68608K, used 53564K [0x0000000080000000, 0x0000000084300000, 0x00000000d5580000)
  object space 68608K, 78% used [0x0000000080000000,0x000000008344f3e8,0x0000000084300000)
 Metaspace       used 54816K, committed 56064K, reserved 1114112K
  class space    used 5894K, committed 6400K, reserved 1048576K
}
Event: 8.719 GC heap after
{Heap after GC invocations=32 (full 2):
 PSYoungGen      total 25088K, used 2908K [0x00000000d5580000, 0x00000000d7380000, 0x0000000100000000)
  eden space 22016K, 0% used [0x00000000d5580000,0x00000000d5580000,0x00000000d6b00000)
  from space 3072K, 94% used [0x00000000d7080000,0x00000000d73570d8,0x00000000d7380000)
  to   space 3584K, 0% used [0x00000000d6c80000,0x00000000d6c80000,0x00000000d7000000)
 ParOldGen       total 68608K, used 54552K [0x0000000080000000, 0x0000000084300000, 0x00000000d5580000)
  object space 68608K, 79% used [0x0000000080000000,0x00000000835462b0,0x0000000084300000)
 Metaspace       used 54816K, committed 56064K, reserved 1114112K
  class space    used 5894K, committed 6400K, reserved 1048576K
}
Event: 8.772 GC heap before
{Heap before GC invocations=33 (full 2):
 PSYoungGen      total 25088K, used 24924K [0x00000000d5580000, 0x00000000d7380000, 0x0000000100000000)
  eden space 22016K, 100% used [0x00000000d5580000,0x00000000d6b00000,0x00000000d6b00000)
  from space 3072K, 94% used [0x00000000d7080000,0x00000000d73570d8,0x00000000d7380000)
  to   space 3584K, 0% used [0x00000000d6c80000,0x00000000d6c80000,0x00000000d7000000)
 ParOldGen       total 68608K, used 54552K [0x0000000080000000, 0x0000000084300000, 0x00000000d5580000)
  object space 68608K, 79% used [0x0000000080000000,0x00000000835462b0,0x0000000084300000)
 Metaspace       used 54833K, committed 56064K, reserved 1114112K
  class space    used 5894K, committed 6400K, reserved 1048576K
}
Event: 8.774 GC heap after
{Heap after GC invocations=33 (full 2):
 PSYoungGen      total 23552K, used 1110K [0x00000000d5580000, 0x00000000d7100000, 0x0000000100000000)
  eden space 22016K, 0% used [0x00000000d5580000,0x00000000d5580000,0x00000000d6b00000)
  from space 1536K, 72% used [0x00000000d6c80000,0x00000000d6d95a08,0x00000000d6e00000)
  to   space 2048K, 0% used [0x00000000d6f00000,0x00000000d6f00000,0x00000000d7100000)
 ParOldGen       total 68608K, used 56807K [0x0000000080000000, 0x0000000084300000, 0x00000000d5580000)
  object space 68608K, 82% used [0x0000000080000000,0x0000000083779d58,0x0000000084300000)
 Metaspace       used 54833K, committed 56064K, reserved 1114112K
  class space    used 5894K, committed 6400K, reserved 1048576K
}
Event: 8.940 GC heap before
{Heap before GC invocations=34 (full 2):
 PSYoungGen      total 23552K, used 23126K [0x00000000d5580000, 0x00000000d7100000, 0x0000000100000000)
  eden space 22016K, 100% used [0x00000000d5580000,0x00000000d6b00000,0x00000000d6b00000)
  from space 1536K, 72% used [0x00000000d6c80000,0x00000000d6d95a08,0x00000000d6e00000)
  to   space 2048K, 0% used [0x00000000d6f00000,0x00000000d6f00000,0x00000000d7100000)
 ParOldGen       total 68608K, used 56807K [0x0000000080000000, 0x0000000084300000, 0x00000000d5580000)
  object space 68608K, 82% used [0x0000000080000000,0x0000000083779d58,0x0000000084300000)
 Metaspace       used 56029K, committed 57280K, reserved 1114112K
  class space    used 5995K, committed 6528K, reserved 1048576K
}
Event: 8.940 GC heap after
{Heap after GC invocations=34 (full 2):
 PSYoungGen      total 23552K, used 1104K [0x00000000d5580000, 0x00000000d7080000, 0x0000000100000000)
  eden space 22016K, 0% used [0x00000000d5580000,0x00000000d5580000,0x00000000d6b00000)
  from space 1536K, 71% used [0x00000000d6f00000,0x00000000d7014030,0x00000000d7080000)
  to   space 1536K, 0% used [0x00000000d6c80000,0x00000000d6c80000,0x00000000d6e00000)
 ParOldGen       total 68608K, used 56839K [0x0000000080000000, 0x0000000084300000, 0x00000000d5580000)
  object space 68608K, 82% used [0x0000000080000000,0x0000000083781d58,0x0000000084300000)
 Metaspace       used 56029K, committed 57280K, reserved 1114112K
  class space    used 5995K, committed 6528K, reserved 1048576K
}
Event: 9.215 GC heap before
{Heap before GC invocations=35 (full 2):
 PSYoungGen      total 23552K, used 23120K [0x00000000d5580000, 0x00000000d7080000, 0x0000000100000000)
  eden space 22016K, 100% used [0x00000000d5580000,0x00000000d6b00000,0x00000000d6b00000)
  from space 1536K, 71% used [0x00000000d6f00000,0x00000000d7014030,0x00000000d7080000)
  to   space 1536K, 0% used [0x00000000d6c80000,0x00000000d6c80000,0x00000000d6e00000)
 ParOldGen       total 68608K, used 56839K [0x0000000080000000, 0x0000000084300000, 0x00000000d5580000)
  object space 68608K, 82% used [0x0000000080000000,0x0000000083781d58,0x0000000084300000)
 Metaspace       used 57041K, committed 58368K, reserved 1114112K
  class space    used 6077K, committed 6656K, reserved 1048576K
}
Event: 9.216 GC heap after
{Heap after GC invocations=35 (full 2):
 PSYoungGen      total 23552K, used 1528K [0x00000000d5580000, 0x00000000d7200000, 0x0000000100000000)
  eden space 22016K, 0% used [0x00000000d5580000,0x00000000d5580000,0x00000000d6b00000)
  from space 1536K, 99% used [0x00000000d6c80000,0x00000000d6dfe260,0x00000000d6e00000)
  to   space 3584K, 0% used [0x00000000d6e80000,0x00000000d6e80000,0x00000000d7200000)
 ParOldGen       total 68608K, used 58354K [0x0000000080000000, 0x0000000084300000, 0x00000000d5580000)
  object space 68608K, 85% used [0x0000000080000000,0x00000000838fcb80,0x0000000084300000)
 Metaspace       used 57041K, committed 58368K, reserved 1114112K
  class space    used 6077K, committed 6656K, reserved 1048576K
}
Event: 9.468 GC heap before
{Heap before GC invocations=36 (full 2):
 PSYoungGen      total 23552K, used 23544K [0x00000000d5580000, 0x00000000d7200000, 0x0000000100000000)
  eden space 22016K, 100% used [0x00000000d5580000,0x00000000d6b00000,0x00000000d6b00000)
  from space 1536K, 99% used [0x00000000d6c80000,0x00000000d6dfe260,0x00000000d6e00000)
  to   space 3584K, 0% used [0x00000000d6e80000,0x00000000d6e80000,0x00000000d7200000)
 ParOldGen       total 68608K, used 58354K [0x0000000080000000, 0x0000000084300000, 0x00000000d5580000)
  object space 68608K, 85% used [0x0000000080000000,0x00000000838fcb80,0x0000000084300000)
 Metaspace       used 58103K, committed 59456K, reserved 1114112K
  class space    used 6159K, committed 6784K, reserved 1048576K
}
Event: 9.470 GC heap after
{Heap after GC invocations=36 (full 2):
 PSYoungGen      total 24576K, used 2113K [0x00000000d5580000, 0x00000000d7100000, 0x0000000100000000)
  eden space 22016K, 0% used [0x00000000d5580000,0x00000000d5580000,0x00000000d6b00000)
  from space 2560K, 82% used [0x00000000d6e80000,0x00000000d70905a8,0x00000000d7100000)
  to   space 2560K, 0% used [0x00000000d6c00000,0x00000000d6c00000,0x00000000d6e80000)
 ParOldGen       total 68608K, used 59838K [0x0000000080000000, 0x0000000084300000, 0x00000000d5580000)
  object space 68608K, 87% used [0x0000000080000000,0x0000000083a6f808,0x0000000084300000)
 Metaspace       used 58103K, committed 59456K, reserved 1114112K
  class space    used 6159K, committed 6784K, reserved 1048576K
}

Dll operation events (10 events):
Event: 0.005 Loaded shared library c:\Users\Admin\.kiro\extensions\redhat.java-1.54.0-win32-x64\jre\21.0.10-win32-x86_64\bin\java.dll
Event: 0.048 Loaded shared library c:\Users\Admin\.kiro\extensions\redhat.java-1.54.0-win32-x64\jre\21.0.10-win32-x86_64\bin\zip.dll
Event: 0.064 Loaded shared library C:\Users\Admin\.kiro\extensions\redhat.java-1.54.0-win32-x64\jre\21.0.10-win32-x86_64\bin\instrument.dll
Event: 0.067 Loaded shared library C:\Users\Admin\.kiro\extensions\redhat.java-1.54.0-win32-x64\jre\21.0.10-win32-x86_64\bin\net.dll
Event: 0.068 Loaded shared library C:\Users\Admin\.kiro\extensions\redhat.java-1.54.0-win32-x64\jre\21.0.10-win32-x86_64\bin\nio.dll
Event: 0.069 Loaded shared library C:\Users\Admin\.kiro\extensions\redhat.java-1.54.0-win32-x64\jre\21.0.10-win32-x86_64\bin\zip.dll
Event: 0.081 Loaded shared library C:\Users\Admin\.kiro\extensions\redhat.java-1.54.0-win32-x64\jre\21.0.10-win32-x86_64\bin\jimage.dll
Event: 0.131 Loaded shared library c:\Users\Admin\.kiro\extensions\redhat.java-1.54.0-win32-x64\jre\21.0.10-win32-x86_64\bin\verify.dll
Event: 0.887 Loaded shared library C:\Users\Admin\AppData\Roaming\Kiro\User\globalStorage\redhat.java\1.54.0\config_win\org.eclipse.equinox.launcher\org.eclipse.equinox.launcher.win32.win32.x86_64_1.3.0.v20260203-2149\eclipse_11919.dll
Event: 3.904 Loaded shared library C:\Users\Admin\AppData\Local\Temp\jna-63116079\jna7506366501012794219.dll

Deoptimization events (20 events):
Event: 9.475 Thread 0x00000171c9507590 DEOPT PACKING pc=0x00000171eba9ee42 sp=0x0000001f7f0fd9e0
Event: 9.475 Thread 0x00000171c9507590 DEOPT UNPACKING pc=0x00000171f1b378e2 sp=0x0000001f7f0fce50 mode 0
Event: 9.477 Thread 0x00000171c9507590 DEOPT PACKING pc=0x00000171eba9ee42 sp=0x0000001f7f0fe430
Event: 9.477 Thread 0x00000171c9507590 DEOPT UNPACKING pc=0x00000171f1b378e2 sp=0x0000001f7f0fd8a0 mode 0
Event: 9.482 Thread 0x00000171c9507590 Uncommon trap: trap_request=0xffffffc6 fr.pc=0x00000171f2749980 relative=0x0000000000000360
Event: 9.482 Thread 0x00000171c9507590 Uncommon trap: reason=bimorphic_or_optimized_type_check action=maybe_recompile pc=0x00000171f2749980 method=lombok.eclipse.EclipseNode.traverse(Llombok/eclipse/EclipseASTVisitor;)V @ 591 c2
Event: 9.482 Thread 0x00000171c9507590 DEOPT PACKING pc=0x00000171f2749980 sp=0x0000001f7f0fe910
Event: 9.482 Thread 0x00000171c9507590 DEOPT UNPACKING pc=0x00000171f1b36da2 sp=0x0000001f7f0fe898 mode 2
Event: 9.482 Thread 0x00000171c9507590 Uncommon trap: trap_request=0xffffffc6 fr.pc=0x00000171f2749980 relative=0x0000000000000360
Event: 9.482 Thread 0x00000171c9507590 Uncommon trap: reason=bimorphic_or_optimized_type_check action=maybe_recompile pc=0x00000171f2749980 method=lombok.eclipse.EclipseNode.traverse(Llombok/eclipse/EclipseASTVisitor;)V @ 591 c2
Event: 9.482 Thread 0x00000171c9507590 DEOPT PACKING pc=0x00000171f2749980 sp=0x0000001f7f0fe910
Event: 9.482 Thread 0x00000171c9507590 DEOPT UNPACKING pc=0x00000171f1b36da2 sp=0x0000001f7f0fe898 mode 2
Event: 9.486 Thread 0x00000171c9507590 Uncommon trap: trap_request=0xffffff45 fr.pc=0x00000171f272eb34 relative=0x0000000000001e54
Event: 9.486 Thread 0x00000171c9507590 Uncommon trap: reason=unstable_if action=reinterpret pc=0x00000171f272eb34 method=org.eclipse.jdt.internal.compiler.util.HashtableOfType.get([C)Lorg/eclipse/jdt/internal/compiler/lookup/ReferenceBinding; @ 49 c2
Event: 9.486 Thread 0x00000171c9507590 DEOPT PACKING pc=0x00000171f272eb34 sp=0x0000001f7f0fde40
Event: 9.486 Thread 0x00000171c9507590 DEOPT UNPACKING pc=0x00000171f1b36da2 sp=0x0000001f7f0fdcf0 mode 2
Event: 9.490 Thread 0x00000171c706b290 Uncommon trap: trap_request=0xffffff45 fr.pc=0x00000171f25dad88 relative=0x00000000000000e8
Event: 9.490 Thread 0x00000171c706b290 Uncommon trap: reason=unstable_if action=reinterpret pc=0x00000171f25dad88 method=java.util.stream.SpinedBuffer.accept(Ljava/lang/Object;)V @ 9 c2
Event: 9.490 Thread 0x00000171c706b290 DEOPT PACKING pc=0x00000171f25dad88 sp=0x0000001f7a8fe4e0
Event: 9.490 Thread 0x00000171c706b290 DEOPT UNPACKING pc=0x00000171f1b36da2 sp=0x0000001f7a8fe488 mode 2

Classes loaded (20 events):
Event: 8.387 Loading class java/util/regex/Pattern$Caret
Event: 8.387 Loading class java/util/regex/Pattern$Caret done
Event: 8.674 Loading class java/util/WeakHashMap$KeyIterator
Event: 8.675 Loading class java/util/WeakHashMap$KeyIterator done
Event: 9.008 Loading class java/util/stream/ReduceOps$4
Event: 9.008 Loading class java/util/stream/ReduceOps$4 done
Event: 9.008 Loading class java/util/stream/ReduceOps$4ReducingSink
Event: 9.008 Loading class java/util/stream/ReduceOps$4ReducingSink done
Event: 9.010 Loading class java/nio/file/Files$2
Event: 9.010 Loading class java/nio/file/Files$2 done
Event: 9.400 Loading class jdk/internal/module/IllegalAccessLogger
Event: 9.400 Loading class jdk/internal/module/IllegalAccessLogger done
Event: 9.409 Loading class java/util/concurrent/ArrayBlockingQueue
Event: 9.410 Loading class java/util/concurrent/ArrayBlockingQueue done
Event: 9.437 Loading class java/util/Hashtable$ValueCollection
Event: 9.437 Loading class java/util/Hashtable$ValueCollection done
Event: 9.440 Loading class java/util/concurrent/ConcurrentHashMap$KeySpliterator
Event: 9.440 Loading class java/util/concurrent/ConcurrentHashMap$KeySpliterator done
Event: 9.444 Loading class sun/nio/ch/ChannelOutputStream
Event: 9.444 Loading class sun/nio/ch/ChannelOutputStream done

Classes unloaded (7 events):
Event: 4.306 Thread 0x00000171e7424900 Unloading class 0x00000171811ab400 'java/lang/invoke/LambdaForm$MH+0x00000171811ab400'
Event: 4.306 Thread 0x00000171e7424900 Unloading class 0x00000171811ab000 'java/lang/invoke/LambdaForm$MH+0x00000171811ab000'
Event: 4.306 Thread 0x00000171e7424900 Unloading class 0x00000171811aac00 'java/lang/invoke/LambdaForm$MH+0x00000171811aac00'
Event: 4.306 Thread 0x00000171e7424900 Unloading class 0x00000171811aa800 'java/lang/invoke/LambdaForm$MH+0x00000171811aa800'
Event: 4.306 Thread 0x00000171e7424900 Unloading class 0x00000171811aa400 'java/lang/invoke/LambdaForm$BMH+0x00000171811aa400'
Event: 4.306 Thread 0x00000171e7424900 Unloading class 0x00000171811aa000 'java/lang/invoke/LambdaForm$DMH+0x00000171811aa000'
Event: 4.306 Thread 0x00000171e7424900 Unloading class 0x00000171811a8c00 'java/lang/invoke/LambdaForm$DMH+0x00000171811a8c00'

Classes redefined (0 events):
No events

Internal exceptions (20 events):
Event: 7.949 Thread 0x00000171c9952440 Exception <a 'sun/nio/fs/WindowsException'{0x00000000d671e2f8}> (0x00000000d671e2f8) 
thrown [s\src\hotspot\share\prims\jni.cpp, line 520]
Event: 7.950 Thread 0x00000171c9950a00 Exception <a 'sun/nio/fs/WindowsException'{0x00000000d66d4dc0}> (0x00000000d66d4dc0) 
thrown [s\src\hotspot\share\prims\jni.cpp, line 520]
Event: 7.950 Thread 0x00000171c9952440 Exception <a 'sun/nio/fs/WindowsException'{0x00000000d6720100}> (0x00000000d6720100) 
thrown [s\src\hotspot\share\prims\jni.cpp, line 520]
Event: 7.950 Thread 0x00000171c9951720 Exception <a 'sun/nio/fs/WindowsException'{0x00000000d66af618}> (0x00000000d66af618) 
thrown [s\src\hotspot\share\prims\jni.cpp, line 520]
Event: 7.950 Thread 0x00000171c9b89bc0 Exception <a 'sun/nio/fs/WindowsException'{0x00000000d65d5340}> (0x00000000d65d5340) 
thrown [s\src\hotspot\share\prims\jni.cpp, line 520]
Event: 8.647 Thread 0x00000171c706b290 Exception <a 'java/lang/NoSuchMethodError'{0x00000000d5eacba0}: 'java.lang.Object java.lang.invoke.DirectMethodHandle$Holder.invokeStatic(java.lang.Object, java.lang.Object, int, int)'> (0x00000000d5eacba0) 
thrown [s\src\hotspot\share\interpreter\linkResolver.cpp, line 773]
Event: 8.647 Thread 0x00000171c706b290 Exception <a 'java/lang/NoSuchMethodError'{0x00000000d5ebd260}: 'java.lang.Object java.lang.invoke.DirectMethodHandle$Holder.invokeSpecial(java.lang.Object, java.lang.Object, java.lang.Object, int, int)'> (0x00000000d5ebd260) 
thrown [s\src\hotspot\share\interpreter\linkResolver.cpp, line 773]
Event: 8.670 Thread 0x00000171c70691c0 Exception <a 'sun/nio/fs/WindowsException'{0x00000000d61b6b78}> (0x00000000d61b6b78) 
thrown [s\src\hotspot\share\prims\jni.cpp, line 520]
Event: 8.670 Thread 0x00000171c70691c0 Exception <a 'sun/nio/fs/WindowsException'{0x00000000d61b76b8}> (0x00000000d61b76b8) 
thrown [s\src\hotspot\share\prims\jni.cpp, line 520]
Event: 8.671 Thread 0x00000171c70691c0 Exception <a 'sun/nio/fs/WindowsException'{0x00000000d61c24c0}> (0x00000000d61c24c0) 
thrown [s\src\hotspot\share\prims\jni.cpp, line 520]
Event: 8.671 Thread 0x00000171c70691c0 Exception <a 'sun/nio/fs/WindowsException'{0x00000000d61c2da0}> (0x00000000d61c2da0) 
thrown [s\src\hotspot\share\prims\jni.cpp, line 520]
Event: 8.672 Thread 0x00000171c70691c0 Exception <a 'sun/nio/fs/WindowsException'{0x00000000d61ce838}> (0x00000000d61ce838) 
thrown [s\src\hotspot\share\prims\jni.cpp, line 520]
Event: 8.672 Thread 0x00000171c70691c0 Exception <a 'sun/nio/fs/WindowsException'{0x00000000d61cf118}> (0x00000000d61cf118) 
thrown [s\src\hotspot\share\prims\jni.cpp, line 520]
Event: 8.679 Thread 0x00000171c70691c0 Exception <a 'java/io/FileNotFoundException'{0x00000000d62d62d0}> (0x00000000d62d62d0) 
thrown [s\src\hotspot\share\prims\jni.cpp, line 520]
Event: 8.679 Thread 0x00000171c70691c0 Exception <a 'java/io/FileNotFoundException'{0x00000000d62d73a0}> (0x00000000d62d73a0) 
thrown [s\src\hotspot\share\prims\jni.cpp, line 520]
Event: 8.679 Thread 0x00000171c70691c0 Exception <a 'java/io/FileNotFoundException'{0x00000000d62d80f8}> (0x00000000d62d80f8) 
thrown [s\src\hotspot\share\prims\jni.cpp, line 520]
Event: 9.011 Thread 0x00000171c706b290 Exception <a 'java/lang/NoSuchMethodError'{0x00000000d5e96a30}: 'int java.lang.invoke.DirectMethodHandle$Holder.invokeSpecialIFC(java.lang.Object, java.lang.Object, java.lang.Object)'> (0x00000000d5e96a30) 
thrown [s\src\hotspot\share\interpreter\linkResolver.cpp, line 773]
Event: 9.029 Thread 0x00000171c706b290 Implicit null exception at 0x00000171f2698a4f to 0x00000171f2698c2c
Event: 9.441 Thread 0x00000171c706b290 Exception <a 'java/lang/NoSuchMethodError'{0x00000000d68b4ac8}: 'java.lang.Object java.lang.invoke.DirectMethodHandle$Holder.newInvokeSpecial(java.lang.Object, java.lang.Object, int, int, java.lang.Object)'> (0x00000000d68b4ac8) 
thrown [s\src\hotspot\share\interpreter\linkResolver.cpp, line 773]
Event: 9.479 Thread 0x00000171c9507590 Exception <a 'java/lang/NoSuchMethodError'{0x00000000d56102d0}: 'void java.lang.invoke.DirectMethodHandle$Holder.invokeStatic(java.lang.Object, int, java.lang.Object)'> (0x00000000d56102d0) 
thrown [s\src\hotspot\share\interpreter\linkResolver.cpp, line 773]

ZGC Phase Switch (0 events):
No events

VM Operations (20 events):
Event: 8.772 Executing safepoint VM operation: ParallelGCFailedAllocation (Allocation Failure)
Event: 8.774 Executing safepoint VM operation: ParallelGCFailedAllocation (Allocation Failure) done
Event: 8.939 Executing safepoint VM operation: ParallelGCFailedAllocation (Allocation Failure)
Event: 8.940 Executing safepoint VM operation: ParallelGCFailedAllocation (Allocation Failure) done
Event: 9.146 Executing non-safepoint VM operation: HandshakeAllThreads (Deoptimize)
Event: 9.146 Executing non-safepoint VM operation: HandshakeAllThreads (Deoptimize) done
Event: 9.183 Executing safepoint VM operation: ICBufferFull
Event: 9.183 Executing safepoint VM operation: ICBufferFull done
Event: 9.214 Executing safepoint VM operation: ParallelGCFailedAllocation (Allocation Failure)
Event: 9.216 Executing safepoint VM operation: ParallelGCFailedAllocation (Allocation Failure) done
Event: 9.231 Executing non-safepoint VM operation: HandshakeAllThreads (Deoptimize)
Event: 9.231 Executing non-safepoint VM operation: HandshakeAllThreads (Deoptimize) done
Event: 9.294 Executing safepoint VM operation: ICBufferFull
Event: 9.294 Executing safepoint VM operation: ICBufferFull done
Event: 9.411 Executing safepoint VM operation: ICBufferFull
Event: 9.411 Executing safepoint VM operation: ICBufferFull done
Event: 9.415 Executing non-safepoint VM operation: HandshakeAllThreads (Deoptimize)
Event: 9.415 Executing non-safepoint VM operation: HandshakeAllThreads (Deoptimize) done
Event: 9.468 Executing safepoint VM operation: ParallelGCFailedAllocation (Allocation Failure)
Event: 9.470 Executing safepoint VM operation: ParallelGCFailedAllocation (Allocation Failure) done

Memory protections (0 events):
No events

Nmethod flushes (20 events):
Event: 5.474 Thread 0x00000171e7424900 flushing  nmethod 0x00000171ead61210
Event: 5.474 Thread 0x00000171e7424900 flushing  nmethod 0x00000171ead83510
Event: 5.474 Thread 0x00000171e7424900 flushing  nmethod 0x00000171ead8d790
Event: 5.474 Thread 0x00000171e7424900 flushing  nmethod 0x00000171eae00710
Event: 5.474 Thread 0x00000171e7424900 flushing  nmethod 0x00000171eae01b90
Event: 5.474 Thread 0x00000171e7424900 flushing  nmethod 0x00000171eae02490
Event: 5.474 Thread 0x00000171e7424900 flushing  nmethod 0x00000171eae03690
Event: 5.474 Thread 0x00000171e7424900 flushing  nmethod 0x00000171eae04310
Event: 5.474 Thread 0x00000171e7424900 flushing  nmethod 0x00000171eae04810
Event: 5.474 Thread 0x00000171e7424900 flushing  nmethod 0x00000171eae06010
Event: 5.474 Thread 0x00000171e7424900 flushing  nmethod 0x00000171eae06510
Event: 5.474 Thread 0x00000171e7424900 flushing  nmethod 0x00000171eae06a10
Event: 5.474 Thread 0x00000171e7424900 flushing  nmethod 0x00000171eae07e10
Event: 5.474 Thread 0x00000171e7424900 flushing  nmethod 0x00000171eae09890
Event: 5.474 Thread 0x00000171e7424900 flushing  nmethod 0x00000171eae0c210
Event: 5.474 Thread 0x00000171e7424900 flushing  nmethod 0x00000171eae50c10
Event: 5.474 Thread 0x00000171e7424900 flushing  nmethod 0x00000171eae51d90
Event: 5.474 Thread 0x00000171e7424900 flushing  nmethod 0x00000171eae72c10
Event: 5.474 Thread 0x00000171e7424900 flushing  nmethod 0x00000171eae79790
Event: 5.474 Thread 0x00000171e7424900 flushing  nmethod 0x00000171eaf25490

Events (20 events):
Event: 7.985 Thread 0x00000171c706b290 Thread added: 0x00000171c9950370
Event: 7.985 Thread 0x00000171c706b290 Thread added: 0x00000171c9952ad0
Event: 7.985 Thread 0x00000171c706b290 Thread added: 0x00000171c994f650
Event: 7.986 Thread 0x00000171c9952ad0 Thread added: 0x00000171c9953160
Event: 7.986 Thread 0x00000171c9950370 Thread added: 0x00000171c994fce0
Event: 7.986 Thread 0x00000171c994efc0 Thread added: 0x00000171c9953e80
Event: 7.986 Thread 0x00000171c994fce0 Thread added: 0x00000171c9954510
Event: 7.986 Thread 0x00000171c9953160 Thread added: 0x00000171c99537f0
Event: 7.987 Thread 0x00000171c994f650 Thread added: 0x00000171c9954ba0
Event: 7.987 Thread 0x00000171c706b290 Thread added: 0x00000171c9955230
Event: 7.987 Thread 0x00000171c706b290 Thread added: 0x00000171c99558c0
Event: 7.987 Thread 0x00000171c706b290 Thread added: 0x00000171c9508940
Event: 7.987 Thread 0x00000171c706b290 Thread added: 0x00000171c9509660
Event: 8.491 Thread 0x00000171c74bf130 Thread exited: 0x00000171c74bf130
Event: 8.677 Thread 0x00000171ff2d3970 Thread added: 0x00000171c74bea60
Event: 9.410 Thread 0x00000171c706b290 Thread added: 0x00000171c9507590
Event: 9.442 Thread 0x00000171c706b290 Thread added: 0x00000171c950a380
Event: 9.481 Thread 0x00000171c706b290 Thread added: 0x00000171c950b0a0
Event: 9.491 Thread 0x00000171c706b290 Thread added: 0x00000171c9507c20
Event: 9.494 Thread 0x00000171c706b290 Thread added: 0x00000171c950b730


Dynamic libraries:
0x00007ff69db50000 - 0x00007ff69db5e000 	c:\Users\Admin\.kiro\extensions\redhat.java-1.54.0-win32-x64\jre\21.0.10-win32-x86_64\bin\java.exe
0x00007ffdcc080000 - 0x00007ffdcc2e8000 	C:\WINDOWS\SYSTEM32\ntdll.dll
0x00007ffdc9e20000 - 0x00007ffdc9ee9000 	C:\WINDOWS\System32\KERNEL32.DLL
0x00007ffdc91d0000 - 0x00007ffdc95c1000 	C:\WINDOWS\System32\KERNELBASE.dll
0x00007ffdc9930000 - 0x00007ffdc9a7b000 	C:\WINDOWS\System32\ucrtbase.dll
0x00007ffdb6c30000 - 0x00007ffdb6c48000 	c:\Users\Admin\.kiro\extensions\redhat.java-1.54.0-win32-x64\jre\21.0.10-win32-x86_64\bin\jli.dll
0x00007ffdb6ae0000 - 0x00007ffdb6afe000 	c:\Users\Admin\.kiro\extensions\redhat.java-1.54.0-win32-x64\jre\21.0.10-win32-x86_64\bin\VCRUNTIME140.dll
0x00007ffdcbd30000 - 0x00007ffdcbef6000 	C:\WINDOWS\System32\USER32.dll
0x00007ffdc9ca0000 - 0x00007ffdc9cc7000 	C:\WINDOWS\System32\win32u.dll
0x00007ffdb3c70000 - 0x00007ffdb3f03000 	C:\WINDOWS\WinSxS\amd64_microsoft.windows.common-controls_6595b64144ccf1df_6.0.26100.7824_none_3e0870b2e3345462\COMCTL32.dll
0x00007ffdca080000 - 0x00007ffdca0ab000 	C:\WINDOWS\System32\GDI32.dll
0x00007ffdcac40000 - 0x00007ffdcace9000 	C:\WINDOWS\System32\msvcrt.dll
0x00007ffdc95d0000 - 0x00007ffdc96fb000 	C:\WINDOWS\System32\gdi32full.dll
0x00007ffdc9bf0000 - 0x00007ffdc9c93000 	C:\WINDOWS\System32\msvcp_win.dll
0x00007ffdcbf00000 - 0x00007ffdcbf31000 	C:\WINDOWS\System32\IMM32.DLL
0x00007ffdb6d30000 - 0x00007ffdb6d3c000 	c:\Users\Admin\.kiro\extensions\redhat.java-1.54.0-win32-x64\jre\21.0.10-win32-x86_64\bin\vcruntime140_1.dll
0x00007ffdb5b40000 - 0x00007ffdb5bcd000 	c:\Users\Admin\.kiro\extensions\redhat.java-1.54.0-win32-x64\jre\21.0.10-win32-x86_64\bin\msvcp140.dll
0x00007ffd21b60000 - 0x00007ffd22901000 	c:\Users\Admin\.kiro\extensions\redhat.java-1.54.0-win32-x64\jre\21.0.10-win32-x86_64\bin\server\jvm.dll
0x00007ffdcb4b0000 - 0x00007ffdcb564000 	C:\WINDOWS\System32\ADVAPI32.dll
0x00007ffdca300000 - 0x00007ffdca3a6000 	C:\WINDOWS\System32\sechost.dll
0x00007ffdcab10000 - 0x00007ffdcac28000 	C:\WINDOWS\System32\RPCRT4.dll
0x00007ffdc9ef0000 - 0x00007ffdc9f64000 	C:\WINDOWS\System32\WS2_32.dll
0x00007ffdc87c0000 - 0x00007ffdc881e000 	C:\WINDOWS\SYSTEM32\POWRPROF.dll
0x00007ffdb6310000 - 0x00007ffdb6345000 	C:\WINDOWS\SYSTEM32\WINMM.dll
0x00007ffdc2bf0000 - 0x00007ffdc2bfb000 	C:\WINDOWS\SYSTEM32\VERSION.dll
0x00007ffdc87a0000 - 0x00007ffdc87b4000 	C:\WINDOWS\SYSTEM32\UMPDC.dll
0x00007ffdc7700000 - 0x00007ffdc771b000 	C:\WINDOWS\SYSTEM32\kernel.appcore.dll
0x00007ffdb6c20000 - 0x00007ffdb6c2a000 	c:\Users\Admin\.kiro\extensions\redhat.java-1.54.0-win32-x64\jre\21.0.10-win32-x86_64\bin\jimage.dll
0x00007ffdc6aa0000 - 0x00007ffdc6ce2000 	C:\WINDOWS\SYSTEM32\DBGHELP.DLL
0x00007ffdcacf0000 - 0x00007ffdcb076000 	C:\WINDOWS\System32\combase.dll
0x00007ffdca480000 - 0x00007ffdca557000 	C:\WINDOWS\System32\OLEAUT32.dll
0x00007ffdb2da0000 - 0x00007ffdb2ddb000 	C:\WINDOWS\SYSTEM32\dbgcore.DLL
0x00007ffdc9700000 - 0x00007ffdc97a5000 	C:\WINDOWS\System32\bcryptPrimitives.dll
0x00007ffdb6bd0000 - 0x00007ffdb6bdf000 	c:\Users\Admin\.kiro\extensions\redhat.java-1.54.0-win32-x64\jre\21.0.10-win32-x86_64\bin\instrument.dll
0x00007ffdb6800000 - 0x00007ffdb6820000 	c:\Users\Admin\.kiro\extensions\redhat.java-1.54.0-win32-x64\jre\21.0.10-win32-x86_64\bin\java.dll
0x00007ffdcb5d0000 - 0x00007ffdcbd22000 	C:\WINDOWS\System32\SHELL32.dll
0x00007ffdc9a80000 - 0x00007ffdc9bea000 	C:\WINDOWS\System32\wintypes.dll
0x00007ffdc8960000 - 0x00007ffdc91c3000 	C:\WINDOWS\System32\windows.storage.dll
0x00007ffdcb080000 - 0x00007ffdcb176000 	C:\WINDOWS\System32\SHCORE.dll
0x00007ffdca290000 - 0x00007ffdca2f7000 	C:\WINDOWS\System32\shlwapi.dll
0x00007ffdc8880000 - 0x00007ffdc88a9000 	C:\WINDOWS\SYSTEM32\profapi.dll
0x00007ffdb6150000 - 0x00007ffdb6168000 	c:\Users\Admin\.kiro\extensions\redhat.java-1.54.0-win32-x64\jre\21.0.10-win32-x86_64\bin\zip.dll
0x00007ffdb6ad0000 - 0x00007ffdb6ae0000 	C:\Users\Admin\.kiro\extensions\redhat.java-1.54.0-win32-x64\jre\21.0.10-win32-x86_64\bin\net.dll
0x00007ffdc1d40000 - 0x00007ffdc1e67000 	C:\WINDOWS\SYSTEM32\WINHTTP.dll
0x00007ffdc7c70000 - 0x00007ffdc7cdb000 	C:\WINDOWS\system32\mswsock.dll
0x00007ffdb5aa0000 - 0x00007ffdb5ab6000 	C:\Users\Admin\.kiro\extensions\redhat.java-1.54.0-win32-x64\jre\21.0.10-win32-x86_64\bin\nio.dll
0x00007ffdb5a70000 - 0x00007ffdb5a80000 	c:\Users\Admin\.kiro\extensions\redhat.java-1.54.0-win32-x64\jre\21.0.10-win32-x86_64\bin\verify.dll
0x00007ffd99ff0000 - 0x00007ffd9a035000 	C:\Users\Admin\AppData\Roaming\Kiro\User\globalStorage\redhat.java\1.54.0\config_win\org.eclipse.equinox.launcher\org.eclipse.equinox.launcher.win32.win32.x86_64_1.3.0.v20260203-2149\eclipse_11919.dll
0x00007ffdcb1a0000 - 0x00007ffdcb337000 	C:\WINDOWS\System32\ole32.dll
0x00007ffdc7f50000 - 0x00007ffdc7f6b000 	C:\WINDOWS\SYSTEM32\CRYPTSP.dll
0x00007ffdc7660000 - 0x00007ffdc7699000 	C:\WINDOWS\system32\rsaenh.dll
0x00007ffdc7d20000 - 0x00007ffdc7d4b000 	C:\WINDOWS\SYSTEM32\USERENV.dll
0x00007ffdc8850000 - 0x00007ffdc887a000 	C:\WINDOWS\SYSTEM32\bcrypt.dll
0x00007ffdc7f40000 - 0x00007ffdc7f4c000 	C:\WINDOWS\SYSTEM32\CRYPTBASE.dll
0x00007ffdc7100000 - 0x00007ffdc7134000 	C:\WINDOWS\SYSTEM32\IPHLPAPI.DLL
0x00007ffdcac30000 - 0x00007ffdcac3a000 	C:\WINDOWS\System32\NSI.dll
0x00007ffd987d0000 - 0x00007ffd98819000 	C:\Users\Admin\AppData\Local\Temp\jna-63116079\jna7506366501012794219.dll
0x00007ffdca560000 - 0x00007ffdca568000 	C:\WINDOWS\System32\PSAPI.DLL
0x00007ffdc1760000 - 0x00007ffdc177e000 	C:\WINDOWS\SYSTEM32\dhcpcsvc6.DLL
0x00007ffdc16c0000 - 0x00007ffdc16e3000 	C:\WINDOWS\SYSTEM32\dhcpcsvc.DLL

JVMTI agents:
c:\Users\Admin\.kiro\extensions\redhat.java-1.54.0-win32-x64\lombok\lombok-1.18.39-4050.jar path:c:\Users\Admin\.kiro\extensions\redhat.java-1.54.0-win32-x64\jre\21.0.10-win32-x86_64\bin\instrument.dll, loaded, initialized, instrumentlib options:none

dbghelp: loaded successfully - version: 4.0.5 - missing functions: none
symbol engine: initialized successfully - sym options: 0x614 - pdb path: .;c:\Users\Admin\.kiro\extensions\redhat.java-1.54.0-win32-x64\jre\21.0.10-win32-x86_64\bin;C:\WINDOWS\SYSTEM32;C:\WINDOWS\WinSxS\amd64_microsoft.windows.common-controls_6595b64144ccf1df_6.0.26100.7824_none_3e0870b2e3345462;c:\Users\Admin\.kiro\extensions\redhat.java-1.54.0-win32-x64\jre\21.0.10-win32-x86_64\bin\server;C:\Users\Admin\AppData\Roaming\Kiro\User\globalStorage\redhat.java\1.54.0\config_win\org.eclipse.equinox.launcher\org.eclipse.equinox.launcher.win32.win32.x86_64_1.3.0.v20260203-2149;C:\Users\Admin\AppData\Local\Temp\jna-63116079

VM Arguments:
jvm_args: --add-modules=ALL-SYSTEM --add-opens=java.base/java.util=ALL-UNNAMED --add-opens=java.base/java.lang=ALL-UNNAMED --add-opens=java.base/sun.nio.fs=ALL-UNNAMED -Declipse.application=org.eclipse.jdt.ls.core.id1 -Dosgi.bundles.defaultStartLevel=4 -Declipse.product=org.eclipse.jdt.ls.core.product -Djava.import.generatesMetadataFilesAtProjectRoot=false -DDetectVMInstallationsJob.disabled=true -Dfile.encoding=utf8 -XX:+UseParallelGC -XX:GCTimeRatio=4 -XX:AdaptiveSizePolicyWeight=90 -Dsun.zip.disableMemoryMapping=true -Xmx2G -Xms100m -Xlog:disable -javaagent:c:\Users\Admin\.kiro\extensions\redhat.java-1.54.0-win32-x64\lombok\lombok-1.18.39-4050.jar -XX:+HeapDumpOnOutOfMemoryError -XX:HeapDumpPath=c:\Users\Admin\AppData\Roaming\Kiro\User\workspaceStorage\e83c676382f64ffc09d522b9f8caf3cf\redhat.java -Daether.dependencyCollector.impl=bf 
java_command: c:\Users\Admin\.kiro\extensions\redhat.java-1.54.0-win32-x64\server\plugins\org.eclipse.equinox.launcher_1.7.100.v20251111-0406.jar -configuration c:\Users\Admin\AppData\Roaming\Kiro\User\globalStorage\redhat.java\1.54.0\config_win -data c:\Users\Admin\AppData\Roaming\Kiro\User\workspaceStorage\e83c676382f64ffc09d522b9f8caf3cf\redhat.java\jdt_ws --pipe=\\.\pipe\lsp-b973b5292b98d8f14968a41caf4b7653-sock
java_class_path (initial): c:\Users\Admin\.kiro\extensions\redhat.java-1.54.0-win32-x64\server\plugins\org.eclipse.equinox.launcher_1.7.100.v20251111-0406.jar
Launcher Type: SUN_STANDARD

[Global flags]
    uintx AdaptiveSizePolicyWeight                 = 90                                        {product} {command line}
     intx CICompilerCount                          = 12                                        {product} {ergonomic}
    uintx GCTimeRatio                              = 4                                         {product} {command line}
     bool HeapDumpOnOutOfMemoryError               = true                                   {manageable} {command line}
    ccstr HeapDumpPath                             = c:\Users\Admin\AppData\Roaming\Kiro\User\workspaceStorage\e83c676382f64ffc09d522b9f8caf3cf\redhat.java         {manageable} {command line}
   size_t InitialHeapSize                          = 104857600                                 {product} {command line}
   size_t MaxHeapSize                              = 2147483648                                {product} {command line}
   size_t MaxNewSize                               = 715653120                                 {product} {ergonomic}
   size_t MinHeapDeltaBytes                        = 524288                                    {product} {ergonomic}
   size_t MinHeapSize                              = 104857600                                 {product} {command line}
   size_t NewSize                                  = 34603008                                  {product} {ergonomic}
    uintx NonNMethodCodeHeapSize                   = 7602480                                {pd product} {ergonomic}
    uintx NonProfiledCodeHeapSize                  = 122027880                              {pd product} {ergonomic}
   size_t OldSize                                  = 70254592                                  {product} {ergonomic}
    uintx ProfiledCodeHeapSize                     = 122027880                              {pd product} {ergonomic}
    uintx ReservedCodeCacheSize                    = 251658240                              {pd product} {ergonomic}
     bool SegmentedCodeCache                       = true                                      {product} {ergonomic}
   size_t SoftMaxHeapSize                          = 2147483648                             {manageable} {ergonomic}
     bool UseCompressedOops                        = true                           {product lp64_product} {ergonomic}
     bool UseLargePagesIndividualAllocation        = false                                  {pd product} {ergonomic}
     bool UseParallelGC                            = true                                      {product} {command line}

Logging:
Log output configuration:
 #0: stdout all=off uptime,level,tags foldmultilines=false
 #1: stderr all=off uptime,level,tags foldmultilines=false

Release file:
JAVA_VERSION="21.0.10" 
MODULES="java.base java.compiler java.datatransfer java.xml java.prefs java.desktop java.instrument java.logging java.management java.security.sasl java.naming java.rmi java.management.rmi java.net.http java.scripting java.security.jgss java.transaction.xa java.sql java.sql.rowset java.xml.crypto java.se java.smartcardio jdk.accessibility jdk.internal.jvmstat jdk.attach jdk.charsets jdk.internal.opt jdk.zipfs jdk.compiler jdk.crypto.ec jdk.crypto.cryptoki jdk.crypto.mscapi jdk.dynalink jdk.internal.ed jdk.editpad jdk.hotspot.agent jdk.httpserver jdk.internal.le jdk.internal.vm.ci jdk.internal.vm.compiler jdk.internal.vm.compiler.management jdk.jartool jdk.javadoc jdk.jcmd jdk.management jdk.management.agent jdk.jconsole jdk.jdeps jdk.jdwp.agent jdk.jdi jdk.jfr jdk.jshell jdk.jsobject jdk.jstatd jdk.localedata jdk.management.jfr jdk.naming.dns jdk.naming.rmi jdk.net jdk.nio.mapmode jdk.random jdk.sctp jdk.security.auth jdk.security.jgss jdk.unsupported jdk.unsupported.desktop jdk.xml.dom" 

Environment Variables:
JAVA_HOME=C:\Program Files\Java\jdk-21
PATH=C:\Program Files\Common Files\Oracle\Java\javapath;C:\WINDOWS\system32;C:\WINDOWS;C:\WINDOWS\System32\Wbem;C:\WINDOWS\System32\WindowsPowerShell\v1.0\;C:\WINDOWS\System32\OpenSSH\;C:\Program Files\Java\jdk-21\bin;C:\Program Files (x86)\Microsoft SQL Server\160\Tools\Binn\;C:\Program Files\Microsoft SQL Server\160\Tools\Binn\;C:\Program Files\Microsoft SQL Server\Client SDK\ODBC\170\Tools\Binn\;C:\Program Files\Microsoft SQL Server\160\DTS\Binn\;C:\Program Files (x86)\Microsoft SQL Server\160\DTS\Binn\;C:\Program Files\Git\cmd;C:\Program Files\nodejs\;C:\Program Files\MongoDB\Tools\100\bin;C:\Users\Admin\Downloads\apache-maven-3.9.9-bin;C:\Program Files\MongoDB\Server\8.0\bin;C:\Program Files\Cloudflare\Cloudflare WARP\;C:\Program Files\Docker\Docker\resources\bin;C:\java\apache-maven-3.9.14\bin;C:\Program Files (x86)\Google\Cloud SDK\google-cloud-sdk\bin;C:\Users\Admin\AppData\Local\Programs\Python\Python313\Scripts\;C:\Users\Admin\AppData\Local\Programs\Python\Python313\;C:\Users\Admin\AppData\Local\Programs\Python\Launcher\;C:\Users\Admin\AppData\Local\Microsoft\WindowsApps;C:\Users\Admin\AppData\Roaming\npm;C:\Program Files\nodejs;C:\Users\Admin\AppData\Local\Programs\Microsoft VS Code\bin;C:\Users\Admin\AppData\Local\Programs\mongosh\;C:\Users\Admin\AppData\Local\Microsoft\WinGet\Packages\Ngrok.Ngrok_Microsoft.Winget.Source_8wekyb3d8bbwe;C:\Users\Admin\AppData\Local\Programs\Kiro\bin;C:\Users\Admin\AppData\Local\Google\Cloud SDK\google-cloud-sdk\bin
USERNAME=Admin
OS=Windows_NT
PROCESSOR_IDENTIFIER=Intel64 Family 6 Model 141 Stepping 1, GenuineIntel
TMP=C:\Users\Admin\AppData\Local\Temp
TEMP=C:\Users\Admin\AppData\Local\Temp




Periodic native trim disabled

---------------  S Y S T E M  ---------------

OS:
 Windows 11 , 64 bit Build 26100 (10.0.26100.7705)
OS uptime: 0 days 3:40 hours
Hyper-V role detected

CPU: total 16 (initial active 16) (8 cores per cpu, 2 threads per core) family 6 model 141 stepping 1 microcode 0x34, cx8, cmov, fxsr, ht, mmx, 3dnowpref, sse, sse2, sse3, ssse3, sse4.1, sse4.2, popcnt, lzcnt, tsc, tscinvbit, avx, avx2, aes, erms, clmul, bmi1, bmi2, adx, avx512f, avx512dq, avx512cd, avx512bw, avx512vl, sha, fma, vzeroupper, avx512_vpopcntdq, avx512_vpclmulqdq, avx512_vaes, avx512_vnni, clflush, clflushopt, clwb, avx512_vbmi2, avx512_vbmi, hv, rdtscp, rdpid, fsrm, gfni, avx512_bitalg, f16c, cet_ibt, cet_ss, avx512_ifma
Processor Information for the first 16 processors :
  Max Mhz: 2304, Current Mhz: 2304, Mhz Limit: 2304

Memory: 4k page, system-wide physical 16085M (718M free)
TotalPageFile size 34585M (AvailPageFile size 9M)
current process WorkingSet (physical memory assigned to process): 386M, peak: 387M
current process commit charge ("private bytes"): 484M, peak: 487M

vm_info: OpenJDK 64-Bit Server VM (21.0.10+7-LTS) for windows-amd64 JRE (21.0.10+7-LTS), built on 2026-01-20T00:00:00Z by "admin" with MS VC++ 17.12 (VS2022)

END.
