#
# There is insufficient memory for the Java Runtime Environment to continue.
# Native memory allocation (malloc) failed to allocate 1048576 bytes. Error detail: AllocateHeap
# Possible reasons:
#   The system is out of physical RAM or swap space
#   This process is running with CompressedOops enabled, and the Java Heap may be blocking the growth of the native heap
# Possible solutions:
#   Reduce memory load on the system
#   Increase physical memory or swap space
#   Check if swap backing store is full
#   Decrease Java heap size (-Xmx/-Xms)
#   Decrease number of Java threads
#   Decrease Java thread stack sizes (-Xss)
#   Set larger code cache with -XX:ReservedCodeCacheSize=
#   JVM is running with Unscaled Compressed Oops mode in which the Java heap is
#     placed in the first 4GB address space. The Java Heap base address is the
#     maximum limit for the native heap growth. Please use -XX:HeapBaseMinAddress
#     to set the Java Heap base and to place the Java Heap above 4GB virtual address.
# This output file may be truncated or incomplete.
#
#  Out of Memory Error (allocation.cpp:44), pid=19380, tid=33568
#
# JRE version: OpenJDK Runtime Environment Temurin-21.0.10+7 (21.0.10+7) (build 21.0.10+7-LTS)
# Java VM: OpenJDK 64-Bit Server VM Temurin-21.0.10+7 (21.0.10+7-LTS, mixed mode, sharing, tiered, compressed oops, compressed class ptrs, parallel gc, windows-amd64)
# No core dump will be written. Minidumps are not enabled by default on client versions of Windows
#

---------------  S U M M A R Y ------------

Command Line: --add-modules=ALL-SYSTEM --add-opens=java.base/java.util=ALL-UNNAMED --add-opens=java.base/java.lang=ALL-UNNAMED --add-opens=java.base/sun.nio.fs=ALL-UNNAMED -Declipse.application=org.eclipse.jdt.ls.core.id1 -Dosgi.bundles.defaultStartLevel=4 -Declipse.product=org.eclipse.jdt.ls.core.product -Djava.import.generatesMetadataFilesAtProjectRoot=false -DDetectVMInstallationsJob.disabled=true -Dfile.encoding=utf8 -XX:+UseParallelGC -XX:GCTimeRatio=4 -XX:AdaptiveSizePolicyWeight=90 -Dsun.zip.disableMemoryMapping=true -Xmx2G -Xms100m -Xlog:disable -javaagent:c:\Users\kluan\.vscode\extensions\redhat.java-1.54.0-win32-x64\lombok\lombok-1.18.39-4050.jar -XX:+HeapDumpOnOutOfMemoryError -XX:HeapDumpPath=c:\Users\kluan\AppData\Roaming\Code\User\workspaceStorage\13059fb17748409e67614d8feaa6e16c\redhat.java -Daether.dependencyCollector.impl=bf c:\Users\kluan\.vscode\extensions\redhat.java-1.54.0-win32-x64\server\plugins\org.eclipse.equinox.launcher_1.7.100.v20251111-0406.jar -configuration c:\Users\kluan\AppData\Roaming\Code\User\globalStorage\redhat.java\1.54.0\config_win -data c:\Users\kluan\AppData\Roaming\Code\User\workspaceStorage\13059fb17748409e67614d8feaa6e16c\redhat.java\jdt_ws --pipe=\\.\pipe\lsp-574fa5d129aa1458e16be8fc112c0bb4-sock

Host: 11th Gen Intel(R) Core(TM) i5-11400H @ 2.70GHz, 12 cores, 15G,  Windows 11 , 64 bit Build 26100 (10.0.26100.8328)
Time: Sun May 31 02:50:22 2026 SE Asia Standard Time elapsed time: 832.810048 seconds (0d 0h 13m 52s)

---------------  T H R E A D  ---------------

Current thread (0x000001ec7ac49830):  JavaThread "Attach Listener" daemon [_thread_in_vm, id=33568, stack(0x0000006ac6f00000,0x0000006ac7000000) (1024K)]

Stack: [0x0000006ac6f00000,0x0000006ac7000000]
Native frames: (J=compiled Java code, j=interpreted, Vv=VM code, C=native code)
V  [jvm.dll+0x6d7a39]
V  [jvm.dll+0x8b4b26]
V  [jvm.dll+0x8b70de]
V  [jvm.dll+0x8b77c3]
V  [jvm.dll+0x284346]
V  [jvm.dll+0xc1277]
V  [jvm.dll+0x6d82e9]
V  [jvm.dll+0x1334a6]
V  [jvm.dll+0x3f857e]
V  [jvm.dll+0x85f59d]
V  [jvm.dll+0x6d626d]
C  [ucrtbase.dll+0x37b0]
C  [KERNEL32.DLL+0x2e957]
C  [ntdll.dll+0x427c]


---------------  P R O C E S S  ---------------

Threads class SMR info:
_java_thread_list=0x000001ec729bf310, length=55, elements={
0x000001ec7ab9df60, 0x000001ec7e64dff0, 0x000001ec7ac44260, 0x000001ec7ac46a40,
0x000001ec7ac49830, 0x000001ec7ac4d540, 0x000001ec7ac53530, 0x000001ec7ac5c740,
0x000001ec7f99dc80, 0x000001ec7fb776d0, 0x000001ec7fccb060, 0x000001ec595b6fc0,
0x000001ec598f0950, 0x000001ec59a16390, 0x000001ec59a1abe0, 0x000001ec59d7c750,
0x000001ec5a1276f0, 0x000001ec59ebbe70, 0x000001ec59ebc500, 0x000001ec59eb9710,
0x000001ec59ebb150, 0x000001ec59ebb7e0, 0x000001ec5aa0c470, 0x000001ec5aa0ff80,
0x000001ec5aa0cb00, 0x000001ec5aa0f8f0, 0x000001ec5aa0d820, 0x000001ec5aa0ebd0,
0x000001ec5aa0deb0, 0x000001ec5aa0e540, 0x000001ec5aa0d190, 0x000001ec5aa126e0,
0x000001ec5aa10610, 0x000001ec5aa11330, 0x000001ec5aa119c0, 0x000001ec5aa12050,
0x000001ec5bda2db0, 0x000001ec5bda2720, 0x000001ec5bda4160, 0x000001ec5bda8300,
0x000001ec5bda75e0, 0x000001ec5bda5510, 0x000001ec5bda5ba0, 0x000001ec5bda6f50,
0x000001ec5bda3ad0, 0x000001ec5bda7c70, 0x000001ec5ba4ab30, 0x000001ec5ba4b850,
0x000001ec5ba4b1c0, 0x000001ec5ba483d0, 0x000001ec5ba4bee0, 0x000001ec5ba48a60,
0x000001ec5ba490f0, 0x000001ec5ba4c570, 0x000001ec5ba4e640
}

Java Threads: ( => current thread )
  0x000001ec7ab9df60 JavaThread "main"                              [_thread_blocked, id=31396, stack(0x0000006ac6800000,0x0000006ac6900000) (1024K)]
  0x000001ec7e64dff0 JavaThread "Reference Handler"          daemon [_thread_blocked, id=404, stack(0x0000006ac6c00000,0x0000006ac6d00000) (1024K)]
  0x000001ec7ac44260 JavaThread "Finalizer"                  daemon [_thread_blocked, id=16160, stack(0x0000006ac6d00000,0x0000006ac6e00000) (1024K)]
  0x000001ec7ac46a40 JavaThread "Signal Dispatcher"          daemon [_thread_blocked, id=26412, stack(0x0000006ac6e00000,0x0000006ac6f00000) (1024K)]
=>0x000001ec7ac49830 JavaThread "Attach Listener"            daemon [_thread_in_vm, id=33568, stack(0x0000006ac6f00000,0x0000006ac7000000) (1024K)]
  0x000001ec7ac4d540 JavaThread "Service Thread"             daemon [_thread_blocked, id=22668, stack(0x0000006ac7000000,0x0000006ac7100000) (1024K)]
  0x000001ec7ac53530 JavaThread "Monitor Deflation Thread"   daemon [_thread_blocked, id=32540, stack(0x0000006ac7100000,0x0000006ac7200000) (1024K)]
  0x000001ec7ac5c740 JavaThread "C2 CompilerThread0"         daemon [_thread_blocked, id=34308, stack(0x0000006ac7200000,0x0000006ac7300000) (1024K)]
  0x000001ec7f99dc80 JavaThread "C1 CompilerThread0"         daemon [_thread_blocked, id=30596, stack(0x0000006ac7300000,0x0000006ac7400000) (1024K)]
  0x000001ec7fb776d0 JavaThread "Common-Cleaner"             daemon [_thread_blocked, id=28980, stack(0x0000006ac7500000,0x0000006ac7600000) (1024K)]
  0x000001ec7fccb060 JavaThread "Notification Thread"        daemon [_thread_blocked, id=32796, stack(0x0000006ac7600000,0x0000006ac7700000) (1024K)]
  0x000001ec595b6fc0 JavaThread "Active Thread: Equinox Container: 0744ed0e-7264-4152-a68a-09e5cdad0880"        [_thread_blocked, id=27784, stack(0x0000006ac7e00000,0x0000006ac7f00000) (1024K)]
  0x000001ec598f0950 JavaThread "Refresh Thread: Equinox Container: 0744ed0e-7264-4152-a68a-09e5cdad0880" daemon [_thread_blocked, id=19072, stack(0x0000006ac8000000,0x0000006ac8100000) (1024K)]
  0x000001ec59a16390 JavaThread "Framework Event Dispatcher: Equinox Container: 0744ed0e-7264-4152-a68a-09e5cdad0880" daemon [_thread_blocked, id=21300, stack(0x0000006ac8100000,0x0000006ac8200000) (1024K)]
  0x000001ec59a1abe0 JavaThread "Start Level: Equinox Container: 0744ed0e-7264-4152-a68a-09e5cdad0880" daemon [_thread_blocked, id=29620, stack(0x0000006ac8200000,0x0000006ac8300000) (1024K)]
  0x000001ec59d7c750 JavaThread "Bundle File Closer"         daemon [_thread_blocked, id=25856, stack(0x0000006ac8500000,0x0000006ac8600000) (1024K)]
  0x000001ec5a1276f0 JavaThread "SCR Component Actor"        daemon [_thread_blocked, id=15264, stack(0x0000006ac7400000,0x0000006ac7500000) (1024K)]
  0x000001ec59ebbe70 JavaThread "Worker-JM"                         [_thread_blocked, id=16400, stack(0x0000006ac8600000,0x0000006ac8700000) (1024K)]
  0x000001ec59ebc500 JavaThread "Java indexing"              daemon [_thread_blocked, id=13660, stack(0x0000006ac8a00000,0x0000006ac8b00000) (1024K)]
  0x000001ec59eb9710 JavaThread "JNA Cleaner"                daemon [_thread_blocked, id=27392, stack(0x0000006ac8b00000,0x0000006ac8c00000) (1024K)]
  0x000001ec59ebb150 JavaThread "Thread-1"                   daemon [_thread_in_native, id=13360, stack(0x0000006ac9000000,0x0000006ac9100000) (1024K)]
  0x000001ec59ebb7e0 JavaThread "Thread-2"                   daemon [_thread_in_native, id=32564, stack(0x0000006ac9100000,0x0000006ac9200000) (1024K)]
  0x000001ec5aa0c470 JavaThread "Thread-3"                   daemon [_thread_in_native, id=19364, stack(0x0000006ac9200000,0x0000006ac9300000) (1024K)]
  0x000001ec5aa0ff80 JavaThread "Thread-4"                   daemon [_thread_in_native, id=32160, stack(0x0000006ac9300000,0x0000006ac9400000) (1024K)]
  0x000001ec5aa0cb00 JavaThread "Thread-5"                   daemon [_thread_in_native, id=5728, stack(0x0000006ac9400000,0x0000006ac9500000) (1024K)]
  0x000001ec5aa0f8f0 JavaThread "Thread-6"                   daemon [_thread_in_native, id=7516, stack(0x0000006ac9500000,0x0000006ac9600000) (1024K)]
  0x000001ec5aa0d820 JavaThread "Thread-7"                   daemon [_thread_in_native, id=26276, stack(0x0000006ac9600000,0x0000006ac9700000) (1024K)]
  0x000001ec5aa0ebd0 JavaThread "Thread-8"                   daemon [_thread_in_native, id=15628, stack(0x0000006ac9700000,0x0000006ac9800000) (1024K)]
  0x000001ec5aa0deb0 JavaThread "Thread-9"                   daemon [_thread_in_native, id=6168, stack(0x0000006ac9800000,0x0000006ac9900000) (1024K)]
  0x000001ec5aa0e540 JavaThread "Thread-10"                  daemon [_thread_in_native, id=22200, stack(0x0000006ac9900000,0x0000006ac9a00000) (1024K)]
  0x000001ec5aa0d190 JavaThread "Thread-11"                  daemon [_thread_in_native, id=19928, stack(0x0000006ac9a00000,0x0000006ac9b00000) (1024K)]
  0x000001ec5aa126e0 JavaThread "Thread-12"                  daemon [_thread_in_native, id=22268, stack(0x0000006ac9b00000,0x0000006ac9c00000) (1024K)]
  0x000001ec5aa10610 JavaThread "Thread-13"                  daemon [_thread_in_native, id=5756, stack(0x0000006ac9c00000,0x0000006ac9d00000) (1024K)]
  0x000001ec5aa11330 JavaThread "pool-2-thread-1"                   [_thread_blocked, id=9072, stack(0x0000006ac9d00000,0x0000006ac9e00000) (1024K)]
  0x000001ec5aa119c0 JavaThread "WorkspaceEventsHandler"            [_thread_blocked, id=31564, stack(0x0000006ac9e00000,0x0000006ac9f00000) (1024K)]
  0x000001ec5aa12050 JavaThread "pool-1-thread-1"                   [_thread_blocked, id=30584, stack(0x0000006ac9f00000,0x0000006aca000000) (1024K)]
  0x000001ec5bda2db0 JavaThread "ForkJoinPool.commonPool-worker-2" daemon [_thread_blocked, id=17820, stack(0x0000006aca300000,0x0000006aca400000) (1024K)]
  0x000001ec5bda2720 JavaThread "Compiler Source File Reader" daemon [_thread_blocked, id=7324, stack(0x0000006ac6700000,0x0000006ac6800000) (1024K)]
  0x000001ec5bda4160 JavaThread "Compiler Source File Reader" daemon [_thread_blocked, id=11936, stack(0x0000006ac7700000,0x0000006ac7800000) (1024K)]
  0x000001ec5bda8300 JavaThread "Worker-6"                          [_thread_blocked, id=4788, stack(0x0000006ac8c00000,0x0000006ac8d00000) (1024K)]
  0x000001ec5bda75e0 JavaThread "Compiler Source File Reader" daemon [_thread_blocked, id=5684, stack(0x0000006ac8d00000,0x0000006ac8e00000) (1024K)]
  0x000001ec5bda5510 JavaThread "Compiler Source File Reader" daemon [_thread_blocked, id=15680, stack(0x0000006ac8e00000,0x0000006ac8f00000) (1024K)]
  0x000001ec5bda5ba0 JavaThread "Compiler Source File Reader" daemon [_thread_blocked, id=17892, stack(0x0000006aca100000,0x0000006aca200000) (1024K)]
  0x000001ec5bda6f50 JavaThread "Compiler Source File Reader" daemon [_thread_blocked, id=4456, stack(0x0000006aca200000,0x0000006aca300000) (1024K)]
  0x000001ec5bda3ad0 JavaThread "Compiler Source File Reader" daemon [_thread_blocked, id=2044, stack(0x0000006ac8700000,0x0000006ac8800000) (1024K)]
  0x000001ec5bda7c70 JavaThread "Compiler Source File Reader" daemon [_thread_blocked, id=29188, stack(0x0000006ac6600000,0x0000006ac6700000) (1024K)]
  0x000001ec5ba4ab30 JavaThread "Compiler Source File Reader" daemon [_thread_blocked, id=6744, stack(0x0000006aca600000,0x0000006aca700000) (1024K)]
  0x000001ec5ba4b850 JavaThread "Compiler Source File Reader" daemon [_thread_blocked, id=5928, stack(0x0000006aca700000,0x0000006aca800000) (1024K)]
  0x000001ec5ba4b1c0 JavaThread "Worker-8"                          [_thread_blocked, id=19064, stack(0x0000006acab00000,0x0000006acac00000) (1024K)]
  0x000001ec5ba483d0 JavaThread "ForkJoinPool.commonPool-worker-12" daemon [_thread_blocked, id=26240, stack(0x0000006aca400000,0x0000006aca500000) (1024K)]
  0x000001ec5ba4bee0 JavaThread "ForkJoinPool.commonPool-worker-13" daemon [_thread_blocked, id=32032, stack(0x0000006aca900000,0x0000006acaa00000) (1024K)]
  0x000001ec5ba48a60 JavaThread "ForkJoinPool.commonPool-worker-14" daemon [_thread_blocked, id=34616, stack(0x0000006acad00000,0x0000006acae00000) (1024K)]
  0x000001ec5ba490f0 JavaThread "ForkJoinPool.commonPool-worker-15" daemon [_thread_blocked, id=19148, stack(0x0000006acae00000,0x0000006acaf00000) (1024K)]
  0x000001ec5ba4c570 JavaThread "ForkJoinPool.commonPool-worker-16" daemon [_thread_blocked, id=9524, stack(0x0000006acaf00000,0x0000006acb000000) (1024K)]
  0x000001ec5ba4e640 JavaThread "ForkJoinPool.commonPool-worker-17" daemon [_thread_blocked, id=26296, stack(0x0000006acb000000,0x0000006acb100000) (1024K)]
Total: 55

Other Threads:
  0x000001ec7e6344a0 VMThread "VM Thread"                           [id=31828, stack(0x0000006ac6b00000,0x0000006ac6c00000) (1024K)]
  0x000001ec7ac0ea40 WatcherThread "VM Periodic Task Thread"        [id=28232, stack(0x0000006ac6a00000,0x0000006ac6b00000) (1024K)]
  0x000001ec7abbdba0 WorkerThread "GC Thread#0"                     [id=11940, stack(0x0000006ac6900000,0x0000006ac6a00000) (1024K)]
  0x000001ec591f7360 WorkerThread "GC Thread#1"                     [id=21564, stack(0x0000006ac7800000,0x0000006ac7900000) (1024K)]
  0x000001ec7fce2090 WorkerThread "GC Thread#2"                     [id=16196, stack(0x0000006ac7900000,0x0000006ac7a00000) (1024K)]
  0x000001ec7fce2440 WorkerThread "GC Thread#3"                     [id=14780, stack(0x0000006ac7a00000,0x0000006ac7b00000) (1024K)]
  0x000001ec7fce27f0 WorkerThread "GC Thread#4"                     [id=18236, stack(0x0000006ac7b00000,0x0000006ac7c00000) (1024K)]
  0x000001ec7fce2ba0 WorkerThread "GC Thread#5"                     [id=17692, stack(0x0000006ac7c00000,0x0000006ac7d00000) (1024K)]
  0x000001ec7fce2f50 WorkerThread "GC Thread#6"                     [id=19852, stack(0x0000006ac7d00000,0x0000006ac7e00000) (1024K)]
  0x000001ec59b48700 WorkerThread "GC Thread#7"                     [id=15100, stack(0x0000006ac7f00000,0x0000006ac8000000) (1024K)]
  0x000001ec59ea95f0 WorkerThread "GC Thread#8"                     [id=24064, stack(0x0000006ac8300000,0x0000006ac8400000) (1024K)]
  0x000001ec59ea99a0 WorkerThread "GC Thread#9"                     [id=7916, stack(0x0000006ac8400000,0x0000006ac8500000) (1024K)]
Total: 12

Threads with active compile tasks:
Total: 0

VM state: not at safepoint (normal execution)

VM Mutex/Monitor currently owned by a thread: None

Heap address: 0x0000000080000000, size: 2048 MB, Compressed Oops mode: 32-bit

CDS archive(s) mapped at: [0x000001ec13000000-0x000001ec13ba0000-0x000001ec13ba0000), size 12189696, SharedBaseAddress: 0x000001ec13000000, ArchiveRelocationMode: 1.
Compressed class space mapped at: 0x000001ec14000000-0x000001ec54000000, reserved size: 1073741824
Narrow klass base: 0x000001ec13000000, Narrow klass shift: 0, Narrow klass range: 0x100000000

GC Precious Log:
 CardTable entry size: 512
 CPUs: 12 total, 12 available
 Memory: 16021M
 Large Page Support: Disabled
 NUMA Support: Disabled
 Compressed Oops: Enabled (32-bit)
 Alignments: Space 512K, Generation 512K, Heap 2M
 Heap Min Capacity: 100M
 Heap Initial Capacity: 100M
 Heap Max Capacity: 2G
 Pre-touch: Disabled
 Parallel Workers: 10

Heap:
 PSYoungGen      total 7680K, used 4080K [0x00000000d5580000, 0x00000000d5f80000, 0x0000000100000000)
  eden space 6144K, 41% used [0x00000000d5580000,0x00000000d57fc388,0x00000000d5b80000)
  from space 1536K, 100% used [0x00000000d5b80000,0x00000000d5d00000,0x00000000d5d00000)
  to   space 2048K, 0% used [0x00000000d5d80000,0x00000000d5d80000,0x00000000d5f80000)
 ParOldGen       total 886272K, used 588396K [0x0000000080000000, 0x00000000b6180000, 0x00000000d5580000)
  object space 886272K, 66% used [0x0000000080000000,0x00000000a3e9b1c8,0x00000000b6180000)
 Metaspace       used 81925K, committed 83648K, reserved 1179648K
  class space    used 8442K, committed 9280K, reserved 1048576K

Card table byte_map: [0x000001ec7a560000,0x000001ec7a970000] _byte_map_base: 0x000001ec7a160000

Marking Bits: (ParMarkBitMap*) 0x00007ffd7c253450
 Begin Bits: [0x000001ec0f000000, 0x000001ec11000000)
 End Bits:   [0x000001ec11000000, 0x000001ec13000000)

Polling page: 0x000001ec78a10000

Metaspace:

Usage:
  Non-class:     71.76 MB used.
      Class:      8.24 MB used.
       Both:     80.01 MB used.

Virtual space:
  Non-class space:      128.00 MB reserved,      72.62 MB ( 57%) committed,  2 nodes.
      Class space:        1.00 GB reserved,       9.06 MB ( <1%) committed,  1 nodes.
             Both:        1.12 GB reserved,      81.69 MB (  7%) committed. 

Chunk freelists:
   Non-Class:  6.63 MB
       Class:  6.87 MB
        Both:  13.50 MB

MaxMetaspaceSize: unlimited
CompressedClassSpaceSize: 1.00 GB
Initial GC threshold: 21.00 MB
Current GC threshold: 129.06 MB
CDS: on
 - commit_granule_bytes: 65536.
 - commit_granule_words: 8192.
 - virtual_space_node_default_size: 8388608.
 - enlarge_chunks_in_place: 1.
 - use_allocation_guard: 0.


Internal statistics:

num_allocs_failed_limit: 9.
num_arena_births: 1436.
num_arena_deaths: 16.
num_vsnodes_births: 3.
num_vsnodes_deaths: 0.
num_space_committed: 1307.
num_space_uncommitted: 0.
num_chunks_returned_to_freelist: 25.
num_chunks_taken_from_freelist: 5084.
num_chunk_merges: 15.
num_chunk_splits: 3174.
num_chunks_enlarged: 1934.
num_inconsistent_stats: 0.

CodeHeap 'non-profiled nmethods': size=120000Kb used=20138Kb max_used=20138Kb free=99861Kb
 bounds [0x000001ec07ad0000, 0x000001ec08e80000, 0x000001ec0f000000]
CodeHeap 'profiled nmethods': size=120000Kb used=43341Kb max_used=43341Kb free=76658Kb
 bounds [0x000001ec00000000, 0x000001ec02a60000, 0x000001ec07530000]
CodeHeap 'non-nmethods': size=5760Kb used=1513Kb max_used=1650Kb free=4247Kb
 bounds [0x000001ec07530000, 0x000001ec077a0000, 0x000001ec07ad0000]
CodeCache: size=245760Kb, used=64992Kb, max_used=65129Kb, free=180766Kb
 total_blobs=18488, nmethods=17667, adapters=722, full_count=0
Compilation: enabled, stopped_count=0, restarted_count=0

Compilation events (20 events):
Event: 737.318 Thread 0x000001ec7f99dc80 nmethod 19736 0x000001ec02a4ba10 code [0x000001ec02a4bbc0, 0x000001ec02a4bd28]
Event: 737.318 Thread 0x000001ec7f99dc80 19738       1       org.eclipse.lsp4j.jsonrpc.messages.IdentifiableMessage::setRawId (6 bytes)
Event: 737.318 Thread 0x000001ec7f99dc80 nmethod 19738 0x000001ec08e79d90 code [0x000001ec08e79f20, 0x000001ec08e7a000]
Event: 737.319 Thread 0x000001ec7ac5c740 nmethod 19737 0x000001ec08e7a090 code [0x000001ec08e7a220, 0x000001ec08e7a310]
Event: 766.657 Thread 0x000001ec7f99dc80 19739       3       org.eclipse.jdt.internal.core.JavaElementDelta$Key::<init> (10 bytes)
Event: 766.657 Thread 0x000001ec7f99dc80 nmethod 19739 0x000001ec02a4be10 code [0x000001ec02a4bfc0, 0x000001ec02a4c148]
Event: 773.105 Thread 0x000001ec7f99dc80 19740       3       org.eclipse.jdt.internal.core.SourceMethod::closing (54 bytes)
Event: 773.105 Thread 0x000001ec7f99dc80 nmethod 19740 0x000001ec02a4c210 code [0x000001ec02a4c400, 0x000001ec02a4c9c0]
Event: 773.105 Thread 0x000001ec7f99dc80 19741       3       org.eclipse.jdt.internal.core.SourceMethodElementInfo::getExtendedChildren (18 bytes)
Event: 773.105 Thread 0x000001ec7f99dc80 nmethod 19741 0x000001ec02a4cc90 code [0x000001ec02a4ce40, 0x000001ec02a4cfc0]
Event: 773.105 Thread 0x000001ec7f99dc80 19742   !   3       com.google.gson.Gson::fromJson (264 bytes)
Event: 773.106 Thread 0x000001ec7f99dc80 nmethod 19742 0x000001ec02a4d090 code [0x000001ec02a4d5e0, 0x000001ec02a4fab8]
Event: 773.107 Thread 0x000001ec7f99dc80 19743       3       java.util.Calendar::setTime (16 bytes)
Event: 773.107 Thread 0x000001ec7f99dc80 nmethod 19743 0x000001ec02a51410 code [0x000001ec02a51600, 0x000001ec02a51bc8]
Event: 773.107 Thread 0x000001ec7ac5c740 19744       4       java.lang.String::encode (48 bytes)
Event: 773.107 Thread 0x000001ec7f99dc80 19745       3       org.eclipse.jdt.internal.core.JavaElementDelta::getChildIndex (131 bytes)
Event: 773.108 Thread 0x000001ec7f99dc80 nmethod 19745 0x000001ec02a51e10 code [0x000001ec02a520e0, 0x000001ec02a530d8]
Event: 773.109 Thread 0x000001ec7ac5c740 nmethod 19744 0x000001ec08e7a410 code [0x000001ec08e7a5e0, 0x000001ec08e7a950]
Event: 788.832 Thread 0x000001ec7f99dc80 19746       3       java.util.concurrent.locks.AbstractQueuedSynchronizer$ConditionObject::unlinkCancelledWaiters (91 bytes)
Event: 788.833 Thread 0x000001ec7f99dc80 nmethod 19746 0x000001ec02a53710 code [0x000001ec02a538c0, 0x000001ec02a53c50]

GC Heap History (20 events):
Event: 726.189 GC heap before
{Heap before GC invocations=1616 (full 4):
 PSYoungGen      total 7680K, used 6624K [0x00000000d5580000, 0x00000000d6100000, 0x0000000100000000)
  eden space 3584K, 100% used [0x00000000d5580000,0x00000000d5900000,0x00000000d5900000)
  from space 4096K, 74% used [0x00000000d5900000,0x00000000d5bf8000,0x00000000d5d00000)
  to   space 3584K, 0% used [0x00000000d5d80000,0x00000000d5d80000,0x00000000d6100000)
 ParOldGen       total 886272K, used 563077K [0x0000000080000000, 0x00000000b6180000, 0x00000000d5580000)
  object space 886272K, 63% used [0x0000000080000000,0x00000000a25e1598,0x00000000b6180000)
 Metaspace       used 81841K, committed 83584K, reserved 1179648K
  class space    used 8442K, committed 9280K, reserved 1048576K
}
Event: 726.193 GC heap after
{Heap after GC invocations=1616 (full 4):
 PSYoungGen      total 7168K, used 2400K [0x00000000d5580000, 0x00000000d6000000, 0x0000000100000000)
  eden space 4608K, 0% used [0x00000000d5580000,0x00000000d5580000,0x00000000d5a00000)
  from space 2560K, 93% used [0x00000000d5d80000,0x00000000d5fd8000,0x00000000d6000000)
  to   space 3072K, 0% used [0x00000000d5a00000,0x00000000d5a00000,0x00000000d5d00000)
 ParOldGen       total 886272K, used 566034K [0x0000000080000000, 0x00000000b6180000, 0x00000000d5580000)
  object space 886272K, 63% used [0x0000000080000000,0x00000000a28c4838,0x00000000b6180000)
 Metaspace       used 81841K, committed 83584K, reserved 1179648K
  class space    used 8442K, committed 9280K, reserved 1048576K
}
Event: 726.201 GC heap before
{Heap before GC invocations=1617 (full 4):
 PSYoungGen      total 7168K, used 7008K [0x00000000d5580000, 0x00000000d6000000, 0x0000000100000000)
  eden space 4608K, 100% used [0x00000000d5580000,0x00000000d5a00000,0x00000000d5a00000)
  from space 2560K, 93% used [0x00000000d5d80000,0x00000000d5fd8000,0x00000000d6000000)
  to   space 3072K, 0% used [0x00000000d5a00000,0x00000000d5a00000,0x00000000d5d00000)
 ParOldGen       total 886272K, used 566034K [0x0000000080000000, 0x00000000b6180000, 0x00000000d5580000)
  object space 886272K, 63% used [0x0000000080000000,0x00000000a28c4838,0x00000000b6180000)
 Metaspace       used 81852K, committed 83584K, reserved 1179648K
  class space    used 8442K, committed 9280K, reserved 1048576K
}
Event: 726.204 GC heap after
{Heap after GC invocations=1617 (full 4):
 PSYoungGen      total 7680K, used 2432K [0x00000000d5580000, 0x00000000d6000000, 0x0000000100000000)
  eden space 4608K, 0% used [0x00000000d5580000,0x00000000d5580000,0x00000000d5a00000)
  from space 3072K, 79% used [0x00000000d5a00000,0x00000000d5c60000,0x00000000d5d00000)
  to   space 2560K, 0% used [0x00000000d5d80000,0x00000000d5d80000,0x00000000d6000000)
 ParOldGen       total 886272K, used 568282K [0x0000000080000000, 0x00000000b6180000, 0x00000000d5580000)
  object space 886272K, 64% used [0x0000000080000000,0x00000000a2af6838,0x00000000b6180000)
 Metaspace       used 81852K, committed 83584K, reserved 1179648K
  class space    used 8442K, committed 9280K, reserved 1048576K
}
Event: 726.212 GC heap before
{Heap before GC invocations=1618 (full 4):
 PSYoungGen      total 7680K, used 7040K [0x00000000d5580000, 0x00000000d6000000, 0x0000000100000000)
  eden space 4608K, 100% used [0x00000000d5580000,0x00000000d5a00000,0x00000000d5a00000)
  from space 3072K, 79% used [0x00000000d5a00000,0x00000000d5c60000,0x00000000d5d00000)
  to   space 2560K, 0% used [0x00000000d5d80000,0x00000000d5d80000,0x00000000d6000000)
 ParOldGen       total 886272K, used 568282K [0x0000000080000000, 0x00000000b6180000, 0x00000000d5580000)
  object space 886272K, 64% used [0x0000000080000000,0x00000000a2af6838,0x00000000b6180000)
 Metaspace       used 81853K, committed 83584K, reserved 1179648K
  class space    used 8442K, committed 9280K, reserved 1048576K
}
Event: 726.216 GC heap after
{Heap after GC invocations=1618 (full 4):
 PSYoungGen      total 7680K, used 1632K [0x00000000d5580000, 0x00000000d5f80000, 0x0000000100000000)
  eden space 5632K, 0% used [0x00000000d5580000,0x00000000d5580000,0x00000000d5b00000)
  from space 2048K, 79% used [0x00000000d5d80000,0x00000000d5f18000,0x00000000d5f80000)
  to   space 2048K, 0% used [0x00000000d5b80000,0x00000000d5b80000,0x00000000d5d80000)
 ParOldGen       total 886272K, used 570327K [0x0000000080000000, 0x00000000b6180000, 0x00000000d5580000)
  object space 886272K, 64% used [0x0000000080000000,0x00000000a2cf5cc8,0x00000000b6180000)
 Metaspace       used 81853K, committed 83584K, reserved 1179648K
  class space    used 8442K, committed 9280K, reserved 1048576K
}
Event: 726.247 GC heap before
{Heap before GC invocations=1619 (full 4):
 PSYoungGen      total 7680K, used 7264K [0x00000000d5580000, 0x00000000d5f80000, 0x0000000100000000)
  eden space 5632K, 100% used [0x00000000d5580000,0x00000000d5b00000,0x00000000d5b00000)
  from space 2048K, 79% used [0x00000000d5d80000,0x00000000d5f18000,0x00000000d5f80000)
  to   space 2048K, 0% used [0x00000000d5b80000,0x00000000d5b80000,0x00000000d5d80000)
 ParOldGen       total 886272K, used 570327K [0x0000000080000000, 0x00000000b6180000, 0x00000000d5580000)
  object space 886272K, 64% used [0x0000000080000000,0x00000000a2cf5cc8,0x00000000b6180000)
 Metaspace       used 81864K, committed 83584K, reserved 1179648K
  class space    used 8442K, committed 9280K, reserved 1048576K
}
Event: 726.251 GC heap after
{Heap after GC invocations=1619 (full 4):
 PSYoungGen      total 8192K, used 2048K [0x00000000d5580000, 0x00000000d6680000, 0x0000000100000000)
  eden space 6144K, 0% used [0x00000000d5580000,0x00000000d5580000,0x00000000d5b80000)
  from space 2048K, 100% used [0x00000000d5b80000,0x00000000d5d80000,0x00000000d5d80000)
  to   space 5120K, 0% used [0x00000000d6180000,0x00000000d6180000,0x00000000d6680000)
 ParOldGen       total 886272K, used 572823K [0x0000000080000000, 0x00000000b6180000, 0x00000000d5580000)
  object space 886272K, 64% used [0x0000000080000000,0x00000000a2f65d08,0x00000000b6180000)
 Metaspace       used 81864K, committed 83584K, reserved 1179648K
  class space    used 8442K, committed 9280K, reserved 1048576K
}
Event: 726.280 GC heap before
{Heap before GC invocations=1620 (full 4):
 PSYoungGen      total 8192K, used 8192K [0x00000000d5580000, 0x00000000d6680000, 0x0000000100000000)
  eden space 6144K, 100% used [0x00000000d5580000,0x00000000d5b80000,0x00000000d5b80000)
  from space 2048K, 100% used [0x00000000d5b80000,0x00000000d5d80000,0x00000000d5d80000)
  to   space 5120K, 0% used [0x00000000d6180000,0x00000000d6180000,0x00000000d6680000)
 ParOldGen       total 886272K, used 572823K [0x0000000080000000, 0x00000000b6180000, 0x00000000d5580000)
  object space 886272K, 64% used [0x0000000080000000,0x00000000a2f65d08,0x00000000b6180000)
 Metaspace       used 81864K, committed 83584K, reserved 1179648K
  class space    used 8442K, committed 9280K, reserved 1048576K
}
Event: 726.284 GC heap after
{Heap after GC invocations=1620 (full 4):
 PSYoungGen      total 8192K, used 5088K [0x00000000d5580000, 0x00000000d6f00000, 0x0000000100000000)
  eden space 3072K, 0% used [0x00000000d5580000,0x00000000d5580000,0x00000000d5880000)
  from space 5120K, 99% used [0x00000000d6180000,0x00000000d6678070,0x00000000d6680000)
  to   space 9216K, 0% used [0x00000000d5880000,0x00000000d5880000,0x00000000d6180000)
 ParOldGen       total 886272K, used 575959K [0x0000000080000000, 0x00000000b6180000, 0x00000000d5580000)
  object space 886272K, 64% used [0x0000000080000000,0x00000000a3275d18,0x00000000b6180000)
 Metaspace       used 81864K, committed 83584K, reserved 1179648K
  class space    used 8442K, committed 9280K, reserved 1048576K
}
Event: 726.289 GC heap before
{Heap before GC invocations=1621 (full 4):
 PSYoungGen      total 8192K, used 8160K [0x00000000d5580000, 0x00000000d6f00000, 0x0000000100000000)
  eden space 3072K, 100% used [0x00000000d5580000,0x00000000d5880000,0x00000000d5880000)
  from space 5120K, 99% used [0x00000000d6180000,0x00000000d6678070,0x00000000d6680000)
  to   space 9216K, 0% used [0x00000000d5880000,0x00000000d5880000,0x00000000d6180000)
 ParOldGen       total 886272K, used 575959K [0x0000000080000000, 0x00000000b6180000, 0x00000000d5580000)
  object space 886272K, 64% used [0x0000000080000000,0x00000000a3275d18,0x00000000b6180000)
 Metaspace       used 81864K, committed 83584K, reserved 1179648K
  class space    used 8442K, committed 9280K, reserved 1048576K
}
Event: 726.295 GC heap after
{Heap after GC invocations=1621 (full 4):
 PSYoungGen      total 6656K, used 3136K [0x00000000d5580000, 0x00000000d6380000, 0x0000000100000000)
  eden space 3072K, 0% used [0x00000000d5580000,0x00000000d5580000,0x00000000d5880000)
  from space 3584K, 87% used [0x00000000d5880000,0x00000000d5b90000,0x00000000d5c00000)
  to   space 5120K, 0% used [0x00000000d5e80000,0x00000000d5e80000,0x00000000d6380000)
 ParOldGen       total 886272K, used 581143K [0x0000000080000000, 0x00000000b6180000, 0x00000000d5580000)
  object space 886272K, 65% used [0x0000000080000000,0x00000000a3785d88,0x00000000b6180000)
 Metaspace       used 81864K, committed 83584K, reserved 1179648K
  class space    used 8442K, committed 9280K, reserved 1048576K
}
Event: 726.309 GC heap before
{Heap before GC invocations=1622 (full 4):
 PSYoungGen      total 6656K, used 6208K [0x00000000d5580000, 0x00000000d6380000, 0x0000000100000000)
  eden space 3072K, 100% used [0x00000000d5580000,0x00000000d5880000,0x00000000d5880000)
  from space 3584K, 87% used [0x00000000d5880000,0x00000000d5b90000,0x00000000d5c00000)
  to   space 5120K, 0% used [0x00000000d5e80000,0x00000000d5e80000,0x00000000d6380000)
 ParOldGen       total 886272K, used 581143K [0x0000000080000000, 0x00000000b6180000, 0x00000000d5580000)
  object space 886272K, 65% used [0x0000000080000000,0x00000000a3785d88,0x00000000b6180000)
 Metaspace       used 81864K, committed 83584K, reserved 1179648K
  class space    used 8442K, committed 9280K, reserved 1048576K
}
Event: 726.314 GC heap after
{Heap after GC invocations=1622 (full 4):
 PSYoungGen      total 6656K, used 2272K [0x00000000d5580000, 0x00000000d6100000, 0x0000000100000000)
  eden space 4096K, 0% used [0x00000000d5580000,0x00000000d5580000,0x00000000d5980000)
  from space 2560K, 88% used [0x00000000d5e80000,0x00000000d60b8000,0x00000000d6100000)
  to   space 3072K, 0% used [0x00000000d5b00000,0x00000000d5b00000,0x00000000d5e00000)
 ParOldGen       total 886272K, used 584239K [0x0000000080000000, 0x00000000b6180000, 0x00000000d5580000)
  object space 886272K, 65% used [0x0000000080000000,0x00000000a3a8bd88,0x00000000b6180000)
 Metaspace       used 81864K, committed 83584K, reserved 1179648K
  class space    used 8442K, committed 9280K, reserved 1048576K
}
Event: 726.338 GC heap before
{Heap before GC invocations=1623 (full 4):
 PSYoungGen      total 6656K, used 6368K [0x00000000d5580000, 0x00000000d6100000, 0x0000000100000000)
  eden space 4096K, 100% used [0x00000000d5580000,0x00000000d5980000,0x00000000d5980000)
  from space 2560K, 88% used [0x00000000d5e80000,0x00000000d60b8000,0x00000000d6100000)
  to   space 3072K, 0% used [0x00000000d5b00000,0x00000000d5b00000,0x00000000d5e00000)
 ParOldGen       total 886272K, used 584239K [0x0000000080000000, 0x00000000b6180000, 0x00000000d5580000)
  object space 886272K, 65% used [0x0000000080000000,0x00000000a3a8bd88,0x00000000b6180000)
 Metaspace       used 81864K, committed 83584K, reserved 1179648K
  class space    used 8442K, committed 9280K, reserved 1048576K
}
Event: 726.342 GC heap after
{Heap after GC invocations=1623 (full 4):
 PSYoungGen      total 6656K, used 1376K [0x00000000d5580000, 0x00000000d5f00000, 0x0000000100000000)
  eden space 5120K, 0% used [0x00000000d5580000,0x00000000d5580000,0x00000000d5a80000)
  from space 1536K, 89% used [0x00000000d5b00000,0x00000000d5c58000,0x00000000d5c80000)
  to   space 2048K, 0% used [0x00000000d5d00000,0x00000000d5d00000,0x00000000d5f00000)
 ParOldGen       total 886272K, used 586423K [0x0000000080000000, 0x00000000b6180000, 0x00000000d5580000)
  object space 886272K, 66% used [0x0000000080000000,0x00000000a3cadd88,0x00000000b6180000)
 Metaspace       used 81864K, committed 83584K, reserved 1179648K
  class space    used 8442K, committed 9280K, reserved 1048576K
}
Event: 726.347 GC heap before
{Heap before GC invocations=1624 (full 4):
 PSYoungGen      total 6656K, used 6496K [0x00000000d5580000, 0x00000000d5f00000, 0x0000000100000000)
  eden space 5120K, 100% used [0x00000000d5580000,0x00000000d5a80000,0x00000000d5a80000)
  from space 1536K, 89% used [0x00000000d5b00000,0x00000000d5c58000,0x00000000d5c80000)
  to   space 2048K, 0% used [0x00000000d5d00000,0x00000000d5d00000,0x00000000d5f00000)
 ParOldGen       total 886272K, used 586423K [0x0000000080000000, 0x00000000b6180000, 0x00000000d5580000)
  object space 886272K, 66% used [0x0000000080000000,0x00000000a3cadd88,0x00000000b6180000)
 Metaspace       used 81868K, committed 83584K, reserved 1179648K
  class space    used 8442K, committed 9280K, reserved 1048576K
}
Event: 726.350 GC heap after
{Heap after GC invocations=1624 (full 4):
 PSYoungGen      total 7680K, used 928K [0x00000000d5580000, 0x00000000d5e80000, 0x0000000100000000)
  eden space 6144K, 0% used [0x00000000d5580000,0x00000000d5580000,0x00000000d5b80000)
  from space 1536K, 60% used [0x00000000d5d00000,0x00000000d5de8000,0x00000000d5e80000)
  to   space 1536K, 0% used [0x00000000d5b80000,0x00000000d5b80000,0x00000000d5d00000)
 ParOldGen       total 886272K, used 587641K [0x0000000080000000, 0x00000000b6180000, 0x00000000d5580000)
  object space 886272K, 66% used [0x0000000080000000,0x00000000a3dde718,0x00000000b6180000)
 Metaspace       used 81868K, committed 83584K, reserved 1179648K
  class space    used 8442K, committed 9280K, reserved 1048576K
}
Event: 726.858 GC heap before
{Heap before GC invocations=1625 (full 4):
 PSYoungGen      total 7680K, used 7072K [0x00000000d5580000, 0x00000000d5e80000, 0x0000000100000000)
  eden space 6144K, 100% used [0x00000000d5580000,0x00000000d5b80000,0x00000000d5b80000)
  from space 1536K, 60% used [0x00000000d5d00000,0x00000000d5de8000,0x00000000d5e80000)
  to   space 1536K, 0% used [0x00000000d5b80000,0x00000000d5b80000,0x00000000d5d00000)
 ParOldGen       total 886272K, used 587641K [0x0000000080000000, 0x00000000b6180000, 0x00000000d5580000)
  object space 886272K, 66% used [0x0000000080000000,0x00000000a3dde718,0x00000000b6180000)
 Metaspace       used 81911K, committed 83648K, reserved 1179648K
  class space    used 8442K, committed 9280K, reserved 1048576K
}
Event: 726.860 GC heap after
{Heap after GC invocations=1625 (full 4):
 PSYoungGen      total 7680K, used 1536K [0x00000000d5580000, 0x00000000d5f80000, 0x0000000100000000)
  eden space 6144K, 0% used [0x00000000d5580000,0x00000000d5580000,0x00000000d5b80000)
  from space 1536K, 100% used [0x00000000d5b80000,0x00000000d5d00000,0x00000000d5d00000)
  to   space 2048K, 0% used [0x00000000d5d80000,0x00000000d5d80000,0x00000000d5f80000)
 ParOldGen       total 886272K, used 588396K [0x0000000080000000, 0x00000000b6180000, 0x00000000d5580000)
  object space 886272K, 66% used [0x0000000080000000,0x00000000a3e9b1c8,0x00000000b6180000)
 Metaspace       used 81911K, committed 83648K, reserved 1179648K
  class space    used 8442K, committed 9280K, reserved 1048576K
}

Dll operation events (14 events):
Event: 0.016 Loaded shared library c:\Users\kluan\.vscode\extensions\redhat.java-1.54.0-win32-x64\jre\21.0.10-win32-x86_64\bin\java.dll
Event: 0.074 Loaded shared library c:\Users\kluan\.vscode\extensions\redhat.java-1.54.0-win32-x64\jre\21.0.10-win32-x86_64\bin\zip.dll
Event: 0.091 Loaded shared library C:\Users\kluan\.vscode\extensions\redhat.java-1.54.0-win32-x64\jre\21.0.10-win32-x86_64\bin\instrument.dll
Event: 0.097 Loaded shared library C:\Users\kluan\.vscode\extensions\redhat.java-1.54.0-win32-x64\jre\21.0.10-win32-x86_64\bin\net.dll
Event: 0.100 Loaded shared library C:\Users\kluan\.vscode\extensions\redhat.java-1.54.0-win32-x64\jre\21.0.10-win32-x86_64\bin\nio.dll
Event: 0.102 Loaded shared library C:\Users\kluan\.vscode\extensions\redhat.java-1.54.0-win32-x64\jre\21.0.10-win32-x86_64\bin\zip.dll
Event: 0.118 Loaded shared library C:\Users\kluan\.vscode\extensions\redhat.java-1.54.0-win32-x64\jre\21.0.10-win32-x86_64\bin\jimage.dll
Event: 0.200 Loaded shared library c:\Users\kluan\.vscode\extensions\redhat.java-1.54.0-win32-x64\jre\21.0.10-win32-x86_64\bin\verify.dll
Event: 1.568 Loaded shared library C:\Users\kluan\AppData\Roaming\Code\User\globalStorage\redhat.java\1.54.0\config_win\org.eclipse.equinox.launcher\org.eclipse.equinox.launcher.win32.win32.x86_64_1.3.0.v20260203-2149\eclipse_11919.dll
Event: 4.501 Loaded shared library C:\Users\kluan\.vscode\extensions\redhat.java-1.54.0-win32-x64\jre\21.0.10-win32-x86_64\bin\management.dll
Event: 4.505 Loaded shared library C:\Users\kluan\.vscode\extensions\redhat.java-1.54.0-win32-x64\jre\21.0.10-win32-x86_64\bin\management_ext.dll
Event: 5.540 Loaded shared library C:\Users\kluan\AppData\Local\Temp\jna-102149729\jna12763442576175536489.dll
Event: 5.777 Loaded shared library C:\Users\kluan\.vscode\extensions\redhat.java-1.54.0-win32-x64\jre\21.0.10-win32-x86_64\bin\sunmscapi.dll
Event: 7.401 Loaded shared library C:\Users\kluan\.vscode\extensions\redhat.java-1.54.0-win32-x64\jre\21.0.10-win32-x86_64\bin\extnet.dll

Deoptimization events (20 events):
Event: 726.095 Thread 0x000001ec5aa12050 DEOPT PACKING pc=0x000001ec0017ef27 sp=0x0000006ac9ffe960
Event: 726.095 Thread 0x000001ec5aa12050 DEOPT UNPACKING pc=0x000001ec075878e2 sp=0x0000006ac9ffde58 mode 0
Event: 726.109 Thread 0x000001ec5ba4f9f0 Uncommon trap: trap_request=0xffffffc6 fr.pc=0x000001ec0850294c relative=0x00000000000001ec
Event: 726.109 Thread 0x000001ec5ba4f9f0 Uncommon trap: reason=bimorphic_or_optimized_type_check action=maybe_recompile pc=0x000001ec0850294c method=java.util.stream.ReduceOps$ReduceOp.evaluateSequential(Ljava/util/stream/PipelineHelper;Ljava/util/Spliterator;)Ljava/lang/Object; @ 2 c2
Event: 726.109 Thread 0x000001ec5ba4f9f0 DEOPT PACKING pc=0x000001ec0850294c sp=0x0000006acc0fe940
Event: 726.109 Thread 0x000001ec5ba4f9f0 DEOPT UNPACKING pc=0x000001ec07586da2 sp=0x0000006acc0fe8d8 mode 2
Event: 726.346 Thread 0x000001ec5bda1370 Uncommon trap: trap_request=0xffffffc6 fr.pc=0x000001ec08c74424 relative=0x0000000000005184
Event: 726.346 Thread 0x000001ec5bda1370 Uncommon trap: reason=bimorphic_or_optimized_type_check action=maybe_recompile pc=0x000001ec08c74424 method=org.eclipse.jdt.internal.compiler.lookup.LookupEnvironment.convertUnresolvedBinaryToRawType(Lorg/eclipse/jdt/internal/compiler/lookup/TypeBinding;)
Event: 726.346 Thread 0x000001ec5bda1370 DEOPT PACKING pc=0x000001ec08c74424 sp=0x0000006ac8ffe3f0
Event: 726.346 Thread 0x000001ec5bda1370 DEOPT UNPACKING pc=0x000001ec07586da2 sp=0x0000006ac8ffe148 mode 2
Event: 726.350 Thread 0x000001ec5bda1370 Uncommon trap: trap_request=0xffffffde fr.pc=0x000001ec08c39308 relative=0x0000000000000d48
Event: 726.350 Thread 0x000001ec5bda1370 Uncommon trap: reason=class_check action=maybe_recompile pc=0x000001ec08c39308 method=org.eclipse.jdt.internal.compiler.lookup.PackageBinding.addType(Lorg/eclipse/jdt/internal/compiler/lookup/ReferenceBinding;)V @ 72 c2
Event: 726.350 Thread 0x000001ec5bda1370 DEOPT PACKING pc=0x000001ec08c39308 sp=0x0000006ac8ffe2a0
Event: 726.350 Thread 0x000001ec5bda1370 DEOPT UNPACKING pc=0x000001ec07586da2 sp=0x0000006ac8ffe238 mode 2
Event: 726.350 Thread 0x000001ec59ebc500 DEOPT PACKING pc=0x000001ec000ac81c sp=0x0000006ac8afec00
Event: 726.350 Thread 0x000001ec59ebc500 DEOPT UNPACKING pc=0x000001ec075878e2 sp=0x0000006ac8afe178 mode 0
Event: 737.189 Thread 0x000001ec59eb9da0 Uncommon trap: trap_request=0xffffff45 fr.pc=0x000001ec08b56e04 relative=0x0000000000000724
Event: 737.189 Thread 0x000001ec59eb9da0 Uncommon trap: reason=unstable_if action=reinterpret pc=0x000001ec08b56e04 method=java.util.stream.AbstractPipeline.evaluateToArrayNode(Ljava/util/function/IntFunction;)Ljava/util/stream/Node; @ 26 c2
Event: 737.189 Thread 0x000001ec59eb9da0 DEOPT PACKING pc=0x000001ec08b56e04 sp=0x0000006ac65fedc0
Event: 737.189 Thread 0x000001ec59eb9da0 DEOPT UNPACKING pc=0x000001ec07586da2 sp=0x0000006ac65fed70 mode 2

Classes loaded (20 events):
Event: 27.010 Loading class java/io/CharArrayWriter
Event: 27.011 Loading class java/io/CharArrayWriter done
Event: 27.033 Loading class java/nio/file/attribute/PosixFileAttributes
Event: 27.033 Loading class java/nio/file/attribute/PosixFileAttributes done
Event: 27.517 Loading class jdk/internal/module/IllegalAccessLogger
Event: 27.517 Loading class jdk/internal/module/IllegalAccessLogger done
Event: 27.694 Loading class java/lang/StringUTF16$LinesSpliterator
Event: 27.695 Loading class java/lang/StringUTF16$LinesSpliterator done
Event: 28.600 Loading class jdk/internal/module/IllegalAccessLogger
Event: 28.600 Loading class jdk/internal/module/IllegalAccessLogger done
Event: 29.499 Loading class jdk/internal/module/IllegalAccessLogger
Event: 29.499 Loading class jdk/internal/module/IllegalAccessLogger done
Event: 436.567 Loading class java/lang/UnsupportedClassVersionError
Event: 436.567 Loading class java/lang/UnsupportedClassVersionError done
Event: 645.592 Loading class java/util/stream/ReduceOps$5
Event: 645.594 Loading class java/util/stream/ReduceOps$5 done
Event: 645.594 Loading class java/util/stream/ReduceOps$CountingSink$OfRef
Event: 645.594 Loading class java/util/stream/ReduceOps$CountingSink
Event: 645.595 Loading class java/util/stream/ReduceOps$CountingSink done
Event: 645.595 Loading class java/util/stream/ReduceOps$CountingSink$OfRef done

Classes unloaded (8 events):
Event: 5.065 Thread 0x000001ec7e6344a0 Unloading class 0x000001ec141ab400 'java/lang/invoke/LambdaForm$MH+0x000001ec141ab400'
Event: 5.065 Thread 0x000001ec7e6344a0 Unloading class 0x000001ec141ab000 'java/lang/invoke/LambdaForm$MH+0x000001ec141ab000'
Event: 5.065 Thread 0x000001ec7e6344a0 Unloading class 0x000001ec141aac00 'java/lang/invoke/LambdaForm$MH+0x000001ec141aac00'
Event: 5.065 Thread 0x000001ec7e6344a0 Unloading class 0x000001ec141aa800 'java/lang/invoke/LambdaForm$MH+0x000001ec141aa800'
Event: 5.065 Thread 0x000001ec7e6344a0 Unloading class 0x000001ec141aa400 'java/lang/invoke/LambdaForm$BMH+0x000001ec141aa400'
Event: 5.065 Thread 0x000001ec7e6344a0 Unloading class 0x000001ec141aa000 'java/lang/invoke/LambdaForm$DMH+0x000001ec141aa000'
Event: 5.065 Thread 0x000001ec7e6344a0 Unloading class 0x000001ec141a8c00 'java/lang/invoke/LambdaForm$DMH+0x000001ec141a8c00'
Event: 14.946 Thread 0x000001ec7e6344a0 Unloading class 0x000001ec1464c400 'java/lang/invoke/LambdaForm$DMH+0x000001ec1464c400'

Classes redefined (0 events):
No events

Internal exceptions (20 events):
Event: 593.246 Thread 0x000001ec5aa12050 Exception <a 'sun/nio/fs/WindowsException'{0x00000000d572cf50}> (0x00000000d572cf50) 
thrown [s\src\hotspot\share\prims\jni.cpp, line 520]
Event: 593.630 Thread 0x000001ec59ebc500 Exception <a 'sun/nio/fs/WindowsException'{0x00000000d5652e78}> (0x00000000d5652e78) 
thrown [s\src\hotspot\share\prims\jni.cpp, line 520]
Event: 619.695 Thread 0x000001ec5aa12050 Exception <a 'sun/nio/fs/WindowsException'{0x00000000d563ee20}> (0x00000000d563ee20) 
thrown [s\src\hotspot\share\prims\jni.cpp, line 520]
Event: 619.751 Thread 0x000001ec59ebc500 Exception <a 'sun/nio/fs/WindowsException'{0x00000000d5892968}> (0x00000000d5892968) 
thrown [s\src\hotspot\share\prims\jni.cpp, line 520]
Event: 620.032 Thread 0x000001ec59ebc500 Exception <a 'sun/nio/fs/WindowsException'{0x00000000d57e2660}> (0x00000000d57e2660) 
thrown [s\src\hotspot\share\prims\jni.cpp, line 520]
Event: 641.386 Thread 0x000001ec5aa12050 Exception <a 'java/lang/IncompatibleClassChangeError'{0x00000000d5703040}: Found class java.lang.Object, but interface was expected> (0x00000000d5703040) 
thrown [s\src\hotspot\share\interpreter\linkResolver.cpp, line 840]
Event: 645.583 Thread 0x000001ec59ebc500 Exception <a 'sun/nio/fs/WindowsException'{0x00000000d55962b0}> (0x00000000d55962b0) 
thrown [s\src\hotspot\share\prims\jni.cpp, line 520]
Event: 645.884 Thread 0x000001ec59ebc500 Exception <a 'sun/nio/fs/WindowsException'{0x00000000d567d660}> (0x00000000d567d660) 
thrown [s\src\hotspot\share\prims\jni.cpp, line 520]
Event: 673.206 Thread 0x000001ec59ebc500 Exception <a 'sun/nio/fs/WindowsException'{0x00000000d570f450}> (0x00000000d570f450) 
thrown [s\src\hotspot\share\prims\jni.cpp, line 520]
Event: 673.580 Thread 0x000001ec59ebc500 Exception <a 'sun/nio/fs/WindowsException'{0x00000000d5893d78}> (0x00000000d5893d78) 
thrown [s\src\hotspot\share\prims\jni.cpp, line 520]
Event: 726.028 Thread 0x000001ec5aa12050 Exception <a 'java/lang/IncompatibleClassChangeError'{0x00000000d5899a20}: Found class java.lang.Object, but interface was expected> (0x00000000d5899a20) 
thrown [s\src\hotspot\share\interpreter\linkResolver.cpp, line 840]
Event: 726.029 Thread 0x000001ec5aa12050 Exception <a 'java/lang/IncompatibleClassChangeError'{0x00000000d589d778}: Found class java.lang.Object, but interface was expected> (0x00000000d589d778) 
thrown [s\src\hotspot\share\interpreter\linkResolver.cpp, line 840]
Event: 726.106 Thread 0x000001ec59ebc500 Exception <a 'sun/nio/fs/WindowsException'{0x00000000d5593f28}> (0x00000000d5593f28) 
thrown [s\src\hotspot\share\prims\jni.cpp, line 520]
Event: 726.330 Thread 0x000001ec59ebc500 Exception <a 'sun/nio/fs/WindowsException'{0x00000000d55a46d0}> (0x00000000d55a46d0) 
thrown [s\src\hotspot\share\prims\jni.cpp, line 520]
Event: 737.191 Thread 0x000001ec5aa0f260 Exception <a 'sun/nio/fs/WindowsException'{0x00000000d56b7ba8}> (0x00000000d56b7ba8) 
thrown [s\src\hotspot\share\prims\jni.cpp, line 520]
Event: 737.191 Thread 0x000001ec5aa0f260 Exception <a 'sun/nio/fs/WindowsException'{0x00000000d56b86f0}> (0x00000000d56b86f0) 
thrown [s\src\hotspot\share\prims\jni.cpp, line 520]
Event: 737.191 Thread 0x000001ec5aa0f260 Exception <a 'sun/nio/fs/WindowsException'{0x00000000d56bae90}> (0x00000000d56bae90) 
thrown [s\src\hotspot\share\prims\jni.cpp, line 520]
Event: 737.191 Thread 0x000001ec5aa0f260 Exception <a 'sun/nio/fs/WindowsException'{0x00000000d56bb9a0}> (0x00000000d56bb9a0) 
thrown [s\src\hotspot\share\prims\jni.cpp, line 520]
Event: 737.192 Thread 0x000001ec5aa0f260 Exception <a 'sun/nio/fs/WindowsException'{0x00000000d56bd350}> (0x00000000d56bd350) 
thrown [s\src\hotspot\share\prims\jni.cpp, line 520]
Event: 737.192 Thread 0x000001ec5aa0f260 Exception <a 'sun/nio/fs/WindowsException'{0x00000000d56bde58}> (0x00000000d56bde58) 
thrown [s\src\hotspot\share\prims\jni.cpp, line 520]

ZGC Phase Switch (0 events):
No events

VM Operations (20 events):
Event: 726.308 Executing safepoint VM operation: ParallelGCFailedAllocation (Allocation Failure)
Event: 726.314 Executing safepoint VM operation: ParallelGCFailedAllocation (Allocation Failure) done
Event: 726.338 Executing safepoint VM operation: ParallelGCFailedAllocation (Allocation Failure)
Event: 726.342 Executing safepoint VM operation: ParallelGCFailedAllocation (Allocation Failure) done
Event: 726.347 Executing safepoint VM operation: ParallelGCFailedAllocation (Allocation Failure)
Event: 726.350 Executing safepoint VM operation: ParallelGCFailedAllocation (Allocation Failure) done
Event: 726.858 Executing safepoint VM operation: ParallelGCFailedAllocation (Allocation Failure)
Event: 726.860 Executing safepoint VM operation: ParallelGCFailedAllocation (Allocation Failure) done
Event: 727.860 Executing safepoint VM operation: Cleanup
Event: 727.860 Executing safepoint VM operation: Cleanup done
Event: 737.865 Executing safepoint VM operation: Cleanup
Event: 737.865 Executing safepoint VM operation: Cleanup done
Event: 766.997 Executing safepoint VM operation: Cleanup
Event: 766.997 Executing safepoint VM operation: Cleanup done
Event: 781.385 Executing non-safepoint VM operation: HandshakeAllThreads (HandshakeForDeflation)
Event: 781.386 Executing non-safepoint VM operation: HandshakeAllThreads (HandshakeForDeflation) done
Event: 781.386 Executing non-safepoint VM operation: RendezvousGCThreads
Event: 781.386 Executing non-safepoint VM operation: RendezvousGCThreads done
Event: 800.498 Executing safepoint VM operation: Cleanup
Event: 800.498 Executing safepoint VM operation: Cleanup done

Memory protections (0 events):
No events

Nmethod flushes (20 events):
Event: 50.004 Thread 0x000001ec7e6344a0 flushing  nmethod 0x000001ec013f0c90
Event: 50.004 Thread 0x000001ec7e6344a0 flushing  nmethod 0x000001ec013f1890
Event: 50.004 Thread 0x000001ec7e6344a0 flushing  nmethod 0x000001ec013f2210
Event: 50.004 Thread 0x000001ec7e6344a0 flushing  nmethod 0x000001ec013fd310
Event: 50.004 Thread 0x000001ec7e6344a0 flushing  nmethod 0x000001ec013fda10
Event: 50.004 Thread 0x000001ec7e6344a0 flushing osr nmethod 0x000001ec01402c90
Event: 50.004 Thread 0x000001ec7e6344a0 flushing  nmethod 0x000001ec01405b90
Event: 50.004 Thread 0x000001ec7e6344a0 flushing  nmethod 0x000001ec01413210
Event: 50.004 Thread 0x000001ec7e6344a0 flushing  nmethod 0x000001ec0141b810
Event: 50.004 Thread 0x000001ec7e6344a0 flushing  nmethod 0x000001ec0149f910
Event: 50.004 Thread 0x000001ec7e6344a0 flushing  nmethod 0x000001ec014d7090
Event: 50.004 Thread 0x000001ec7e6344a0 flushing  nmethod 0x000001ec0157ab90
Event: 50.004 Thread 0x000001ec7e6344a0 flushing  nmethod 0x000001ec0157b010
Event: 50.004 Thread 0x000001ec7e6344a0 flushing  nmethod 0x000001ec0157b390
Event: 50.004 Thread 0x000001ec7e6344a0 flushing  nmethod 0x000001ec0157ca90
Event: 50.004 Thread 0x000001ec7e6344a0 flushing  nmethod 0x000001ec0157d210
Event: 50.004 Thread 0x000001ec7e6344a0 flushing  nmethod 0x000001ec0157d690
Event: 50.004 Thread 0x000001ec7e6344a0 flushing  nmethod 0x000001ec0157e090
Event: 50.004 Thread 0x000001ec7e6344a0 flushing  nmethod 0x000001ec01585910
Event: 50.004 Thread 0x000001ec7e6344a0 flushing  nmethod 0x000001ec015a9a90

Events (20 events):
Event: 737.189 Thread 0x000001ec5aa0f260 Thread added: 0x000001ec59eb9da0
Event: 737.189 Thread 0x000001ec59eb9da0 Thread exited: 0x000001ec59eb9da0
Event: 737.192 Thread 0x000001ec5aa0f260 Thread added: 0x000001ec59eb9080
Event: 737.192 Thread 0x000001ec59eb9080 Thread added: 0x000001ec59eb9da0
Event: 737.192 Thread 0x000001ec59eb9080 Thread added: 0x000001ec59eba430
Event: 737.192 Thread 0x000001ec59eb9080 Thread added: 0x000001ec59ebaac0
Event: 737.193 Thread 0x000001ec59eb9080 Thread added: 0x000001ec5bda47f0
Event: 737.193 Thread 0x000001ec59eb9da0 Thread added: 0x000001ec5bda4e80
Event: 737.193 Thread 0x000001ec5bda47f0 Thread exited: 0x000001ec5bda47f0
Event: 737.193 Thread 0x000001ec59eb9080 Thread exited: 0x000001ec59eb9080
Event: 737.193 Thread 0x000001ec5bda4e80 Thread exited: 0x000001ec5bda4e80
Event: 737.193 Thread 0x000001ec59eb9da0 Thread exited: 0x000001ec59eb9da0
Event: 737.193 Thread 0x000001ec59ebaac0 Thread exited: 0x000001ec59ebaac0
Event: 737.193 Thread 0x000001ec59eba430 Thread exited: 0x000001ec59eba430
Event: 737.206 Thread 0x000001ec7f99dc80 Thread added: 0x000001ec7f99e350
Event: 737.318 Thread 0x000001ec7f99e350 Thread exited: 0x000001ec7f99e350
Event: 786.223 Thread 0x000001ec5ba4f9f0 Thread exited: 0x000001ec5ba4f9f0
Event: 786.362 Thread 0x000001ec5bda1370 Thread exited: 0x000001ec5bda1370
Event: 797.320 Thread 0x000001ec5bda6230 Thread exited: 0x000001ec5bda6230
Event: 797.320 Thread 0x000001ec5aa0f260 Thread exited: 0x000001ec5aa0f260


Dynamic libraries:
0x00007ff696670000 - 0x00007ff69667e000 	c:\Users\kluan\.vscode\extensions\redhat.java-1.54.0-win32-x64\jre\21.0.10-win32-x86_64\bin\java.exe
0x00007ffe3f060000 - 0x00007ffe3f2c7000 	C:\Windows\SYSTEM32\ntdll.dll
0x00007ffe3d430000 - 0x00007ffe3d4f9000 	C:\Windows\System32\KERNEL32.DLL
0x00007ffe3c9e0000 - 0x00007ffe3cdd7000 	C:\Windows\System32\KERNELBASE.dll
0x00007ffe3c300000 - 0x00007ffe3c44b000 	C:\Windows\System32\ucrtbase.dll
0x00007ffe0d5b0000 - 0x00007ffe0d5c8000 	c:\Users\kluan\.vscode\extensions\redhat.java-1.54.0-win32-x64\jre\21.0.10-win32-x86_64\bin\jli.dll
0x00007ffe0d770000 - 0x00007ffe0d78e000 	c:\Users\kluan\.vscode\extensions\redhat.java-1.54.0-win32-x64\jre\21.0.10-win32-x86_64\bin\VCRUNTIME140.dll
0x00007ffe3d620000 - 0x00007ffe3d7e6000 	C:\Windows\System32\USER32.dll
0x00007ffe3c900000 - 0x00007ffe3c927000 	C:\Windows\System32\win32u.dll
0x00007ffe3cde0000 - 0x00007ffe3ce0b000 	C:\Windows\System32\GDI32.dll
0x00007ffe3c710000 - 0x00007ffe3c83c000 	C:\Windows\System32\gdi32full.dll
0x00007ffe0f800000 - 0x00007ffe0fa92000 	C:\Windows\WinSxS\amd64_microsoft.windows.common-controls_6595b64144ccf1df_6.0.26100.8457_none_3e0b2faee331e92d\COMCTL32.dll
0x00007ffe3c930000 - 0x00007ffe3c9d3000 	C:\Windows\System32\msvcp_win.dll
0x00007ffe3d570000 - 0x00007ffe3d619000 	C:\Windows\System32\msvcrt.dll
0x00007ffe3e800000 - 0x00007ffe3e832000 	C:\Windows\System32\IMM32.DLL
0x00007ffe19fc0000 - 0x00007ffe19fcc000 	c:\Users\kluan\.vscode\extensions\redhat.java-1.54.0-win32-x64\jre\21.0.10-win32-x86_64\bin\vcruntime140_1.dll
0x00007ffdfafc0000 - 0x00007ffdfb04d000 	c:\Users\kluan\.vscode\extensions\redhat.java-1.54.0-win32-x64\jre\21.0.10-win32-x86_64\bin\msvcp140.dll
0x00007ffd7b590000 - 0x00007ffd7c331000 	c:\Users\kluan\.vscode\extensions\redhat.java-1.54.0-win32-x64\jre\21.0.10-win32-x86_64\bin\server\jvm.dll
0x00007ffe3e740000 - 0x00007ffe3e7f6000 	C:\Windows\System32\ADVAPI32.dll
0x00007ffe3ef70000 - 0x00007ffe3f017000 	C:\Windows\System32\sechost.dll
0x00007ffe3e870000 - 0x00007ffe3e988000 	C:\Windows\System32\RPCRT4.dll
0x00007ffe3e0d0000 - 0x00007ffe3e150000 	C:\Windows\System32\WS2_32.dll
0x00007ffe3b8f0000 - 0x00007ffe3b94e000 	C:\Windows\SYSTEM32\POWRPROF.dll
0x00007ffe3b3b0000 - 0x00007ffe3b3bb000 	C:\Windows\SYSTEM32\VERSION.dll
0x00007ffe30d20000 - 0x00007ffe30d56000 	C:\Windows\SYSTEM32\WINMM.dll
0x00007ffe3b8d0000 - 0x00007ffe3b8e4000 	C:\Windows\SYSTEM32\UMPDC.dll
0x00007ffe3a790000 - 0x00007ffe3a7ab000 	C:\Windows\SYSTEM32\kernel.appcore.dll
0x00007ffe179e0000 - 0x00007ffe179ea000 	c:\Users\kluan\.vscode\extensions\redhat.java-1.54.0-win32-x64\jre\21.0.10-win32-x86_64\bin\jimage.dll
0x00007ffe39950000 - 0x00007ffe39b92000 	C:\Windows\SYSTEM32\DBGHELP.DLL
0x00007ffe3e9a0000 - 0x00007ffe3ed23000 	C:\Windows\System32\combase.dll
0x00007ffe3dff0000 - 0x00007ffe3e0c9000 	C:\Windows\System32\OLEAUT32.dll
0x00007ffe0d7b0000 - 0x00007ffe0d7eb000 	C:\Windows\SYSTEM32\dbgcore.DLL
0x00007ffe3c660000 - 0x00007ffe3c708000 	C:\Windows\System32\bcryptPrimitives.dll
0x00007ffe0d460000 - 0x00007ffe0d46f000 	c:\Users\kluan\.vscode\extensions\redhat.java-1.54.0-win32-x64\jre\21.0.10-win32-x86_64\bin\instrument.dll
0x00007ffe0d260000 - 0x00007ffe0d280000 	c:\Users\kluan\.vscode\extensions\redhat.java-1.54.0-win32-x64\jre\21.0.10-win32-x86_64\bin\java.dll
0x00007ffe3d870000 - 0x00007ffe3dfde000 	C:\Windows\System32\SHELL32.dll
0x00007ffe3ba90000 - 0x00007ffe3c2fc000 	C:\Windows\System32\windows.storage.dll
0x00007ffe3d330000 - 0x00007ffe3d426000 	C:\Windows\System32\SHCORE.dll
0x00007ffe3e570000 - 0x00007ffe3e5d6000 	C:\Windows\System32\shlwapi.dll
0x00007ffe3b9b0000 - 0x00007ffe3b9d9000 	C:\Windows\SYSTEM32\profapi.dll
0x00007ffe09810000 - 0x00007ffe09828000 	c:\Users\kluan\.vscode\extensions\redhat.java-1.54.0-win32-x64\jre\21.0.10-win32-x86_64\bin\zip.dll
0x00007ffe0d2e0000 - 0x00007ffe0d2f0000 	C:\Users\kluan\.vscode\extensions\redhat.java-1.54.0-win32-x64\jre\21.0.10-win32-x86_64\bin\net.dll
0x00007ffe34010000 - 0x00007ffe34139000 	C:\Windows\SYSTEM32\WINHTTP.dll
0x00007ffe3ad20000 - 0x00007ffe3ad8c000 	C:\Windows\system32\mswsock.dll
0x00007ffe07140000 - 0x00007ffe07156000 	C:\Users\kluan\.vscode\extensions\redhat.java-1.54.0-win32-x64\jre\21.0.10-win32-x86_64\bin\nio.dll
0x00007ffe07190000 - 0x00007ffe071a0000 	c:\Users\kluan\.vscode\extensions\redhat.java-1.54.0-win32-x64\jre\21.0.10-win32-x86_64\bin\verify.dll
0x00007ffdfaf70000 - 0x00007ffdfafb5000 	C:\Users\kluan\AppData\Roaming\Code\User\globalStorage\redhat.java\1.54.0\config_win\org.eclipse.equinox.launcher\org.eclipse.equinox.launcher.win32.win32.x86_64_1.3.0.v20260203-2149\eclipse_11919.dll
0x00007ffe3ed30000 - 0x00007ffe3eec7000 	C:\Windows\System32\ole32.dll
0x00007ffe07130000 - 0x00007ffe0713a000 	C:\Users\kluan\.vscode\extensions\redhat.java-1.54.0-win32-x64\jre\21.0.10-win32-x86_64\bin\management.dll
0x00007ffe05500000 - 0x00007ffe0550c000 	C:\Users\kluan\.vscode\extensions\redhat.java-1.54.0-win32-x64\jre\21.0.10-win32-x86_64\bin\management_ext.dll
0x00007ffe3e990000 - 0x00007ffe3e998000 	C:\Windows\System32\PSAPI.DLL
0x00007ffe3b000000 - 0x00007ffe3b01b000 	C:\Windows\SYSTEM32\CRYPTSP.dll
0x00007ffe3a6f0000 - 0x00007ffe3a729000 	C:\Windows\system32\rsaenh.dll
0x00007ffe3add0000 - 0x00007ffe3ae03000 	C:\Windows\SYSTEM32\USERENV.dll
0x00007ffe3b980000 - 0x00007ffe3b9aa000 	C:\Windows\SYSTEM32\bcrypt.dll
0x00007ffe3b020000 - 0x00007ffe3b02c000 	C:\Windows\SYSTEM32\CRYPTBASE.dll
0x00007ffe3a170000 - 0x00007ffe3a1a2000 	C:\Windows\SYSTEM32\IPHLPAPI.DLL
0x00007ffe3eed0000 - 0x00007ffe3eeda000 	C:\Windows\System32\NSI.dll
0x00007ffdd0ee0000 - 0x00007ffdd0f29000 	C:\Users\kluan\AppData\Local\Temp\jna-102149729\jna12763442576175536489.dll
0x00007ffe33f80000 - 0x00007ffe33f9d000 	C:\Windows\SYSTEM32\dhcpcsvc6.DLL
0x00007ffe34160000 - 0x00007ffe34185000 	C:\Windows\SYSTEM32\dhcpcsvc.DLL
0x00007ffdfc940000 - 0x00007ffdfc94e000 	C:\Users\kluan\.vscode\extensions\redhat.java-1.54.0-win32-x64\jre\21.0.10-win32-x86_64\bin\sunmscapi.dll
0x00007ffe3c450000 - 0x00007ffe3c5c8000 	C:\Windows\System32\CRYPT32.dll
0x00007ffe3b220000 - 0x00007ffe3b250000 	C:\Windows\SYSTEM32\ncrypt.dll
0x00007ffe3b1d0000 - 0x00007ffe3b20f000 	C:\Windows\SYSTEM32\NTASN1.dll
0x00007ffe3a260000 - 0x00007ffe3a392000 	C:\Windows\SYSTEM32\DNSAPI.dll
0x00007ffe341d0000 - 0x00007ffe341db000 	C:\Windows\System32\rasadhlp.dll
0x00007ffe33910000 - 0x00007ffe33996000 	C:\Windows\System32\fwpuclnt.dll
0x00007ffdfc930000 - 0x00007ffdfc939000 	C:\Users\kluan\.vscode\extensions\redhat.java-1.54.0-win32-x64\jre\21.0.10-win32-x86_64\bin\extnet.dll

JVMTI agents:
c:\Users\kluan\.vscode\extensions\redhat.java-1.54.0-win32-x64\lombok\lombok-1.18.39-4050.jar path:c:\Users\kluan\.vscode\extensions\redhat.java-1.54.0-win32-x64\jre\21.0.10-win32-x86_64\bin\instrument.dll, loaded, initialized, instrumentlib options:none

dbghelp: loaded successfully - version: 4.0.5 - missing functions: none
symbol engine: initialized successfully - sym options: 0x614 - pdb path: .;c:\Users\kluan\.vscode\extensions\redhat.java-1.54.0-win32-x64\jre\21.0.10-win32-x86_64\bin;C:\Windows\SYSTEM32;C:\Windows\WinSxS\amd64_microsoft.windows.common-controls_6595b64144ccf1df_6.0.26100.8457_none_3e0b2faee331e92d;c:\Users\kluan\.vscode\extensions\redhat.java-1.54.0-win32-x64\jre\21.0.10-win32-x86_64\bin\server;C:\Users\kluan\AppData\Roaming\Code\User\globalStorage\redhat.java\1.54.0\config_win\org.eclipse.equinox.launcher\org.eclipse.equinox.launcher.win32.win32.x86_64_1.3.0.v20260203-2149;C:\Users\kluan\AppData\Local\Temp\jna-102149729

VM Arguments:
jvm_args: --add-modules=ALL-SYSTEM --add-opens=java.base/java.util=ALL-UNNAMED --add-opens=java.base/java.lang=ALL-UNNAMED --add-opens=java.base/sun.nio.fs=ALL-UNNAMED -Declipse.application=org.eclipse.jdt.ls.core.id1 -Dosgi.bundles.defaultStartLevel=4 -Declipse.product=org.eclipse.jdt.ls.core.product -Djava.import.generatesMetadataFilesAtProjectRoot=false -DDetectVMInstallationsJob.disabled=true -Dfile.encoding=utf8 -XX:+UseParallelGC -XX:GCTimeRatio=4 -XX:AdaptiveSizePolicyWeight=90 -Dsun.zip.disableMemoryMapping=true -Xmx2G -Xms100m -Xlog:disable -javaagent:c:\Users\kluan\.vscode\extensions\redhat.java-1.54.0-win32-x64\lombok\lombok-1.18.39-4050.jar -XX:+HeapDumpOnOutOfMemoryError -XX:HeapDumpPath=c:\Users\kluan\AppData\Roaming\Code\User\workspaceStorage\13059fb17748409e67614d8feaa6e16c\redhat.java -Daether.dependencyCollector.impl=bf 
java_command: c:\Users\kluan\.vscode\extensions\redhat.java-1.54.0-win32-x64\server\plugins\org.eclipse.equinox.launcher_1.7.100.v20251111-0406.jar -configuration c:\Users\kluan\AppData\Roaming\Code\User\globalStorage\redhat.java\1.54.0\config_win -data c:\Users\kluan\AppData\Roaming\Code\User\workspaceStorage\13059fb17748409e67614d8feaa6e16c\redhat.java\jdt_ws --pipe=\\.\pipe\lsp-574fa5d129aa1458e16be8fc112c0bb4-sock
java_class_path (initial): c:\Users\kluan\.vscode\extensions\redhat.java-1.54.0-win32-x64\server\plugins\org.eclipse.equinox.launcher_1.7.100.v20251111-0406.jar
Launcher Type: SUN_STANDARD

[Global flags]
    uintx AdaptiveSizePolicyWeight                 = 90                                        {product} {command line}
     intx CICompilerCount                          = 4                                         {product} {ergonomic}
    uintx GCTimeRatio                              = 4                                         {product} {command line}
     bool HeapDumpOnOutOfMemoryError               = true                                   {manageable} {command line}
    ccstr HeapDumpPath                             = c:\Users\kluan\AppData\Roaming\Code\User\workspaceStorage\13059fb17748409e67614d8feaa6e16c\redhat.java         {manageable} {command line}
   size_t InitialHeapSize                          = 104857600                                 {product} {command line}
   size_t MaxHeapSize                              = 2147483648                                {product} {command line}
   size_t MaxNewSize                               = 715653120                                 {product} {ergonomic}
   size_t MinHeapDeltaBytes                        = 524288                                    {product} {ergonomic}
   size_t MinHeapSize                              = 104857600                                 {product} {command line}
   size_t NewSize                                  = 34603008                                  {product} {ergonomic}
    uintx NonNMethodCodeHeapSize                   = 5839372                                {pd product} {ergonomic}
    uintx NonProfiledCodeHeapSize                  = 122909434                              {pd product} {ergonomic}
   size_t OldSize                                  = 70254592                                  {product} {ergonomic}
    uintx ProfiledCodeHeapSize                     = 122909434                              {pd product} {ergonomic}
    uintx ReservedCodeCacheSize                    = 251658240                              {pd product} {ergonomic}
     bool SegmentedCodeCache                       = true                                      {product} {ergonomic}
   size_t SoftMaxHeapSize                          = 2147483648                             {manageable} {ergonomic}
     bool UseCompressedOops                        = true                           {product lp64_product} {ergonomic}
     bool UseLargePagesIndividualAllocation        = false                                  {pd product} {ergonomic}
     bool UseParallelGC                            = true                                      {product} {command line}

Logging:
Log output configuration:
 #0: stdout all=off uptime,level,tags foldmultilines=false
 #1: stderr all=off uptime,level,tags foldmultilines=false

Release file:
JAVA_VERSION="21.0.10" 
MODULES="java.base java.compiler java.datatransfer java.xml java.prefs java.desktop java.instrument java.logging java.management java.security.sasl java.naming java.rmi java.management.rmi java.net.http java.scripting java.security.jgss java.transaction.xa java.sql java.sql.rowset java.xml.crypto java.se java.smartcardio jdk.accessibility jdk.internal.jvmstat jdk.attach jdk.charsets jdk.internal.opt jdk.zipfs jdk.compiler jdk.crypto.ec jdk.crypto.cryptoki jdk.crypto.mscapi jdk.dynalink jdk.internal.ed jdk.editpad jdk.hotspot.agent jdk.httpserver jdk.internal.le jdk.internal.vm.ci jdk.internal.vm.compiler jdk.internal.vm.compiler.management jdk.jartool jdk.javadoc jdk.jcmd jdk.management jdk.management.agent jdk.jconsole jdk.jdeps jdk.jdwp.agent jdk.jdi jdk.jfr jdk.jshell jdk.jsobject jdk.jstatd jdk.localedata jdk.management.jfr jdk.naming.dns jdk.naming.rmi jdk.net jdk.nio.mapmode jdk.random jdk.sctp jdk.security.auth jdk.security.jgss jdk.unsupported jdk.unsupported.desktop jdk.xml.dom" 

Environment Variables:
PATH=C:\Program Files\Common Files\Oracle\Java\javapath;C:\Program Files (x86)\Common Files\Oracle\Java\java8path;C:\Program Files (x86)\Common Files\Oracle\Java\javapath;C:\windows\system32;C:\windows;C:\windows\System32\Wbem;C:\windows\System32\WindowsPowerShell\v1.0\;C:\windows\System32\OpenSSH\;C:\Program Files (x86)\NVIDIA Corporation\PhysX\Common;C:\Program Files\NVIDIA Corporation\NVIDIA NvDLISR;C:\Windows\system32;C:\Windows;C:\Windows\System32\Wbem;C:\Windows\System32\WindowsPowerShell\v1.0\;C:\Windows\System32\OpenSSH\;C:\Program Files\Cloudflare\Cloudflare WARP\;C:\Program Files\MongoDB\Server\8.0\bin;C:\Users\kluan\Downloads\mongosh-2.5.7-win32-x64\mongosh-2.5.7-win32-x64\bin;C:\Users\kluan\Downloads\mongodb-database-tools-windows-x86_64-100.13.0\mongodb-database-tools-windows-x86_64-100.13.0\bin;C:\Program Files\Microsoft SQL Server\150\Tools\Binn\;C:\Program Files\nodejs\;C:\Program Files\Git\cmd;C:\Users\kluan\AppData\Local\Android\Sdk\platform-tools;C:\Users\kluan\AppData\Local\Android\Sdk\emulator;C:\Users\kluan\AppData\Local\Android\Sdk\tools;C:\Users\kluan\AppData\Local\Android\Sdk\tools\bin;C:\Users\kluan\Downloads\mongosh-2.5.9-win32-x64\mongosh-2.5.9-win32-x64\bin;C:\Program Files\apache-maven-3.9.14\bin;;C:\Program Files\Docker\Docker\resources\bin;C:\Users\kluan\AppData\Local\Microsoft\WindowsApps;C:\Users\kluan\AppData\Local\Programs\Microsoft VS Code\bin;C:\Users\kluan\AppData\Roaming\npm;C:\Users\kluan\AppData\Local\Programs\Antigravity\bin
USERNAME=kluan
OS=Windows_NT
PROCESSOR_IDENTIFIER=Intel64 Family 6 Model 141 Stepping 1, GenuineIntel
TMP=C:\Users\kluan\AppData\Local\Temp
TEMP=C:\Users\kluan\AppData\Local\Temp




Periodic native trim disabled

---------------  S Y S T E M  ---------------

OS:
 Windows 11 , 64 bit Build 26100 (10.0.26100.8328)
OS uptime: 0 days 5:23 hours
Hyper-V role detected

CPU: total 12 (initial active 12) (6 cores per cpu, 2 threads per core) family 6 model 141 stepping 1 microcode 0x4e, cx8, cmov, fxsr, ht, mmx, 3dnowpref, sse, sse2, sse3, ssse3, sse4.1, sse4.2, popcnt, lzcnt, tsc, tscinvbit, avx, avx2, aes, erms, clmul, bmi1, bmi2, adx, avx512f, avx512dq, avx512cd, avx512bw, avx512vl, sha, fma, vzeroupper, avx512_vpopcntdq, avx512_vpclmulqdq, avx512_vaes, avx512_vnni, clflush, clflushopt, clwb, avx512_vbmi2, avx512_vbmi, hv, rdtscp, rdpid, fsrm, gfni, avx512_bitalg, f16c, cet_ibt, cet_ss, avx512_ifma
Processor Information for the first 12 processors :
  Max Mhz: 2688, Current Mhz: 2688, Mhz Limit: 2688

Memory: 4k page, system-wide physical 16021M (1348M free)
TotalPageFile size 25275M (AvailPageFile size 8M)
current process WorkingSet (physical memory assigned to process): 688M, peak: 1348M
current process commit charge ("private bytes"): 1279M, peak: 1294M

vm_info: OpenJDK 64-Bit Server VM (21.0.10+7-LTS) for windows-amd64 JRE (21.0.10+7-LTS), built on 2026-01-20T00:00:00Z by "admin" with MS VC++ 17.12 (VS2022)

END.
