#
# There is insufficient memory for the Java Runtime Environment to continue.
# Native memory allocation (malloc) failed to allocate 1589136 bytes. Error detail: Chunk::new
# Possible reasons:
#   The system is out of physical RAM or swap space
#   This process is running with CompressedOops enabled, and the Java Heap may be blocking the growth of the native heap
# Possible solutions:
#   Reduce memory load on the system
#   Increase physical memory or swap space
#   Check if swap backing store is full
#   Decrease Java heap size (-Xmx/-Xms)
#   Decrease number of Java threads
#   Decrease Java thread stack sizes (-Xss)
#   Set larger code cache with -XX:ReservedCodeCacheSize=
#   JVM is running with Unscaled Compressed Oops mode in which the Java heap is
#     placed in the first 4GB address space. The Java Heap base address is the
#     maximum limit for the native heap growth. Please use -XX:HeapBaseMinAddress
#     to set the Java Heap base and to place the Java Heap above 4GB virtual address.
# This output file may be truncated or incomplete.
#
#  Out of Memory Error (arena.cpp:168), pid=26600, tid=24632
#
# JRE version: OpenJDK Runtime Environment Temurin-21.0.10+7 (21.0.10+7) (build 21.0.10+7-LTS)
# Java VM: OpenJDK 64-Bit Server VM Temurin-21.0.10+7 (21.0.10+7-LTS, mixed mode, sharing, tiered, compressed oops, compressed class ptrs, parallel gc, windows-amd64)
# No core dump will be written. Minidumps are not enabled by default on client versions of Windows
#

---------------  S U M M A R Y ------------

Command Line: --add-modules=ALL-SYSTEM --add-opens=java.base/java.util=ALL-UNNAMED --add-opens=java.base/java.lang=ALL-UNNAMED --add-opens=java.base/sun.nio.fs=ALL-UNNAMED -Declipse.application=org.eclipse.jdt.ls.core.id1 -Dosgi.bundles.defaultStartLevel=4 -Declipse.product=org.eclipse.jdt.ls.core.product -Djava.import.generatesMetadataFilesAtProjectRoot=false -DDetectVMInstallationsJob.disabled=true -Dfile.encoding=utf8 -XX:+UseParallelGC -XX:GCTimeRatio=4 -XX:AdaptiveSizePolicyWeight=90 -Dsun.zip.disableMemoryMapping=true -Xmx2G -Xms100m -Xlog:disable -javaagent:c:\Users\Admin\.kiro\extensions\redhat.java-1.54.0-win32-x64\lombok\lombok-1.18.39-4050.jar -XX:+HeapDumpOnOutOfMemoryError -XX:HeapDumpPath=c:\Users\Admin\AppData\Roaming\Kiro\User\workspaceStorage\e83c676382f64ffc09d522b9f8caf3cf\redhat.java -Daether.dependencyCollector.impl=bf c:\Users\Admin\.kiro\extensions\redhat.java-1.54.0-win32-x64\server\plugins\org.eclipse.equinox.launcher_1.7.100.v20251111-0406.jar -configuration c:\Users\Admin\AppData\Roaming\Kiro\User\globalStorage\redhat.java\1.54.0\config_win -data c:\Users\Admin\AppData\Roaming\Kiro\User\workspaceStorage\e83c676382f64ffc09d522b9f8caf3cf\redhat.java\jdt_ws --pipe=\\.\pipe\lsp-56d73c79785799c085f944b57decb16a-sock

Host: 11th Gen Intel(R) Core(TM) i7-11800H @ 2.30GHz, 16 cores, 15G,  Windows 11 , 64 bit Build 26100 (10.0.26100.7705)
Time: Sat May 30 21:46:52 2026 SE Asia Standard Time elapsed time: 739.197922 seconds (0d 0h 12m 19s)

---------------  T H R E A D  ---------------

Current thread (0x0000027cdab39d50):  JavaThread "C2 CompilerThread2" daemon [_thread_in_native, id=24632, stack(0x000000b288000000,0x000000b288100000) (1024K)]


Current CompileTask:
C2:739198 14701   !   4       java.io.ObjectOutputStream::writeObject0 (620 bytes)

Stack: [0x000000b288000000,0x000000b288100000]
Native frames: (J=compiled Java code, j=interpreted, Vv=VM code, C=native code)
V  [jvm.dll+0x6d7a39]
V  [jvm.dll+0x8b4b26]
V  [jvm.dll+0x8b70de]
V  [jvm.dll+0x8b77c3]
V  [jvm.dll+0x284346]
V  [jvm.dll+0xc66ed]
V  [jvm.dll+0xc6c31]
V  [jvm.dll+0x3bec01]
V  [jvm.dll+0x38b162]
V  [jvm.dll+0x38a5aa]
V  [jvm.dll+0x24c560]
V  [jvm.dll+0x24bb40]
V  [jvm.dll+0x1cb34e]
V  [jvm.dll+0x25b85d]
V  [jvm.dll+0x259dea]
V  [jvm.dll+0x3f857e]
V  [jvm.dll+0x85f59d]
V  [jvm.dll+0x6d626d]
C  [ucrtbase.dll+0x37b0]
C  [KERNEL32.DLL+0x2e8d7]
C  [ntdll.dll+0x8c40c]


---------------  P R O C E S S  ---------------

Threads class SMR info:
_java_thread_list=0x0000027cdb03c0c0, length=49, elements={
0x0000027cf993d1e0, 0x0000027cfd3eb720, 0x0000027cfd3ed840, 0x0000027cf99e5d80,
0x0000027cf99e69e0, 0x0000027cf99ef950, 0x0000027cf99f98e0, 0x0000027cf99fcad0,
0x0000027cf99fd180, 0x0000027cfeaafd70, 0x0000027cfea87830, 0x0000027cd45d2210,
0x0000027cd91ee200, 0x0000027cd4466780, 0x0000027cd91c6620, 0x0000027cd4404840,
0x0000027cd458e040, 0x0000027cd925c8d0, 0x0000027cd99da950, 0x0000027cd99d95a0,
0x0000027cd99db670, 0x0000027cd99d81f0, 0x0000027cdac168d0, 0x0000027cdac19030,
0x0000027cdac196c0, 0x0000027cdac18310, 0x0000027cdac175f0, 0x0000027cdac16f60,
0x0000027cdac17c80, 0x0000027cdac189a0, 0x0000027cdac19d50, 0x0000027cdba96cd0,
0x0000027cdba94570, 0x0000027cdba95920, 0x0000027cdba96640, 0x0000027cdba95290,
0x0000027cdba97360, 0x0000027cdba93ee0, 0x0000027cdba979f0, 0x0000027cdba98080,
0x0000027cdba9ae70, 0x0000027cdba98710, 0x0000027cdba98da0, 0x0000027cdd1c11c0,
0x0000027cdd1c0b30, 0x0000027cdd1c3290, 0x0000027cdd1bfe10, 0x0000027cdab3b1c0,
0x0000027cdab39d50
}

Java Threads: ( => current thread )
  0x0000027cf993d1e0 JavaThread "main"                              [_thread_blocked, id=22896, stack(0x000000b286f00000,0x000000b287000000) (1024K)]
  0x0000027cfd3eb720 JavaThread "Reference Handler"          daemon [_thread_blocked, id=5776, stack(0x000000b287300000,0x000000b287400000) (1024K)]
  0x0000027cfd3ed840 JavaThread "Finalizer"                  daemon [_thread_blocked, id=18388, stack(0x000000b287400000,0x000000b287500000) (1024K)]
  0x0000027cf99e5d80 JavaThread "Signal Dispatcher"          daemon [_thread_blocked, id=26020, stack(0x000000b287500000,0x000000b287600000) (1024K)]
  0x0000027cf99e69e0 JavaThread "Attach Listener"            daemon [_thread_blocked, id=23924, stack(0x000000b287600000,0x000000b287700000) (1024K)]
  0x0000027cf99ef950 JavaThread "Service Thread"             daemon [_thread_blocked, id=4960, stack(0x000000b287700000,0x000000b287800000) (1024K)]
  0x0000027cf99f98e0 JavaThread "Monitor Deflation Thread"   daemon [_thread_blocked, id=17612, stack(0x000000b287800000,0x000000b287900000) (1024K)]
  0x0000027cf99fcad0 JavaThread "C2 CompilerThread0"         daemon [_thread_blocked, id=18924, stack(0x000000b287900000,0x000000b287a00000) (1024K)]
  0x0000027cf99fd180 JavaThread "C1 CompilerThread0"         daemon [_thread_blocked, id=25924, stack(0x000000b287a00000,0x000000b287b00000) (1024K)]
  0x0000027cfeaafd70 JavaThread "Common-Cleaner"             daemon [_thread_blocked, id=17956, stack(0x000000b287e00000,0x000000b287f00000) (1024K)]
  0x0000027cfea87830 JavaThread "Notification Thread"        daemon [_thread_blocked, id=25328, stack(0x000000b287f00000,0x000000b288000000) (1024K)]
  0x0000027cd45d2210 JavaThread "Active Thread: Equinox Container: cf580f1a-8883-45ac-8f91-47bed18b55f6"        [_thread_blocked, id=24316, stack(0x000000b288900000,0x000000b288a00000) (1024K)]
  0x0000027cd91ee200 JavaThread "Refresh Thread: Equinox Container: cf580f1a-8883-45ac-8f91-47bed18b55f6" daemon [_thread_blocked, id=8388, stack(0x000000b287b00000,0x000000b287c00000) (1024K)]
  0x0000027cd4466780 JavaThread "Framework Event Dispatcher: Equinox Container: cf580f1a-8883-45ac-8f91-47bed18b55f6" daemon [_thread_blocked, id=15460, stack(0x000000b287c00000,0x000000b287d00000) (1024K)]
  0x0000027cd91c6620 JavaThread "Start Level: Equinox Container: cf580f1a-8883-45ac-8f91-47bed18b55f6" daemon [_thread_blocked, id=14428, stack(0x000000b287d00000,0x000000b287e00000) (1024K)]
  0x0000027cd4404840 JavaThread "Bundle File Closer"         daemon [_thread_blocked, id=24048, stack(0x000000b288c00000,0x000000b288d00000) (1024K)]
  0x0000027cd458e040 JavaThread "SCR Component Actor"        daemon [_thread_blocked, id=24600, stack(0x000000b288e00000,0x000000b288f00000) (1024K)]
  0x0000027cd925c8d0 JavaThread "Worker-JM"                         [_thread_blocked, id=10472, stack(0x000000b289400000,0x000000b289500000) (1024K)]
  0x0000027cd99da950 JavaThread "JNA Cleaner"                daemon [_thread_blocked, id=8752, stack(0x000000b289200000,0x000000b289300000) (1024K)]
  0x0000027cd99d95a0 JavaThread "Java indexing"              daemon [_thread_blocked, id=5508, stack(0x000000b289900000,0x000000b289a00000) (1024K)]
  0x0000027cd99db670 JavaThread "Thread-1"                   daemon [_thread_in_native, id=756, stack(0x000000b289e00000,0x000000b289f00000) (1024K)]
  0x0000027cd99d81f0 JavaThread "Thread-2"                   daemon [_thread_in_native, id=17496, stack(0x000000b289f00000,0x000000b28a000000) (1024K)]
  0x0000027cdac168d0 JavaThread "Thread-3"                   daemon [_thread_in_native, id=10648, stack(0x000000b28a000000,0x000000b28a100000) (1024K)]
  0x0000027cdac19030 JavaThread "Thread-4"                   daemon [_thread_in_native, id=17768, stack(0x000000b28a100000,0x000000b28a200000) (1024K)]
  0x0000027cdac196c0 JavaThread "Thread-5"                   daemon [_thread_in_native, id=5728, stack(0x000000b28a200000,0x000000b28a300000) (1024K)]
  0x0000027cdac18310 JavaThread "Thread-6"                   daemon [_thread_in_native, id=27268, stack(0x000000b28a300000,0x000000b28a400000) (1024K)]
  0x0000027cdac175f0 JavaThread "Thread-7"                   daemon [_thread_in_native, id=16628, stack(0x000000b28a400000,0x000000b28a500000) (1024K)]
  0x0000027cdac16f60 JavaThread "Thread-8"                   daemon [_thread_in_native, id=22656, stack(0x000000b28a500000,0x000000b28a600000) (1024K)]
  0x0000027cdac17c80 JavaThread "Thread-9"                   daemon [_thread_in_native, id=3496, stack(0x000000b28a600000,0x000000b28a700000) (1024K)]
  0x0000027cdac189a0 JavaThread "Thread-10"                  daemon [_thread_in_native, id=13736, stack(0x000000b28a700000,0x000000b28a800000) (1024K)]
  0x0000027cdac19d50 JavaThread "Thread-11"                  daemon [_thread_in_native, id=1864, stack(0x000000b28a800000,0x000000b28a900000) (1024K)]
  0x0000027cdba96cd0 JavaThread "Thread-12"                  daemon [_thread_in_native, id=15100, stack(0x000000b28a900000,0x000000b28aa00000) (1024K)]
  0x0000027cdba94570 JavaThread "Thread-13"                  daemon [_thread_in_native, id=24248, stack(0x000000b28aa00000,0x000000b28ab00000) (1024K)]
  0x0000027cdba95920 JavaThread "Thread-14"                  daemon [_thread_in_native, id=9996, stack(0x000000b28ab00000,0x000000b28ac00000) (1024K)]
  0x0000027cdba96640 JavaThread "Thread-15"                  daemon [_thread_in_native, id=26076, stack(0x000000b28ac00000,0x000000b28ad00000) (1024K)]
  0x0000027cdba95290 JavaThread "Thread-16"                  daemon [_thread_in_native, id=5852, stack(0x000000b28ad00000,0x000000b28ae00000) (1024K)]
  0x0000027cdba97360 JavaThread "Thread-17"                  daemon [_thread_in_native, id=19404, stack(0x000000b28ae00000,0x000000b28af00000) (1024K)]
  0x0000027cdba93ee0 JavaThread "pool-2-thread-1"                   [_thread_blocked, id=24148, stack(0x000000b28af00000,0x000000b28b000000) (1024K)]
  0x0000027cdba979f0 JavaThread "WorkspaceEventsHandler"            [_thread_blocked, id=25808, stack(0x000000b28b400000,0x000000b28b500000) (1024K)]
  0x0000027cdba98080 JavaThread "pool-1-thread-1"                   [_thread_blocked, id=28380, stack(0x000000b28b500000,0x000000b28b600000) (1024K)]
  0x0000027cdba9ae70 JavaThread "ForkJoinPool.commonPool-worker-5" daemon [_thread_blocked, id=21704, stack(0x000000b28ba00000,0x000000b28bb00000) (1024K)]
  0x0000027cdba98710 JavaThread "ForkJoinPool.commonPool-worker-7" daemon [_thread_blocked, id=460, stack(0x000000b28bc00000,0x000000b28bd00000) (1024K)]
  0x0000027cdba98da0 JavaThread "ForkJoinPool.commonPool-worker-8" daemon [_thread_blocked, id=14296, stack(0x000000b28bd00000,0x000000b28be00000) (1024K)]
  0x0000027cdd1c11c0 JavaThread "ForkJoinPool.commonPool-worker-14" daemon [_thread_blocked, id=6204, stack(0x000000b28c300000,0x000000b28c400000) (1024K)]
  0x0000027cdd1c0b30 JavaThread "ForkJoinPool.commonPool-worker-15" daemon [_thread_blocked, id=28480, stack(0x000000b28c400000,0x000000b28c500000) (1024K)]
  0x0000027cdd1c3290 JavaThread "Worker-4"                          [_thread_blocked, id=9392, stack(0x000000b286c00000,0x000000b286d00000) (1024K)]
  0x0000027cdd1bfe10 JavaThread "Worker-5"                          [_thread_blocked, id=7932, stack(0x000000b286d00000,0x000000b286e00000) (1024K)]
  0x0000027cdab3b1c0 JavaThread "C2 CompilerThread1"         daemon [_thread_blocked, id=7896, stack(0x000000b286e00000,0x000000b286f00000) (1024K)]
=>0x0000027cdab39d50 JavaThread "C2 CompilerThread2"         daemon [_thread_in_native, id=24632, stack(0x000000b288000000,0x000000b288100000) (1024K)]
Total: 49

Other Threads:
  0x0000027cf99e1740 VMThread "VM Thread"                           [id=28104, stack(0x000000b287200000,0x000000b287300000) (1024K)]
  0x0000027cf99ab080 WatcherThread "VM Periodic Task Thread"        [id=23660, stack(0x000000b287100000,0x000000b287200000) (1024K)]
  0x0000027cf995b600 WorkerThread "GC Thread#0"                     [id=17672, stack(0x000000b287000000,0x000000b287100000) (1024K)]
  0x0000027cd44eb6a0 WorkerThread "GC Thread#1"                     [id=9304, stack(0x000000b288100000,0x000000b288200000) (1024K)]
  0x0000027cd44ea7e0 WorkerThread "GC Thread#2"                     [id=16888, stack(0x000000b288200000,0x000000b288300000) (1024K)]
  0x0000027cd44ebe00 WorkerThread "GC Thread#3"                     [id=3172, stack(0x000000b288300000,0x000000b288400000) (1024K)]
  0x0000027cd44ec1b0 WorkerThread "GC Thread#4"                     [id=22128, stack(0x000000b288400000,0x000000b288500000) (1024K)]
  0x0000027cd44eab90 WorkerThread "GC Thread#5"                     [id=17684, stack(0x000000b288500000,0x000000b288600000) (1024K)]
  0x0000027cd44eaf40 WorkerThread "GC Thread#6"                     [id=22696, stack(0x000000b288600000,0x000000b288700000) (1024K)]
  0x0000027cd92c38b0 WorkerThread "GC Thread#7"                     [id=26144, stack(0x000000b288a00000,0x000000b288b00000) (1024K)]
  0x0000027cd92c4770 WorkerThread "GC Thread#8"                     [id=12512, stack(0x000000b288700000,0x000000b288800000) (1024K)]
  0x0000027cd92c68a0 WorkerThread "GC Thread#9"                     [id=15996, stack(0x000000b288800000,0x000000b288900000) (1024K)]
  0x0000027cd92c5280 WorkerThread "GC Thread#10"                    [id=5976, stack(0x000000b288b00000,0x000000b288c00000) (1024K)]
  0x0000027cd92c6c50 WorkerThread "GC Thread#11"                    [id=15188, stack(0x000000b289300000,0x000000b289400000) (1024K)]
  0x0000027cd92c43c0 WorkerThread "GC Thread#12"                    [id=8840, stack(0x000000b289500000,0x000000b289600000) (1024K)]
Total: 15

Threads with active compile tasks:
C2 CompilerThread2  740223 14701   !   4       java.io.ObjectOutputStream::writeObject0 (620 bytes)
Total: 1

VM state: not at safepoint (normal execution)

VM Mutex/Monitor currently owned by a thread: None

Heap address: 0x0000000080000000, size: 2048 MB, Compressed Oops mode: 32-bit

CDS archive(s) mapped at: [0x0000027c93000000-0x0000027c93ba0000-0x0000027c93ba0000), size 12189696, SharedBaseAddress: 0x0000027c93000000, ArchiveRelocationMode: 1.
Compressed class space mapped at: 0x0000027c94000000-0x0000027cd4000000, reserved size: 1073741824
Narrow klass base: 0x0000027c93000000, Narrow klass shift: 0, Narrow klass range: 0x100000000

GC Precious Log:
 CardTable entry size: 512
 CPUs: 16 total, 16 available
 Memory: 16085M
 Large Page Support: Disabled
 NUMA Support: Disabled
 Compressed Oops: Enabled (32-bit)
 Alignments: Space 512K, Generation 512K, Heap 2M
 Heap Min Capacity: 100M
 Heap Initial Capacity: 100M
 Heap Max Capacity: 2G
 Pre-touch: Disabled
 Parallel Workers: 13

Heap:
 PSYoungGen      total 7680K, used 6256K [0x00000000d5580000, 0x00000000d6280000, 0x0000000100000000)
  eden space 5632K, 74% used [0x00000000d5580000,0x00000000d599eae0,0x00000000d5b00000)
  from space 2048K, 99% used [0x00000000d6080000,0x00000000d627d750,0x00000000d6280000)
  to   space 3072K, 0% used [0x00000000d5c80000,0x00000000d5c80000,0x00000000d5f80000)
 ParOldGen       total 133120K, used 132880K [0x0000000080000000, 0x0000000088200000, 0x00000000d5580000)
  object space 133120K, 99% used [0x0000000080000000,0x00000000881c4360,0x0000000088200000)
 Metaspace       used 68188K, committed 69696K, reserved 1114112K
  class space    used 7149K, committed 7808K, reserved 1048576K

Card table byte_map: [0x0000027cf9310000,0x0000027cf9720000] _byte_map_base: 0x0000027cf8f10000

Marking Bits: (ParMarkBitMap*) 0x00007ffd22783450
 Begin Bits: [0x0000027c8f000000, 0x0000027c91000000)
 End Bits:   [0x0000027c91000000, 0x0000027c93000000)

Polling page: 0x0000027cf9100000

Metaspace:

Usage:
  Non-class:     59.61 MB used.
      Class:      6.98 MB used.
       Both:     66.59 MB used.

Virtual space:
  Non-class space:       64.00 MB reserved,      60.44 MB ( 94%) committed,  1 nodes.
      Class space:        1.00 GB reserved,       7.62 MB ( <1%) committed,  1 nodes.
             Both:        1.06 GB reserved,      68.06 MB (  6%) committed. 

Chunk freelists:
   Non-Class:  3.40 MB
       Class:  8.31 MB
        Both:  11.72 MB

MaxMetaspaceSize: unlimited
CompressedClassSpaceSize: 1.00 GB
Initial GC threshold: 21.00 MB
Current GC threshold: 97.31 MB
CDS: on
 - commit_granule_bytes: 65536.
 - commit_granule_words: 8192.
 - virtual_space_node_default_size: 8388608.
 - enlarge_chunks_in_place: 1.
 - use_allocation_guard: 0.


Internal statistics:

num_allocs_failed_limit: 13.
num_arena_births: 1348.
num_arena_deaths: 22.
num_vsnodes_births: 2.
num_vsnodes_deaths: 0.
num_space_committed: 1089.
num_space_uncommitted: 0.
num_chunks_returned_to_freelist: 39.
num_chunks_taken_from_freelist: 4558.
num_chunk_merges: 23.
num_chunk_splits: 2814.
num_chunks_enlarged: 1663.
num_inconsistent_stats: 0.

CodeHeap 'non-profiled nmethods': size=119168Kb used=12242Kb max_used=12242Kb free=106925Kb
 bounds [0x0000027c87ba0000, 0x0000027c887a0000, 0x0000027c8f000000]
CodeHeap 'profiled nmethods': size=119104Kb used=32685Kb max_used=32685Kb free=86419Kb
 bounds [0x0000027c80000000, 0x0000027c81ff0000, 0x0000027c87450000]
CodeHeap 'non-nmethods': size=7488Kb used=1448Kb max_used=3221Kb free=6040Kb
 bounds [0x0000027c87450000, 0x0000027c877d0000, 0x0000027c87ba0000]
CodeCache: size=245760Kb, used=46375Kb, max_used=48148Kb, free=199384Kb
 total_blobs=14570, nmethods=13823, adapters=651, full_count=0
Compilation: enabled, stopped_count=0, restarted_count=0

Compilation events (20 events):
Event: 738.123 Thread 0x0000027cf99fcad0 nmethod 14690 0x0000027c8878de10 code [0x0000027c8878e060, 0x0000027c8878e6c8]
Event: 738.123 Thread 0x0000027cf99fcad0 14694       4       java.io.ObjectOutputStream$HandleTable::assign (52 bytes)
Event: 738.125 Thread 0x0000027cf99fcad0 nmethod 14694 0x0000027c8878ee10 code [0x0000027c8878efe0, 0x0000027c8878f320]
Event: 738.125 Thread 0x0000027cf99fcad0 14685       4       jdk.internal.misc.Unsafe::putShortUnaligned (14 bytes)
Event: 738.125 Thread 0x0000027cf99fcad0 nmethod 14685 0x0000027c8878f590 code [0x0000027c8878f720, 0x0000027c8878f800]
Event: 738.125 Thread 0x0000027cf99fcad0 14698       4       org.eclipse.m2e.core.internal.project.registry.ProjectRegistryReader$2::replaceObject (63 bytes)
Event: 738.129 Thread 0x0000027cf99fcad0 nmethod 14698 0x0000027c8878f910 code [0x0000027c8878fb00, 0x0000027c8878feb0]
Event: 738.130 Thread 0x0000027cf99fcad0 14702       4       org.eclipse.core.runtime.Path::isEmpty (23 bytes)
Event: 738.130 Thread 0x0000027cf99fcad0 nmethod 14702 0x0000027c88790190 code [0x0000027c88790320, 0x0000027c887903e0]
Event: 738.143 Thread 0x0000027cdab3b1c0 nmethod 14700 0x0000027c88790490 code [0x0000027c88790820, 0x0000027c88792810]
Event: 738.225 Thread 0x0000027cdab3b1c0 14705       4       java.util.concurrent.atomic.AtomicLong::compareAndSet (13 bytes)
Event: 738.225 Thread 0x0000027cf99fd180 14706       3       java.io.StringWriter::toString (8 bytes)
Event: 738.226 Thread 0x0000027cf99fd180 nmethod 14706 0x0000027c81feab10 code [0x0000027c81feacc0, 0x0000027c81feae00]
Event: 738.226 Thread 0x0000027cdab3b1c0 nmethod 14705 0x0000027c88794190 code [0x0000027c88794320, 0x0000027c887943c0]
Event: 738.229 Thread 0x0000027cdab3b1c0 14707       4       org.eclipse.core.internal.dtree.AbstractDataTreeNode::<init> (34 bytes)
Event: 738.230 Thread 0x0000027cf99fd180 14708       3       org.eclipse.lsp4j.jsonrpc.messages.Either::forLeft (10 bytes)
Event: 738.231 Thread 0x0000027cf99fd180 nmethod 14708 0x0000027c81feaf10 code [0x0000027c81feb0c0, 0x0000027c81feb2e8]
Event: 738.231 Thread 0x0000027cf99fd180 14709       1       org.eclipse.core.internal.resources.Workspace::getElementTree (5 bytes)
Event: 738.231 Thread 0x0000027cf99fd180 nmethod 14709 0x0000027c88794490 code [0x0000027c88794620, 0x0000027c887946f0]
Event: 738.231 Thread 0x0000027cdab3b1c0 nmethod 14707 0x0000027c88794790 code [0x0000027c88794920, 0x0000027c88794a08]

GC Heap History (20 events):
Event: 139.613 GC heap before
{Heap before GC invocations=122 (full 3):
 PSYoungGen      total 10752K, used 10736K [0x00000000d5580000, 0x00000000d6a80000, 0x0000000100000000)
  eden space 9216K, 100% used [0x00000000d5580000,0x00000000d5e80000,0x00000000d5e80000)
  from space 1536K, 98% used [0x00000000d6300000,0x00000000d647c150,0x00000000d6480000)
  to   space 4608K, 0% used [0x00000000d5e80000,0x00000000d5e80000,0x00000000d6300000)
 ParOldGen       total 114688K, used 114424K [0x0000000080000000, 0x0000000087000000, 0x00000000d5580000)
  object space 114688K, 99% used [0x0000000080000000,0x0000000086fbe190,0x0000000087000000)
 Metaspace       used 66977K, committed 68544K, reserved 1114112K
  class space    used 7050K, committed 7744K, reserved 1048576K
}
Event: 139.617 GC heap after
{Heap after GC invocations=122 (full 3):
 PSYoungGen      total 10752K, used 1348K [0x00000000d5580000, 0x00000000d6380000, 0x0000000100000000)
  eden space 9216K, 0% used [0x00000000d5580000,0x00000000d5580000,0x00000000d5e80000)
  from space 1536K, 87% used [0x00000000d5e80000,0x00000000d5fd1230,0x00000000d6000000)
  to   space 2560K, 0% used [0x00000000d6100000,0x00000000d6100000,0x00000000d6380000)
 ParOldGen       total 116224K, used 115988K [0x0000000080000000, 0x0000000087180000, 0x00000000d5580000)
  object space 116224K, 99% used [0x0000000080000000,0x00000000871450b8,0x0000000087180000)
 Metaspace       used 66977K, committed 68544K, reserved 1114112K
  class space    used 7050K, committed 7744K, reserved 1048576K
}
Event: 139.680 GC heap before
{Heap before GC invocations=123 (full 3):
 PSYoungGen      total 10752K, used 10564K [0x00000000d5580000, 0x00000000d6380000, 0x0000000100000000)
  eden space 9216K, 100% used [0x00000000d5580000,0x00000000d5e80000,0x00000000d5e80000)
  from space 1536K, 87% used [0x00000000d5e80000,0x00000000d5fd1230,0x00000000d6000000)
  to   space 2560K, 0% used [0x00000000d6100000,0x00000000d6100000,0x00000000d6380000)
 ParOldGen       total 116224K, used 115988K [0x0000000080000000, 0x0000000087180000, 0x00000000d5580000)
  object space 116224K, 99% used [0x0000000080000000,0x00000000871450b8,0x0000000087180000)
 Metaspace       used 67123K, committed 68672K, reserved 1114112K
  class space    used 7052K, committed 7744K, reserved 1048576K
}
Event: 139.682 GC heap after
{Heap after GC invocations=123 (full 3):
 PSYoungGen      total 11264K, used 1628K [0x00000000d5580000, 0x00000000d6300000, 0x0000000100000000)
  eden space 9216K, 0% used [0x00000000d5580000,0x00000000d5580000,0x00000000d5e80000)
  from space 2048K, 79% used [0x00000000d6100000,0x00000000d62972c0,0x00000000d6300000)
  to   space 2048K, 0% used [0x00000000d5f00000,0x00000000d5f00000,0x00000000d6100000)
 ParOldGen       total 117248K, used 117100K [0x0000000080000000, 0x0000000087280000, 0x00000000d5580000)
  object space 117248K, 99% used [0x0000000080000000,0x000000008725b200,0x0000000087280000)
 Metaspace       used 67123K, committed 68672K, reserved 1114112K
  class space    used 7052K, committed 7744K, reserved 1048576K
}
Event: 146.464 GC heap before
{Heap before GC invocations=124 (full 3):
 PSYoungGen      total 11264K, used 10844K [0x00000000d5580000, 0x00000000d6300000, 0x0000000100000000)
  eden space 9216K, 100% used [0x00000000d5580000,0x00000000d5e80000,0x00000000d5e80000)
  from space 2048K, 79% used [0x00000000d6100000,0x00000000d62972c0,0x00000000d6300000)
  to   space 2048K, 0% used [0x00000000d5f00000,0x00000000d5f00000,0x00000000d6100000)
 ParOldGen       total 117248K, used 117100K [0x0000000080000000, 0x0000000087280000, 0x00000000d5580000)
  object space 117248K, 99% used [0x0000000080000000,0x000000008725b200,0x0000000087280000)
 Metaspace       used 67284K, committed 68800K, reserved 1114112K
  class space    used 7059K, committed 7744K, reserved 1048576K
}
Event: 146.465 GC heap after
{Heap after GC invocations=124 (full 3):
 PSYoungGen      total 9728K, used 480K [0x00000000d5580000, 0x00000000d6180000, 0x0000000100000000)
  eden space 9216K, 0% used [0x00000000d5580000,0x00000000d5580000,0x00000000d5e80000)
  from space 512K, 93% used [0x00000000d5f00000,0x00000000d5f78020,0x00000000d5f80000)
  to   space 1024K, 0% used [0x00000000d6080000,0x00000000d6080000,0x00000000d6180000)
 ParOldGen       total 118272K, used 117857K [0x0000000080000000, 0x0000000087380000, 0x00000000d5580000)
  object space 118272K, 99% used [0x0000000080000000,0x00000000873184e8,0x0000000087380000)
 Metaspace       used 67284K, committed 68800K, reserved 1114112K
  class space    used 7059K, committed 7744K, reserved 1048576K
}
Event: 146.517 GC heap before
{Heap before GC invocations=125 (full 3):
 PSYoungGen      total 9728K, used 9608K [0x00000000d5580000, 0x00000000d6180000, 0x0000000100000000)
  eden space 9216K, 99% used [0x00000000d5580000,0x00000000d5e6a370,0x00000000d5e80000)
  from space 512K, 93% used [0x00000000d5f00000,0x00000000d5f78020,0x00000000d5f80000)
  to   space 1024K, 0% used [0x00000000d6080000,0x00000000d6080000,0x00000000d6180000)
 ParOldGen       total 118272K, used 117857K [0x0000000080000000, 0x0000000087380000, 0x00000000d5580000)
  object space 118272K, 99% used [0x0000000080000000,0x00000000873184e8,0x0000000087380000)
 Metaspace       used 67566K, committed 69056K, reserved 1114112K
  class space    used 7088K, committed 7744K, reserved 1048576K
}
Event: 146.519 GC heap after
{Heap after GC invocations=125 (full 3):
 PSYoungGen      total 6656K, used 1009K [0x00000000d5580000, 0x00000000d6980000, 0x0000000100000000)
  eden space 5632K, 0% used [0x00000000d5580000,0x00000000d5580000,0x00000000d5b00000)
  from space 1024K, 98% used [0x00000000d6080000,0x00000000d617c768,0x00000000d6180000)
  to   space 5632K, 0% used [0x00000000d5b00000,0x00000000d5b00000,0x00000000d6080000)
 ParOldGen       total 121344K, used 121329K [0x0000000080000000, 0x0000000087680000, 0x00000000d5580000)
  object space 121344K, 99% used [0x0000000080000000,0x000000008767c468,0x0000000087680000)
 Metaspace       used 67566K, committed 69056K, reserved 1114112K
  class space    used 7088K, committed 7744K, reserved 1048576K
}
Event: 146.551 GC heap before
{Heap before GC invocations=126 (full 3):
 PSYoungGen      total 6656K, used 6641K [0x00000000d5580000, 0x00000000d6980000, 0x0000000100000000)
  eden space 5632K, 100% used [0x00000000d5580000,0x00000000d5b00000,0x00000000d5b00000)
  from space 1024K, 98% used [0x00000000d6080000,0x00000000d617c768,0x00000000d6180000)
  to   space 5632K, 0% used [0x00000000d5b00000,0x00000000d5b00000,0x00000000d6080000)
 ParOldGen       total 121344K, used 121329K [0x0000000080000000, 0x0000000087680000, 0x00000000d5580000)
  object space 121344K, 99% used [0x0000000080000000,0x000000008767c468,0x0000000087680000)
 Metaspace       used 67648K, committed 69184K, reserved 1114112K
  class space    used 7109K, committed 7808K, reserved 1048576K
}
Event: 146.553 GC heap after
{Heap after GC invocations=126 (full 3):
 PSYoungGen      total 9728K, used 3669K [0x00000000d5580000, 0x00000000d6300000, 0x0000000100000000)
  eden space 5632K, 0% used [0x00000000d5580000,0x00000000d5580000,0x00000000d5b00000)
  from space 4096K, 89% used [0x00000000d5b00000,0x00000000d5e95710,0x00000000d5f00000)
  to   space 4096K, 0% used [0x00000000d5f00000,0x00000000d5f00000,0x00000000d6300000)
 ParOldGen       total 122368K, used 122313K [0x0000000080000000, 0x0000000087780000, 0x00000000d5580000)
  object space 122368K, 99% used [0x0000000080000000,0x00000000877724d8,0x0000000087780000)
 Metaspace       used 67648K, committed 69184K, reserved 1114112K
  class space    used 7109K, committed 7808K, reserved 1048576K
}
Event: 146.575 GC heap before
{Heap before GC invocations=127 (full 3):
 PSYoungGen      total 9728K, used 9301K [0x00000000d5580000, 0x00000000d6300000, 0x0000000100000000)
  eden space 5632K, 100% used [0x00000000d5580000,0x00000000d5b00000,0x00000000d5b00000)
  from space 4096K, 89% used [0x00000000d5b00000,0x00000000d5e95710,0x00000000d5f00000)
  to   space 4096K, 0% used [0x00000000d5f00000,0x00000000d5f00000,0x00000000d6300000)
 ParOldGen       total 122368K, used 122313K [0x0000000080000000, 0x0000000087780000, 0x00000000d5580000)
  object space 122368K, 99% used [0x0000000080000000,0x00000000877724d8,0x0000000087780000)
 Metaspace       used 67662K, committed 69184K, reserved 1114112K
  class space    used 7110K, committed 7808K, reserved 1048576K
}
Event: 146.578 GC heap after
{Heap after GC invocations=127 (full 3):
 PSYoungGen      total 7680K, used 1985K [0x00000000d5580000, 0x00000000d6100000, 0x0000000100000000)
  eden space 5632K, 0% used [0x00000000d5580000,0x00000000d5580000,0x00000000d5b00000)
  from space 2048K, 96% used [0x00000000d5f00000,0x00000000d60f0648,0x00000000d6100000)
  to   space 3072K, 0% used [0x00000000d5b00000,0x00000000d5b00000,0x00000000d5e00000)
 ParOldGen       total 125952K, used 125739K [0x0000000080000000, 0x0000000087b00000, 0x00000000d5580000)
  object space 125952K, 99% used [0x0000000080000000,0x0000000087acada0,0x0000000087b00000)
 Metaspace       used 67662K, committed 69184K, reserved 1114112K
  class space    used 7110K, committed 7808K, reserved 1048576K
}
Event: 146.598 GC heap before
{Heap before GC invocations=128 (full 3):
 PSYoungGen      total 7680K, used 7617K [0x00000000d5580000, 0x00000000d6100000, 0x0000000100000000)
  eden space 5632K, 100% used [0x00000000d5580000,0x00000000d5b00000,0x00000000d5b00000)
  from space 2048K, 96% used [0x00000000d5f00000,0x00000000d60f0648,0x00000000d6100000)
  to   space 3072K, 0% used [0x00000000d5b00000,0x00000000d5b00000,0x00000000d5e00000)
 ParOldGen       total 125952K, used 125739K [0x0000000080000000, 0x0000000087b00000, 0x00000000d5580000)
  object space 125952K, 99% used [0x0000000080000000,0x0000000087acada0,0x0000000087b00000)
 Metaspace       used 67679K, committed 69248K, reserved 1114112K
  class space    used 7110K, committed 7808K, reserved 1048576K
}
Event: 146.600 GC heap after
{Heap after GC invocations=128 (full 3):
 PSYoungGen      total 7168K, used 1466K [0x00000000d5580000, 0x00000000d5f80000, 0x0000000100000000)
  eden space 5632K, 0% used [0x00000000d5580000,0x00000000d5580000,0x00000000d5b00000)
  from space 1536K, 95% used [0x00000000d5b00000,0x00000000d5c6e900,0x00000000d5c80000)
  to   space 2048K, 0% used [0x00000000d5d80000,0x00000000d5d80000,0x00000000d5f80000)
 ParOldGen       total 128000K, used 127549K [0x0000000080000000, 0x0000000087d00000, 0x00000000d5580000)
  object space 128000K, 99% used [0x0000000080000000,0x0000000087c8f578,0x0000000087d00000)
 Metaspace       used 67679K, committed 69248K, reserved 1114112K
  class space    used 7110K, committed 7808K, reserved 1048576K
}
Event: 437.706 GC heap before
{Heap before GC invocations=129 (full 3):
 PSYoungGen      total 7168K, used 7098K [0x00000000d5580000, 0x00000000d5f80000, 0x0000000100000000)
  eden space 5632K, 100% used [0x00000000d5580000,0x00000000d5b00000,0x00000000d5b00000)
  from space 1536K, 95% used [0x00000000d5b00000,0x00000000d5c6e900,0x00000000d5c80000)
  to   space 2048K, 0% used [0x00000000d5d80000,0x00000000d5d80000,0x00000000d5f80000)
 ParOldGen       total 128000K, used 127549K [0x0000000080000000, 0x0000000087d00000, 0x00000000d5580000)
  object space 128000K, 99% used [0x0000000080000000,0x0000000087c8f578,0x0000000087d00000)
 Metaspace       used 67974K, committed 69504K, reserved 1114112K
  class space    used 7138K, committed 7808K, reserved 1048576K
}
Event: 437.708 GC heap after
{Heap after GC invocations=129 (full 3):
 PSYoungGen      total 7168K, used 1056K [0x00000000d5580000, 0x00000000d5f00000, 0x0000000100000000)
  eden space 5632K, 0% used [0x00000000d5580000,0x00000000d5580000,0x00000000d5b00000)
  from space 1536K, 68% used [0x00000000d5d80000,0x00000000d5e88000,0x00000000d5f00000)
  to   space 1536K, 0% used [0x00000000d5b00000,0x00000000d5b00000,0x00000000d5c80000)
 ParOldGen       total 128512K, used 128281K [0x0000000080000000, 0x0000000087d80000, 0x00000000d5580000)
  object space 128512K, 99% used [0x0000000080000000,0x0000000087d46788,0x0000000087d80000)
 Metaspace       used 67974K, committed 69504K, reserved 1114112K
  class space    used 7138K, committed 7808K, reserved 1048576K
}
Event: 437.929 GC heap before
{Heap before GC invocations=130 (full 3):
 PSYoungGen      total 7168K, used 6623K [0x00000000d5580000, 0x00000000d5f00000, 0x0000000100000000)
  eden space 5632K, 98% used [0x00000000d5580000,0x00000000d5aefd20,0x00000000d5b00000)
  from space 1536K, 68% used [0x00000000d5d80000,0x00000000d5e88000,0x00000000d5f00000)
  to   space 1536K, 0% used [0x00000000d5b00000,0x00000000d5b00000,0x00000000d5c80000)
 ParOldGen       total 128512K, used 128281K [0x0000000080000000, 0x0000000087d80000, 0x00000000d5580000)
  object space 128512K, 99% used [0x0000000080000000,0x0000000087d46788,0x0000000087d80000)
 Metaspace       used 68045K, committed 69568K, reserved 1114112K
  class space    used 7142K, committed 7808K, reserved 1048576K
}
Event: 437.930 GC heap after
{Heap after GC invocations=130 (full 3):
 PSYoungGen      total 7168K, used 1535K [0x00000000d5580000, 0x00000000d6600000, 0x0000000100000000)
  eden space 5632K, 0% used [0x00000000d5580000,0x00000000d5580000,0x00000000d5b00000)
  from space 1536K, 99% used [0x00000000d5b00000,0x00000000d5c7fea0,0x00000000d5c80000)
  to   space 5632K, 0% used [0x00000000d6080000,0x00000000d6080000,0x00000000d6600000)
 ParOldGen       total 131584K, used 131369K [0x0000000080000000, 0x0000000088080000, 0x00000000d5580000)
  object space 131584K, 99% used [0x0000000080000000,0x000000008804a738,0x0000000088080000)
 Metaspace       used 68045K, committed 69568K, reserved 1114112K
  class space    used 7142K, committed 7808K, reserved 1048576K
}
Event: 437.992 GC heap before
{Heap before GC invocations=131 (full 3):
 PSYoungGen      total 7168K, used 7167K [0x00000000d5580000, 0x00000000d6600000, 0x0000000100000000)
  eden space 5632K, 100% used [0x00000000d5580000,0x00000000d5b00000,0x00000000d5b00000)
  from space 1536K, 99% used [0x00000000d5b00000,0x00000000d5c7fea0,0x00000000d5c80000)
  to   space 5632K, 0% used [0x00000000d6080000,0x00000000d6080000,0x00000000d6600000)
 ParOldGen       total 131584K, used 131369K [0x0000000080000000, 0x0000000088080000, 0x00000000d5580000)
  object space 131584K, 99% used [0x0000000080000000,0x000000008804a738,0x0000000088080000)
 Metaspace       used 68077K, committed 69632K, reserved 1114112K
  class space    used 7142K, committed 7808K, reserved 1048576K
}
Event: 437.993 GC heap after
{Heap after GC invocations=131 (full 3):
 PSYoungGen      total 7680K, used 2037K [0x00000000d5580000, 0x00000000d6280000, 0x0000000100000000)
  eden space 5632K, 0% used [0x00000000d5580000,0x00000000d5580000,0x00000000d5b00000)
  from space 2048K, 99% used [0x00000000d6080000,0x00000000d627d750,0x00000000d6280000)
  to   space 3072K, 0% used [0x00000000d5c80000,0x00000000d5c80000,0x00000000d5f80000)
 ParOldGen       total 133120K, used 132880K [0x0000000080000000, 0x0000000088200000, 0x00000000d5580000)
  object space 133120K, 99% used [0x0000000080000000,0x00000000881c4360,0x0000000088200000)
 Metaspace       used 68077K, committed 69632K, reserved 1114112K
  class space    used 7142K, committed 7808K, reserved 1048576K
}

Dll operation events (10 events):
Event: 0.007 Loaded shared library c:\Users\Admin\.kiro\extensions\redhat.java-1.54.0-win32-x64\jre\21.0.10-win32-x86_64\bin\java.dll
Event: 0.059 Loaded shared library c:\Users\Admin\.kiro\extensions\redhat.java-1.54.0-win32-x64\jre\21.0.10-win32-x86_64\bin\zip.dll
Event: 0.076 Loaded shared library C:\Users\Admin\.kiro\extensions\redhat.java-1.54.0-win32-x64\jre\21.0.10-win32-x86_64\bin\instrument.dll
Event: 0.111 Loaded shared library C:\Users\Admin\.kiro\extensions\redhat.java-1.54.0-win32-x64\jre\21.0.10-win32-x86_64\bin\net.dll
Event: 0.148 Loaded shared library C:\Users\Admin\.kiro\extensions\redhat.java-1.54.0-win32-x64\jre\21.0.10-win32-x86_64\bin\nio.dll
Event: 0.151 Loaded shared library C:\Users\Admin\.kiro\extensions\redhat.java-1.54.0-win32-x64\jre\21.0.10-win32-x86_64\bin\zip.dll
Event: 0.170 Loaded shared library C:\Users\Admin\.kiro\extensions\redhat.java-1.54.0-win32-x64\jre\21.0.10-win32-x86_64\bin\jimage.dll
Event: 0.283 Loaded shared library c:\Users\Admin\.kiro\extensions\redhat.java-1.54.0-win32-x64\jre\21.0.10-win32-x86_64\bin\verify.dll
Event: 9.787 Loaded shared library C:\Users\Admin\AppData\Roaming\Kiro\User\globalStorage\redhat.java\1.54.0\config_win\org.eclipse.equinox.launcher\org.eclipse.equinox.launcher.win32.win32.x86_64_1.3.0.v20260203-2149\eclipse_11919.dll
Event: 18.151 Loaded shared library C:\Users\Admin\AppData\Local\Temp\jna-63116079\jna9066194745056660255.dll

Deoptimization events (20 events):
Event: 437.993 Thread 0x0000027cdd1bfe10 Uncommon trap: trap_request=0xffffffde fr.pc=0x0000027c881d4f9c relative=0x000000000000007c
Event: 437.993 Thread 0x0000027cdd1bfe10 Uncommon trap: reason=class_check action=maybe_recompile pc=0x0000027c881d4f9c method=java.util.Collections$UnmodifiableMap.isEmpty()Z @ 4 c2
Event: 437.993 Thread 0x0000027cdd1bfe10 DEOPT PACKING pc=0x0000027c881d4f9c sp=0x000000b286dfe600
Event: 437.993 Thread 0x0000027cdd1bfe10 DEOPT UNPACKING pc=0x0000027c874a6da2 sp=0x000000b286dfe590 mode 2
Event: 738.093 Thread 0x0000027cd9c7c6e0 Uncommon trap: trap_request=0xffffffc6 fr.pc=0x0000027c87fe4ffc relative=0x000000000000005c
Event: 738.093 Thread 0x0000027cd9c7c6e0 Uncommon trap: reason=bimorphic_or_optimized_type_check action=maybe_recompile pc=0x0000027c87fe4ffc method=java.util.stream.Nodes.flatten(Ljava/util/stream/Node;Ljava/util/function/IntFunction;)Ljava/util/stream/Node; @ 1 c2
Event: 738.093 Thread 0x0000027cd9c7c6e0 DEOPT PACKING pc=0x0000027c87fe4ffc sp=0x000000b286efe9f0
Event: 738.093 Thread 0x0000027cd9c7c6e0 DEOPT UNPACKING pc=0x0000027c874a6da2 sp=0x000000b286efe978 mode 2
Event: 738.093 Thread 0x0000027cd9c7c6e0 Uncommon trap: trap_request=0xffffffc6 fr.pc=0x0000027c87fe4ffc relative=0x000000000000005c
Event: 738.093 Thread 0x0000027cd9c7c6e0 Uncommon trap: reason=bimorphic_or_optimized_type_check action=maybe_recompile pc=0x0000027c87fe4ffc method=java.util.stream.Nodes.flatten(Ljava/util/stream/Node;Ljava/util/function/IntFunction;)Ljava/util/stream/Node; @ 1 c2
Event: 738.093 Thread 0x0000027cd9c7c6e0 DEOPT PACKING pc=0x0000027c87fe4ffc sp=0x000000b286efec40
Event: 738.093 Thread 0x0000027cd9c7c6e0 DEOPT UNPACKING pc=0x0000027c874a6da2 sp=0x000000b286efebb8 mode 2
Event: 738.097 Thread 0x0000027cdd1c3290 Uncommon trap: trap_request=0xffffff45 fr.pc=0x0000027c8871b458 relative=0x0000000000002b38
Event: 738.097 Thread 0x0000027cdd1c3290 Uncommon trap: reason=unstable_if action=reinterpret pc=0x0000027c8871b458 method=java.io.ObjectOutputStream$HandleTable.lookup(Ljava/lang/Object;)I @ 4 c2
Event: 738.097 Thread 0x0000027cdd1c3290 DEOPT PACKING pc=0x0000027c8871b458 sp=0x000000b286cff0c0
Event: 738.097 Thread 0x0000027cdd1c3290 DEOPT UNPACKING pc=0x0000027c874a6da2 sp=0x000000b286cfef98 mode 2
Event: 738.097 Thread 0x0000027cdd1c3290 Uncommon trap: trap_request=0xffffff45 fr.pc=0x0000027c8870a748 relative=0x0000000000000188
Event: 738.097 Thread 0x0000027cdd1c3290 Uncommon trap: reason=unstable_if action=reinterpret pc=0x0000027c8870a748 method=java.io.ObjectOutputStream$HandleTable.lookup(Ljava/lang/Object;)I @ 4 c2
Event: 738.097 Thread 0x0000027cdd1c3290 DEOPT PACKING pc=0x0000027c8870a748 sp=0x000000b286cff060
Event: 738.097 Thread 0x0000027cdd1c3290 DEOPT UNPACKING pc=0x0000027c874a6da2 sp=0x000000b286cff000 mode 2

Classes loaded (20 events):
Event: 437.662 Loading class java/util/stream/Nodes$CollectorTask done
Event: 437.662 Loading class java/util/stream/Nodes$CollectorTask$OfRef done
Event: 437.662 Loading class java/util/function/LongFunction
Event: 437.662 Loading class java/util/function/LongFunction done
Event: 437.662 Loading class java/util/stream/Nodes$ConcNode
Event: 437.662 Loading class java/util/stream/Nodes$AbstractConcNode
Event: 437.662 Loading class java/util/stream/Nodes$AbstractConcNode done
Event: 437.662 Loading class java/util/stream/Nodes$ConcNode done
Event: 437.679 Loading class java/util/stream/Nodes$ToArrayTask$OfRef
Event: 437.679 Loading class java/util/stream/Nodes$ToArrayTask
Event: 437.679 Loading class java/util/stream/Nodes$ToArrayTask done
Event: 437.679 Loading class java/util/stream/Nodes$ToArrayTask$OfRef done
Event: 437.683 Loading class java/io/ObjectOutputStream$BlockDataOutputStream
Event: 437.683 Loading class java/io/ObjectOutputStream$BlockDataOutputStream done
Event: 437.683 Loading class java/io/ObjectOutputStream$HandleTable
Event: 437.684 Loading class java/io/ObjectOutputStream$HandleTable done
Event: 437.684 Loading class java/io/ObjectOutputStream$ReplaceTable
Event: 437.684 Loading class java/io/ObjectOutputStream$ReplaceTable done
Event: 437.992 Loading class jdk/internal/module/IllegalAccessLogger
Event: 437.992 Loading class jdk/internal/module/IllegalAccessLogger done

Classes unloaded (11 events):
Event: 18.589 Thread 0x0000027cf99e1740 Unloading class 0x0000027c941a3000 'java/lang/invoke/LambdaForm$MH+0x0000027c941a3000'
Event: 18.589 Thread 0x0000027cf99e1740 Unloading class 0x0000027c941a2c00 'java/lang/invoke/LambdaForm$MH+0x0000027c941a2c00'
Event: 18.589 Thread 0x0000027cf99e1740 Unloading class 0x0000027c941a2800 'java/lang/invoke/LambdaForm$MH+0x0000027c941a2800'
Event: 18.589 Thread 0x0000027cf99e1740 Unloading class 0x0000027c941a2400 'java/lang/invoke/LambdaForm$MH+0x0000027c941a2400'
Event: 18.589 Thread 0x0000027cf99e1740 Unloading class 0x0000027c941a2000 'java/lang/invoke/LambdaForm$BMH+0x0000027c941a2000'
Event: 18.589 Thread 0x0000027cf99e1740 Unloading class 0x0000027c941a1c00 'java/lang/invoke/LambdaForm$DMH+0x0000027c941a1c00'
Event: 18.589 Thread 0x0000027cf99e1740 Unloading class 0x0000027c941a0800 'java/lang/invoke/LambdaForm$DMH+0x0000027c941a0800'
Event: 28.287 Thread 0x0000027cf99e1740 Unloading class 0x0000027c94618400 'java/lang/invoke/LambdaForm$DMH+0x0000027c94618400'
Event: 28.287 Thread 0x0000027cf99e1740 Unloading class 0x0000027c94611c00 'java/lang/invoke/LambdaForm$DMH+0x0000027c94611c00'
Event: 28.287 Thread 0x0000027cf99e1740 Unloading class 0x0000027c94611800 'java/lang/invoke/LambdaForm$DMH+0x0000027c94611800'
Event: 28.287 Thread 0x0000027cf99e1740 Unloading class 0x0000027c94618000 'java/lang/invoke/LambdaForm$DMH+0x0000027c94618000'

Classes redefined (0 events):
No events

Internal exceptions (20 events):
Event: 138.303 Thread 0x0000027cd99d9c30 Implicit null exception at 0x0000027c881d0935 to 0x0000027c881d0f28
Event: 138.339 Thread 0x0000027cd99d9c30 Implicit null exception at 0x0000027c87f40fd3 to 0x0000027c87f41c3c
Event: 139.004 Thread 0x0000027cd99d95a0 Implicit null exception at 0x0000027c884a7b46 to 0x0000027c884a7b8f
Event: 146.490 Thread 0x0000027cdba9a150 Implicit null exception at 0x0000027c88558da3 to 0x0000027c88558f80
Event: 146.495 Thread 0x0000027cdba9a150 Exception <a 'java/lang/IncompatibleClassChangeError'{0x00000000d57bcb80}: Found class java.lang.Object, but interface was expected> (0x00000000d57bcb80) 
thrown [s\src\hotspot\share\interpreter\linkResolver.cpp, line 840]
Event: 437.675 Thread 0x0000027cdd1c3290 Exception <a 'sun/nio/fs/WindowsException'{0x00000000d59e0688}> (0x00000000d59e0688) 
thrown [s\src\hotspot\share\prims\jni.cpp, line 520]
Event: 437.675 Thread 0x0000027cdd1c3290 Exception <a 'sun/nio/fs/WindowsException'{0x00000000d59e0f68}> (0x00000000d59e0f68) 
thrown [s\src\hotspot\share\prims\jni.cpp, line 520]
Event: 437.676 Thread 0x0000027cdd1c3290 Exception <a 'sun/nio/fs/WindowsException'{0x00000000d59e2b90}> (0x00000000d59e2b90) 
thrown [s\src\hotspot\share\prims\jni.cpp, line 520]
Event: 437.676 Thread 0x0000027cdd1c3290 Exception <a 'sun/nio/fs/WindowsException'{0x00000000d59e36e0}> (0x00000000d59e36e0) 
thrown [s\src\hotspot\share\prims\jni.cpp, line 520]
Event: 437.676 Thread 0x0000027cdd1c3290 Exception <a 'sun/nio/fs/WindowsException'{0x00000000d59e4fb0}> (0x00000000d59e4fb0) 
thrown [s\src\hotspot\share\prims\jni.cpp, line 520]
Event: 437.676 Thread 0x0000027cdd1c3290 Exception <a 'sun/nio/fs/WindowsException'{0x00000000d59e5890}> (0x00000000d59e5890) 
thrown [s\src\hotspot\share\prims\jni.cpp, line 520]
Event: 437.677 Thread 0x0000027cdd1c3290 Implicit null exception at 0x0000027c88241486 to 0x0000027c8824180c
Event: 437.701 Thread 0x0000027cdd1c3290 Exception <a 'java/lang/NoSuchMethodError'{0x00000000d5ae7b18}: static [J.<clinit>()V> (0x00000000d5ae7b18) 
thrown [s\src\hotspot\share\prims\jni.cpp, line 1111]
Event: 437.721 Thread 0x0000027cdd1c3290 Exception <a 'java/lang/NoSuchMethodError'{0x00000000d55a6730}: 'java.lang.Object java.lang.invoke.DirectMethodHandle$Holder.newInvokeSpecial(java.lang.Object, java.lang.Object, java.lang.Object, java.lang.Object, java.lang.Object, java.lang.Object, java.lang.Object, java.lang.Object)'> (0x00000000d55a6730) 
thrown [s\src\hotspot\share\interpreter\linkResolver.cpp, line 773]
Event: 738.085 Thread 0x0000027cdd1c3290 Exception <a 'sun/nio/fs/WindowsException'{0x00000000d58f3ac8}> (0x00000000d58f3ac8) 
thrown [s\src\hotspot\share\prims\jni.cpp, line 520]
Event: 738.086 Thread 0x0000027cdd1c3290 Exception <a 'sun/nio/fs/WindowsException'{0x00000000d58f4390}> (0x00000000d58f4390) 
thrown [s\src\hotspot\share\prims\jni.cpp, line 520]
Event: 738.088 Thread 0x0000027cdd1c3290 Exception <a 'sun/nio/fs/WindowsException'{0x00000000d58f5f78}> (0x00000000d58f5f78) 
thrown [s\src\hotspot\share\prims\jni.cpp, line 520]
Event: 738.088 Thread 0x0000027cdd1c3290 Exception <a 'sun/nio/fs/WindowsException'{0x00000000d58f6840}> (0x00000000d58f6840) 
thrown [s\src\hotspot\share\prims\jni.cpp, line 520]
Event: 738.090 Thread 0x0000027cdd1c3290 Exception <a 'sun/nio/fs/WindowsException'{0x00000000d58f80c0}> (0x00000000d58f80c0) 
thrown [s\src\hotspot\share\prims\jni.cpp, line 520]
Event: 738.090 Thread 0x0000027cdd1c3290 Exception <a 'sun/nio/fs/WindowsException'{0x00000000d58f8988}> (0x00000000d58f8988) 
thrown [s\src\hotspot\share\prims\jni.cpp, line 520]

ZGC Phase Switch (0 events):
No events

VM Operations (20 events):
Event: 480.982 Executing non-safepoint VM operation: HandshakeAllThreads (HandshakeForDeflation)
Event: 480.982 Executing non-safepoint VM operation: HandshakeAllThreads (HandshakeForDeflation) done
Event: 480.982 Executing non-safepoint VM operation: RendezvousGCThreads
Event: 480.982 Executing non-safepoint VM operation: RendezvousGCThreads done
Event: 541.204 Executing non-safepoint VM operation: HandshakeAllThreads (HandshakeForDeflation)
Event: 541.204 Executing non-safepoint VM operation: HandshakeAllThreads (HandshakeForDeflation) done
Event: 541.204 Executing non-safepoint VM operation: RendezvousGCThreads
Event: 541.204 Executing non-safepoint VM operation: RendezvousGCThreads done
Event: 601.215 Executing non-safepoint VM operation: HandshakeAllThreads (HandshakeForDeflation)
Event: 601.215 Executing non-safepoint VM operation: HandshakeAllThreads (HandshakeForDeflation) done
Event: 601.215 Executing non-safepoint VM operation: RendezvousGCThreads
Event: 601.215 Executing non-safepoint VM operation: RendezvousGCThreads done
Event: 661.405 Executing non-safepoint VM operation: HandshakeAllThreads (HandshakeForDeflation)
Event: 661.405 Executing non-safepoint VM operation: HandshakeAllThreads (HandshakeForDeflation) done
Event: 661.405 Executing non-safepoint VM operation: RendezvousGCThreads
Event: 661.405 Executing non-safepoint VM operation: RendezvousGCThreads done
Event: 738.144 Executing safepoint VM operation: Cleanup
Event: 738.144 Executing safepoint VM operation: Cleanup done
Event: 739.156 Executing safepoint VM operation: Cleanup
Event: 739.157 Executing safepoint VM operation: Cleanup done

Memory protections (0 events):
No events

Nmethod flushes (20 events):
Event: 28.306 Thread 0x0000027cf99e1740 flushing  nmethod 0x0000027c80abc510
Event: 28.306 Thread 0x0000027cf99e1740 flushing  nmethod 0x0000027c80ae5090
Event: 28.306 Thread 0x0000027cf99e1740 flushing  nmethod 0x0000027c80afdb10
Event: 28.306 Thread 0x0000027cf99e1740 flushing  nmethod 0x0000027c80afe510
Event: 28.306 Thread 0x0000027cf99e1740 flushing  nmethod 0x0000027c80affe10
Event: 28.306 Thread 0x0000027cf99e1740 flushing  nmethod 0x0000027c80b02310
Event: 28.306 Thread 0x0000027cf99e1740 flushing  nmethod 0x0000027c80b04a90
Event: 28.306 Thread 0x0000027cf99e1740 flushing  nmethod 0x0000027c80b04f10
Event: 28.306 Thread 0x0000027cf99e1740 flushing  nmethod 0x0000027c80b07890
Event: 28.306 Thread 0x0000027cf99e1740 flushing  nmethod 0x0000027c80b07d90
Event: 28.306 Thread 0x0000027cf99e1740 flushing  nmethod 0x0000027c80b08290
Event: 28.306 Thread 0x0000027cf99e1740 flushing  nmethod 0x0000027c80b0a690
Event: 28.306 Thread 0x0000027cf99e1740 flushing  nmethod 0x0000027c80b0d410
Event: 28.306 Thread 0x0000027cf99e1740 flushing  nmethod 0x0000027c80b0df90
Event: 28.306 Thread 0x0000027cf99e1740 flushing  nmethod 0x0000027c80b0e510
Event: 28.306 Thread 0x0000027cf99e1740 flushing  nmethod 0x0000027c80b0f710
Event: 28.306 Thread 0x0000027cf99e1740 flushing  nmethod 0x0000027c80b1d210
Event: 28.306 Thread 0x0000027cf99e1740 flushing  nmethod 0x0000027c80b1d810
Event: 28.306 Thread 0x0000027cf99e1740 flushing  nmethod 0x0000027c80b20790
Event: 28.306 Thread 0x0000027cf99e1740 flushing  nmethod 0x0000027c80b2d790

Events (20 events):
Event: 498.049 Thread 0x0000027cd9c7f4d0 Thread exited: 0x0000027cd9c7f4d0
Event: 506.665 Thread 0x0000027cdd1c04a0 Thread exited: 0x0000027cdd1c04a0
Event: 566.670 Thread 0x0000027cdba9a7e0 Thread exited: 0x0000027cdba9a7e0
Event: 626.673 Thread 0x0000027cdba99430 Thread exited: 0x0000027cdba99430
Event: 686.680 Thread 0x0000027cdba99ac0 Thread exited: 0x0000027cdba99ac0
Event: 737.865 Thread 0x0000027cd9c7c6e0 Thread exited: 0x0000027cd9c7c6e0
Event: 737.865 Thread 0x0000027cd9c801f0 Thread exited: 0x0000027cd9c801f0
Event: 737.865 Thread 0x0000027cd9c7e120 Thread exited: 0x0000027cd9c7e120
Event: 738.075 Thread 0x0000027cdd1c3290 Thread added: 0x0000027cd9c7f4d0
Event: 738.076 Thread 0x0000027cd9c7f4d0 Thread exited: 0x0000027cd9c7f4d0
Event: 738.092 Thread 0x0000027cdd1c3290 Thread added: 0x0000027cd9c7c6e0
Event: 738.092 Thread 0x0000027cd9c7c6e0 Thread added: 0x0000027cd9c801f0
Event: 738.093 Thread 0x0000027cd9c7c6e0 Thread added: 0x0000027cd9c7e120
Event: 738.093 Thread 0x0000027cd9c7c6e0 Thread added: 0x0000027cd9c7f4d0
Event: 738.094 Thread 0x0000027cd9c7f4d0 Thread exited: 0x0000027cd9c7f4d0
Event: 738.094 Thread 0x0000027cd9c7c6e0 Thread exited: 0x0000027cd9c7c6e0
Event: 738.094 Thread 0x0000027cd9c801f0 Thread exited: 0x0000027cd9c801f0
Event: 738.094 Thread 0x0000027cd9c7e120 Thread exited: 0x0000027cd9c7e120
Event: 738.104 Thread 0x0000027cf99fd180 Thread added: 0x0000027cdab3b1c0
Event: 738.106 Thread 0x0000027cdab3b1c0 Thread added: 0x0000027cdab39d50


Dynamic libraries:
0x00007ff69db50000 - 0x00007ff69db5e000 	c:\Users\Admin\.kiro\extensions\redhat.java-1.54.0-win32-x64\jre\21.0.10-win32-x86_64\bin\java.exe
0x00007ffdcc080000 - 0x00007ffdcc2e8000 	C:\WINDOWS\SYSTEM32\ntdll.dll
0x00007ffdc9e20000 - 0x00007ffdc9ee9000 	C:\WINDOWS\System32\KERNEL32.DLL
0x00007ffdc91d0000 - 0x00007ffdc95c1000 	C:\WINDOWS\System32\KERNELBASE.dll
0x00007ffdc9930000 - 0x00007ffdc9a7b000 	C:\WINDOWS\System32\ucrtbase.dll
0x00007ffdb6c30000 - 0x00007ffdb6c4e000 	c:\Users\Admin\.kiro\extensions\redhat.java-1.54.0-win32-x64\jre\21.0.10-win32-x86_64\bin\VCRUNTIME140.dll
0x00007ffdb6ae0000 - 0x00007ffdb6af8000 	c:\Users\Admin\.kiro\extensions\redhat.java-1.54.0-win32-x64\jre\21.0.10-win32-x86_64\bin\jli.dll
0x00007ffdcbd30000 - 0x00007ffdcbef6000 	C:\WINDOWS\System32\USER32.dll
0x00007ffdb3c70000 - 0x00007ffdb3f03000 	C:\WINDOWS\WinSxS\amd64_microsoft.windows.common-controls_6595b64144ccf1df_6.0.26100.7824_none_3e0870b2e3345462\COMCTL32.dll
0x00007ffdc9ca0000 - 0x00007ffdc9cc7000 	C:\WINDOWS\System32\win32u.dll
0x00007ffdcac40000 - 0x00007ffdcace9000 	C:\WINDOWS\System32\msvcrt.dll
0x00007ffdca080000 - 0x00007ffdca0ab000 	C:\WINDOWS\System32\GDI32.dll
0x00007ffdc95d0000 - 0x00007ffdc96fb000 	C:\WINDOWS\System32\gdi32full.dll
0x00007ffdc9bf0000 - 0x00007ffdc9c93000 	C:\WINDOWS\System32\msvcp_win.dll
0x00007ffdcbf00000 - 0x00007ffdcbf31000 	C:\WINDOWS\System32\IMM32.DLL
0x00007ffdb6c20000 - 0x00007ffdb6c2c000 	c:\Users\Admin\.kiro\extensions\redhat.java-1.54.0-win32-x64\jre\21.0.10-win32-x86_64\bin\vcruntime140_1.dll
0x00007ffdb5b40000 - 0x00007ffdb5bcd000 	c:\Users\Admin\.kiro\extensions\redhat.java-1.54.0-win32-x64\jre\21.0.10-win32-x86_64\bin\msvcp140.dll
0x00007ffd21ac0000 - 0x00007ffd22861000 	c:\Users\Admin\.kiro\extensions\redhat.java-1.54.0-win32-x64\jre\21.0.10-win32-x86_64\bin\server\jvm.dll
0x00007ffdcb4b0000 - 0x00007ffdcb564000 	C:\WINDOWS\System32\ADVAPI32.dll
0x00007ffdca300000 - 0x00007ffdca3a6000 	C:\WINDOWS\System32\sechost.dll
0x00007ffdcab10000 - 0x00007ffdcac28000 	C:\WINDOWS\System32\RPCRT4.dll
0x00007ffdc9ef0000 - 0x00007ffdc9f64000 	C:\WINDOWS\System32\WS2_32.dll
0x00007ffdc87c0000 - 0x00007ffdc881e000 	C:\WINDOWS\SYSTEM32\POWRPROF.dll
0x00007ffdc2bf0000 - 0x00007ffdc2bfb000 	C:\WINDOWS\SYSTEM32\VERSION.dll
0x00007ffdb6310000 - 0x00007ffdb6345000 	C:\WINDOWS\SYSTEM32\WINMM.dll
0x00007ffdc87a0000 - 0x00007ffdc87b4000 	C:\WINDOWS\SYSTEM32\UMPDC.dll
0x00007ffdc7700000 - 0x00007ffdc771b000 	C:\WINDOWS\SYSTEM32\kernel.appcore.dll
0x00007ffdb6bd0000 - 0x00007ffdb6bda000 	c:\Users\Admin\.kiro\extensions\redhat.java-1.54.0-win32-x64\jre\21.0.10-win32-x86_64\bin\jimage.dll
0x00007ffdc6aa0000 - 0x00007ffdc6ce2000 	C:\WINDOWS\SYSTEM32\DBGHELP.DLL
0x00007ffdcacf0000 - 0x00007ffdcb076000 	C:\WINDOWS\System32\combase.dll
0x00007ffdca480000 - 0x00007ffdca557000 	C:\WINDOWS\System32\OLEAUT32.dll
0x00007ffdb2da0000 - 0x00007ffdb2ddb000 	C:\WINDOWS\SYSTEM32\dbgcore.DLL
0x00007ffdc9700000 - 0x00007ffdc97a5000 	C:\WINDOWS\System32\bcryptPrimitives.dll
0x00007ffdb6ad0000 - 0x00007ffdb6adf000 	c:\Users\Admin\.kiro\extensions\redhat.java-1.54.0-win32-x64\jre\21.0.10-win32-x86_64\bin\instrument.dll
0x00007ffdb6800000 - 0x00007ffdb6820000 	c:\Users\Admin\.kiro\extensions\redhat.java-1.54.0-win32-x64\jre\21.0.10-win32-x86_64\bin\java.dll
0x00007ffdcb5d0000 - 0x00007ffdcbd22000 	C:\WINDOWS\System32\SHELL32.dll
0x00007ffdc9a80000 - 0x00007ffdc9bea000 	C:\WINDOWS\System32\wintypes.dll
0x00007ffdc8960000 - 0x00007ffdc91c3000 	C:\WINDOWS\System32\windows.storage.dll
0x00007ffdcb080000 - 0x00007ffdcb176000 	C:\WINDOWS\System32\SHCORE.dll
0x00007ffdca290000 - 0x00007ffdca2f7000 	C:\WINDOWS\System32\shlwapi.dll
0x00007ffdc8880000 - 0x00007ffdc88a9000 	C:\WINDOWS\SYSTEM32\profapi.dll
0x00007ffdb5aa0000 - 0x00007ffdb5ab8000 	c:\Users\Admin\.kiro\extensions\redhat.java-1.54.0-win32-x64\jre\21.0.10-win32-x86_64\bin\zip.dll
0x00007ffdb5a70000 - 0x00007ffdb5a80000 	C:\Users\Admin\.kiro\extensions\redhat.java-1.54.0-win32-x64\jre\21.0.10-win32-x86_64\bin\net.dll
0x00007ffdc1d40000 - 0x00007ffdc1e67000 	C:\WINDOWS\SYSTEM32\WINHTTP.dll
0x00007ffdc7c70000 - 0x00007ffdc7cdb000 	C:\WINDOWS\system32\mswsock.dll
0x00007ffdb58a0000 - 0x00007ffdb58b6000 	C:\Users\Admin\.kiro\extensions\redhat.java-1.54.0-win32-x64\jre\21.0.10-win32-x86_64\bin\nio.dll
0x00007ffdb5890000 - 0x00007ffdb58a0000 	c:\Users\Admin\.kiro\extensions\redhat.java-1.54.0-win32-x64\jre\21.0.10-win32-x86_64\bin\verify.dll
0x00007ffd987d0000 - 0x00007ffd98815000 	C:\Users\Admin\AppData\Roaming\Kiro\User\globalStorage\redhat.java\1.54.0\config_win\org.eclipse.equinox.launcher\org.eclipse.equinox.launcher.win32.win32.x86_64_1.3.0.v20260203-2149\eclipse_11919.dll
0x00007ffdcb1a0000 - 0x00007ffdcb337000 	C:\WINDOWS\System32\ole32.dll
0x00007ffdc7f50000 - 0x00007ffdc7f6b000 	C:\WINDOWS\SYSTEM32\CRYPTSP.dll
0x00007ffdc7660000 - 0x00007ffdc7699000 	C:\WINDOWS\system32\rsaenh.dll
0x00007ffdc7d20000 - 0x00007ffdc7d4b000 	C:\WINDOWS\SYSTEM32\USERENV.dll
0x00007ffdc8850000 - 0x00007ffdc887a000 	C:\WINDOWS\SYSTEM32\bcrypt.dll
0x00007ffdc7f40000 - 0x00007ffdc7f4c000 	C:\WINDOWS\SYSTEM32\CRYPTBASE.dll
0x00007ffdc7100000 - 0x00007ffdc7134000 	C:\WINDOWS\SYSTEM32\IPHLPAPI.DLL
0x00007ffdcac30000 - 0x00007ffdcac3a000 	C:\WINDOWS\System32\NSI.dll
0x00007ffd99ff0000 - 0x00007ffd9a039000 	C:\Users\Admin\AppData\Local\Temp\jna-63116079\jna9066194745056660255.dll
0x00007ffdca560000 - 0x00007ffdca568000 	C:\WINDOWS\System32\PSAPI.DLL
0x00007ffdc1760000 - 0x00007ffdc177e000 	C:\WINDOWS\SYSTEM32\dhcpcsvc6.DLL
0x00007ffdc16c0000 - 0x00007ffdc16e3000 	C:\WINDOWS\SYSTEM32\dhcpcsvc.DLL

JVMTI agents:
c:\Users\Admin\.kiro\extensions\redhat.java-1.54.0-win32-x64\lombok\lombok-1.18.39-4050.jar path:c:\Users\Admin\.kiro\extensions\redhat.java-1.54.0-win32-x64\jre\21.0.10-win32-x86_64\bin\instrument.dll, loaded, initialized, instrumentlib options:none

dbghelp: loaded successfully - version: 4.0.5 - missing functions: none
symbol engine: initialized successfully - sym options: 0x614 - pdb path: .;c:\Users\Admin\.kiro\extensions\redhat.java-1.54.0-win32-x64\jre\21.0.10-win32-x86_64\bin;C:\WINDOWS\SYSTEM32;C:\WINDOWS\WinSxS\amd64_microsoft.windows.common-controls_6595b64144ccf1df_6.0.26100.7824_none_3e0870b2e3345462;c:\Users\Admin\.kiro\extensions\redhat.java-1.54.0-win32-x64\jre\21.0.10-win32-x86_64\bin\server;C:\Users\Admin\AppData\Roaming\Kiro\User\globalStorage\redhat.java\1.54.0\config_win\org.eclipse.equinox.launcher\org.eclipse.equinox.launcher.win32.win32.x86_64_1.3.0.v20260203-2149;C:\Users\Admin\AppData\Local\Temp\jna-63116079

VM Arguments:
jvm_args: --add-modules=ALL-SYSTEM --add-opens=java.base/java.util=ALL-UNNAMED --add-opens=java.base/java.lang=ALL-UNNAMED --add-opens=java.base/sun.nio.fs=ALL-UNNAMED -Declipse.application=org.eclipse.jdt.ls.core.id1 -Dosgi.bundles.defaultStartLevel=4 -Declipse.product=org.eclipse.jdt.ls.core.product -Djava.import.generatesMetadataFilesAtProjectRoot=false -DDetectVMInstallationsJob.disabled=true -Dfile.encoding=utf8 -XX:+UseParallelGC -XX:GCTimeRatio=4 -XX:AdaptiveSizePolicyWeight=90 -Dsun.zip.disableMemoryMapping=true -Xmx2G -Xms100m -Xlog:disable -javaagent:c:\Users\Admin\.kiro\extensions\redhat.java-1.54.0-win32-x64\lombok\lombok-1.18.39-4050.jar -XX:+HeapDumpOnOutOfMemoryError -XX:HeapDumpPath=c:\Users\Admin\AppData\Roaming\Kiro\User\workspaceStorage\e83c676382f64ffc09d522b9f8caf3cf\redhat.java -Daether.dependencyCollector.impl=bf 
java_command: c:\Users\Admin\.kiro\extensions\redhat.java-1.54.0-win32-x64\server\plugins\org.eclipse.equinox.launcher_1.7.100.v20251111-0406.jar -configuration c:\Users\Admin\AppData\Roaming\Kiro\User\globalStorage\redhat.java\1.54.0\config_win -data c:\Users\Admin\AppData\Roaming\Kiro\User\workspaceStorage\e83c676382f64ffc09d522b9f8caf3cf\redhat.java\jdt_ws --pipe=\\.\pipe\lsp-56d73c79785799c085f944b57decb16a-sock
java_class_path (initial): c:\Users\Admin\.kiro\extensions\redhat.java-1.54.0-win32-x64\server\plugins\org.eclipse.equinox.launcher_1.7.100.v20251111-0406.jar
Launcher Type: SUN_STANDARD

[Global flags]
    uintx AdaptiveSizePolicyWeight                 = 90                                        {product} {command line}
     intx CICompilerCount                          = 12                                        {product} {ergonomic}
    uintx GCTimeRatio                              = 4                                         {product} {command line}
     bool HeapDumpOnOutOfMemoryError               = true                                   {manageable} {command line}
    ccstr HeapDumpPath                             = c:\Users\Admin\AppData\Roaming\Kiro\User\workspaceStorage\e83c676382f64ffc09d522b9f8caf3cf\redhat.java         {manageable} {command line}
   size_t InitialHeapSize                          = 104857600                                 {product} {command line}
   size_t MaxHeapSize                              = 2147483648                                {product} {command line}
   size_t MaxNewSize                               = 715653120                                 {product} {ergonomic}
   size_t MinHeapDeltaBytes                        = 524288                                    {product} {ergonomic}
   size_t MinHeapSize                              = 104857600                                 {product} {command line}
   size_t NewSize                                  = 34603008                                  {product} {ergonomic}
    uintx NonNMethodCodeHeapSize                   = 7602480                                {pd product} {ergonomic}
    uintx NonProfiledCodeHeapSize                  = 122027880                              {pd product} {ergonomic}
   size_t OldSize                                  = 70254592                                  {product} {ergonomic}
    uintx ProfiledCodeHeapSize                     = 122027880                              {pd product} {ergonomic}
    uintx ReservedCodeCacheSize                    = 251658240                              {pd product} {ergonomic}
     bool SegmentedCodeCache                       = true                                      {product} {ergonomic}
   size_t SoftMaxHeapSize                          = 2147483648                             {manageable} {ergonomic}
     bool UseCompressedOops                        = true                           {product lp64_product} {ergonomic}
     bool UseLargePagesIndividualAllocation        = false                                  {pd product} {ergonomic}
     bool UseParallelGC                            = true                                      {product} {command line}

Logging:
Log output configuration:
 #0: stdout all=off uptime,level,tags foldmultilines=false
 #1: stderr all=off uptime,level,tags foldmultilines=false

Release file:
JAVA_VERSION="21.0.10" 
MODULES="java.base java.compiler java.datatransfer java.xml java.prefs java.desktop java.instrument java.logging java.management java.security.sasl java.naming java.rmi java.management.rmi java.net.http java.scripting java.security.jgss java.transaction.xa java.sql java.sql.rowset java.xml.crypto java.se java.smartcardio jdk.accessibility jdk.internal.jvmstat jdk.attach jdk.charsets jdk.internal.opt jdk.zipfs jdk.compiler jdk.crypto.ec jdk.crypto.cryptoki jdk.crypto.mscapi jdk.dynalink jdk.internal.ed jdk.editpad jdk.hotspot.agent jdk.httpserver jdk.internal.le jdk.internal.vm.ci jdk.internal.vm.compiler jdk.internal.vm.compiler.management jdk.jartool jdk.javadoc jdk.jcmd jdk.management jdk.management.agent jdk.jconsole jdk.jdeps jdk.jdwp.agent jdk.jdi jdk.jfr jdk.jshell jdk.jsobject jdk.jstatd jdk.localedata jdk.management.jfr jdk.naming.dns jdk.naming.rmi jdk.net jdk.nio.mapmode jdk.random jdk.sctp jdk.security.auth jdk.security.jgss jdk.unsupported jdk.unsupported.desktop jdk.xml.dom" 

Environment Variables:
JAVA_HOME=C:\Program Files\Java\jdk-21
PATH=C:\Program Files\Common Files\Oracle\Java\javapath;C:\WINDOWS\system32;C:\WINDOWS;C:\WINDOWS\System32\Wbem;C:\WINDOWS\System32\WindowsPowerShell\v1.0\;C:\WINDOWS\System32\OpenSSH\;C:\Program Files\Java\jdk-21\bin;C:\Program Files (x86)\Microsoft SQL Server\160\Tools\Binn\;C:\Program Files\Microsoft SQL Server\160\Tools\Binn\;C:\Program Files\Microsoft SQL Server\Client SDK\ODBC\170\Tools\Binn\;C:\Program Files\Microsoft SQL Server\160\DTS\Binn\;C:\Program Files (x86)\Microsoft SQL Server\160\DTS\Binn\;C:\Program Files\Git\cmd;C:\Program Files\nodejs\;C:\Program Files\MongoDB\Tools\100\bin;C:\Users\Admin\Downloads\apache-maven-3.9.9-bin;C:\Program Files\MongoDB\Server\8.0\bin;C:\Program Files\Cloudflare\Cloudflare WARP\;C:\Program Files\Docker\Docker\resources\bin;C:\java\apache-maven-3.9.14\bin;C:\Program Files (x86)\Google\Cloud SDK\google-cloud-sdk\bin;C:\Users\Admin\AppData\Local\Programs\Python\Python313\Scripts\;C:\Users\Admin\AppData\Local\Programs\Python\Python313\;C:\Users\Admin\AppData\Local\Programs\Python\Launcher\;C:\Users\Admin\AppData\Local\Microsoft\WindowsApps;C:\Users\Admin\AppData\Roaming\npm;C:\Program Files\nodejs;C:\Users\Admin\AppData\Local\Programs\Microsoft VS Code\bin;C:\Users\Admin\AppData\Local\Programs\mongosh\;C:\Users\Admin\AppData\Local\Microsoft\WinGet\Packages\Ngrok.Ngrok_Microsoft.Winget.Source_8wekyb3d8bbwe;C:\Users\Admin\AppData\Local\Programs\Kiro\bin;C:\Users\Admin\AppData\Local\Google\Cloud SDK\google-cloud-sdk\bin
USERNAME=Admin
OS=Windows_NT
PROCESSOR_IDENTIFIER=Intel64 Family 6 Model 141 Stepping 1, GenuineIntel
TMP=C:\Users\Admin\AppData\Local\Temp
TEMP=C:\Users\Admin\AppData\Local\Temp




Periodic native trim disabled

---------------  S Y S T E M  ---------------

OS:
 Windows 11 , 64 bit Build 26100 (10.0.26100.7705)
OS uptime: 0 days 3:39 hours
Hyper-V role detected

CPU: total 16 (initial active 16) (8 cores per cpu, 2 threads per core) family 6 model 141 stepping 1 microcode 0x34, cx8, cmov, fxsr, ht, mmx, 3dnowpref, sse, sse2, sse3, ssse3, sse4.1, sse4.2, popcnt, lzcnt, tsc, tscinvbit, avx, avx2, aes, erms, clmul, bmi1, bmi2, adx, avx512f, avx512dq, avx512cd, avx512bw, avx512vl, sha, fma, vzeroupper, avx512_vpopcntdq, avx512_vpclmulqdq, avx512_vaes, avx512_vnni, clflush, clflushopt, clwb, avx512_vbmi2, avx512_vbmi, hv, rdtscp, rdpid, fsrm, gfni, avx512_bitalg, f16c, cet_ibt, cet_ss, avx512_ifma
Processor Information for the first 16 processors :
  Max Mhz: 2304, Current Mhz: 2304, Mhz Limit: 2304

Memory: 4k page, system-wide physical 16085M (1247M free)
TotalPageFile size 34585M (AvailPageFile size 0M)
current process WorkingSet (physical memory assigned to process): 259M, peak: 439M
current process commit charge ("private bytes"): 507M, peak: 524M

vm_info: OpenJDK 64-Bit Server VM (21.0.10+7-LTS) for windows-amd64 JRE (21.0.10+7-LTS), built on 2026-01-20T00:00:00Z by "admin" with MS VC++ 17.12 (VS2022)

END.
